1 | 00:47 | 1%/4%/19% | $0.2 | заступил, принял смену от hub-research-3
2 | 00:51 | 4%/9%/19% | $1.1 | тема: рост NB/NF в 6D; прототип A*-прямого дерева на aida: q1 (6D+g, NB6000 NF800) база 0 попаданий, A* wh=3 — 30 попаданий; жду остальные
3 | 01:00 | 6%/12%/20% | $1.5 | объясняю пользователю метод по шагам (DI, шаг 5 — V и обратный CFL); на aida идут прогоны A*-прямого дерева 6D (~/spore_v5/r4), разбор после разговора
4 | 01:30 | 8%/14%/20% | $2.0 | объясняю пользователю DI по шагам (шаг 6 — агент по ∇V, вопрос про V в 5 точках); картинка explain_di_v.png; правило картинок в деке → ARCHITECTURE_CURRENT.md; прогоны A* 6D на aida ждут разбора
5 | 01:57 | ?/?/20% | $3 | объяснение пользователю DI шаги 1–8 (картинки explain_di_*.png), пользователь ушёл спать — продолжить завтра с маятника; A*-прямое дерево 6D: без SLSQP q1 0→30 попаданий, q2 0→7 (NF3000); идёт проверка SLSQP на aida
6 | 02:00 | 15%/20%/21% | $5.5 | A*-прямое дерево 6D (3 зв.+g вниз, NB6000, SLSQP): NF800 база 2/4 → A* 3/4 (q1 2.77 = база NF3000); жду q2 при A* NF3000, потом заметка + сообщение worker'у
7 | 02:03 | 15%/21%/21% | $6 | A*-дерево 6D готово: NF800 3/4 (база 2/4), NB6000 NF3000 4/4; заметка+PLAN+worker-7 (УСПЕХ); коммит; жду пользователя завтра (объяснение с шага 9 — маятник)
8 | 02:30 | 17%/21%/21% | $6.4 | без изменений: A*-дерево 6D сдано (f08ce88, worker-7 уведомлён); idle до пользователя (объяснение с шага 9 — маятник)
9 | 03:00 | 17%/21%/22% | $6.5 | без изменений: idle до пользователя (объяснение с шага 9 — маятник); A*-дерево 6D сдано worker-7
10 | 03:30 | 18%/21%/22% | $6.6 | без изменений: idle до пользователя (объяснение с шага 9 — маятник)
11 | 04:00 | 18%/21%/22% | $6.7 | без изменений: idle до пользователя (объяснение с шага 9 — маятник)
12 | 04:30 | 19%/22%/22% | $6.8 | без изменений: idle до пользователя (объяснение с шага 9 — маятник)
13 | 05:00 | 0%/22%/22% | $6.9 | без изменений: idle до пользователя (объяснение с шага 9 — маятник)
14 | 05:30 | 4%/22%/22% | $7.0 | без изменений: idle до пользователя (объяснение с шага 9 — маятник)
15 | 06:00 | 5%/22%/22% | $7.1 | без изменений: idle до пользователя (объяснение с шага 9 — маятник)
16 | 06:30 | 6%/22%/22% | $7.2 | без изменений: idle до пользователя (объяснение с шага 9 — маятник)
17 | 07:00 | 6%/22%/23% | $7.3 | без изменений: idle до пользователя (объяснение с шага 9 — маятник)
18 | 07:30 | 6%/22%/23% | $7.4 | без изменений: idle до пользователя (объяснение с шага 9 — маятник)
19 | 08:00 | 7%/22%/23% | $7.5 | без изменений: idle до пользователя (объяснение с шага 9 — маятник)
20 | 08:30 | 8%/22%/23% | $7.6 | без изменений: idle до пользователя (объяснение с шага 9 — маятник)
21 | 09:00 | 8%/23%/23% | $7.7 | без изменений: idle до пользователя (объяснение с шага 9 — маятник)
22 | 09:30 | 8%/23%/23% | $7.8 | без изменений: idle до пользователя (объяснение с шага 9 — маятник)
23 | 10:00 | 0%/23%/23% | $7.9 | без изменений: idle до пользователя (объяснение с шага 9 — маятник)
24 | 10:30 | 1%/23%/23% | $8.0 | без изменений: idle до пользователя (объяснение с шага 9 — маятник)
25 | 11:00 | 1%/23%/23% | $8.1 | без изменений: idle до пользователя (объяснение с шага 9 — маятник)
26 | 11:30 | 1%/23%/23% | $8.2 | без изменений: idle до пользователя (объяснение с шага 9 — маятник)
27 | 12:00 | 1%/23%/23% | $8.3 | без изменений: idle до пользователя (объяснение с шага 9 — маятник)
28 | 12:30 | 1%/23%/23% | $8.4 | без изменений: idle до пользователя (объяснение с шага 9 — маятник)
29 | 13:00 | 2%/23%/23% | $8.5 | без изменений: idle до пользователя (объяснение с шага 9 — маятник)
30 | 13:30 | 2%/23%/23% | $8.6 | без изменений: idle до пользователя (объяснение с шага 9 — маятник)
31 | 14:00 | 2%/24%/23% | $8.7 | без изменений: idle до пользователя (объяснение с шага 9 — маятник)
32 | 14:30 | 2%/24%/23% | $8.8 | без изменений: idle до пользователя (объяснение с шага 9 — маятник)
33 | 15:00 | 3%/25%/23% | $9.5 | слово пользователя: |ω|≤WM физичен, новая задача двойной маятник (2 мотора) → PLAN 0ж, worker-9 уведомлён (УСПЕХ), коммит dc8d51e; дальше idle до пользователя (объяснение с маятника)
34 | 15:30 | 3%/26%/23% | $9.6 | без изменений: idle до пользователя (объяснение с маятника); PLAN 0ж у worker-9
35 | 16:00 | 3%/26%/24% | $9.7 | без изменений: idle до пользователя (объяснение с маятника)
36 | 16:30 | 6%/27%/24% | $10.5 | объяснение пользователю: шаг 9 маятник (explain_pend.png), картинка клеток адаптивного DI (explain_di_cells.png); пользователь: клетка = локальная лин./квадр. модель динамики, минимальное перекрытие — реализация отошла; предложил прототип клетки с локальной моделью на маятнике, жду ответа
37 | 17:00 | 11%/30%/24% | $12 | объяснение: маятник, дифдрайв (explain_dd.png); слова пользователя по v7 (гало 10%, эллипс-кольца, итеративное покрытие, V без читерства, ω/√(g/l)) → PLAN 0з, worker-9 получил; фон aida: накачка+LQR vs оптимум маятника
38 | 17:30 | 19%/36%/26% | $18 | роль searcher (рутина, pulse.py SearcherPulse 5 мин, 35/50), журнал рассказа, задача research «спектр управлений»; жду cell_model_size на aida → заметка → смена (ctx близко к 40%)
39 | 17:31 | 20%/36%/26% | $19 | закончил смену: handoff, next=hub-research-6 (спектр управлений)
