2026-09-29 17:44:22 | заступил, первое звено research (hub-research-1)
2026-09-29 17:45:02 | старт закончен (1abd942); вопросов research в PLAN нет; кандидат-тема — PLAN п.2 (почему дуги/B не сходятся по h: теория полулагранжевых схем HJB, условие h/dt→0, T Гёльдера-½ у цели)
2026-09-29 17:53:10 | задача пользователя: сопоставить переписку (Phase-Atlas/SPORE) с v4/v5, объяснить на DI, критика; итог потом в source_doc.md
1 | 18:00 | 4%/11%/8% | $1.28 | разбор переписки SPORE/Phase-Atlas vs v4 (споры Ursina: ortho_grid, circle) и v5 (атлас c,d) отдан пользователю; жду ответа на 3 вопроса (цель метода, торцы спор, путь файла) → затем docs/source_doc.md
2 | 18:30 | 5%/11%/8% | $1.44 | черновик reports/research/source_doc_draft.md (8 разделов, рекомендации помечены); жду ответов пользователя → docs/source_doc.md
2026-09-29 18:54:38 | обсуждение v6: термины (клетка/спора), V на выходе клетки, коридор (dt_i,u_i), нормировка, переключение на фронтах
1 | 19:00 | 9%/15%/9% | $2.37 | черновик source_doc переписан под v6 (клетка/спора, атлас, V по клеткам, коридор); открыто: имя точки, V в центре/на выходе, переключение на фронтах
2026-09-29 19:10:14 | коридор research → 40/50/60 (pulse.py, роль), разделение ролей в роли; тест DI: позднее переключение на δ даёт потерю ≈4√δ (0.05→0.86, 0.1→1.28, 0.2→1.96)
2026-09-29 19:11:12 | обсуждение: плотность точек по гессиану V — да, h_i=√(8tol/|λ_i|), только поперёк потока (вдоль Q_k линейна по t); излом/цель — h_min + min двух интерполянтов (v5: max .278→.159)
2026-09-29 19:20:44 | source_doc v6 (be657e2), worker-3 → v6, сторож туннеля aida; очередь: гессиан-тест, ссылки, прототип ∇V-переключения, числа ρ/r/τ
2026-09-29 19:23:43 | тест ∇V-переключения DI: h=.1 20/20 (T/T* 1.017), h=.4 6/20 — нужна клетка цели
1 | 19:30 | 17%/21%/10% | $5.04 | тест ∇V-переключения DI сделан (ec4252e); TASK: +дифдрайв с препятствиями, манипулятор; дальше — клетка цели для крупных клеток
2026-09-29 19:30:34 | клетка цели R≈h → 20/20 (h=.4, T/T* 1.036); worker уведомлён
1 | 20:00 | 19%/21%/10% | $5.37 | клетка цели проверена (a2ccdec, 20/20); сейчас — тест плотности точек сечения по гессиану
2026-09-29 20:01:01 | гессиан-тест: по |V''| ошибка −15…−54% (N=3…9), 96% сечений лучше
1 | 20:30 | 22%/22%/11% | $6.31 | ссылки source_doc проверены (22a219a); ответ worker: V графа — τ≈√h (mean −0.04/−0.08 вместо −1.1/−1.3), заметка v6_value_tau
2 | 21:00 | 25%/23%/11% | $6.72 | остаточная ошибка V (−1.5 при τ=√h) — накопление на длинных путях, не кривая/цель; медленно сходится (−1.41→−1.20); дальше — маятник на бумаге
3 | 21:30 | 27%/24%/11% | $7.11 | маятник для v6 на бумаге (pendulum_plan.md): u_max .3/.5, цилиндр, λ седла, эталон мелкой сеткой на aida; дальше — дифдрайв v6 на бумаге
4 | 22:00 | 3%/25%/12% | $7.70 | дифдрайв v6 на бумаге (diffdrive_v6_plan.md): клетки слоя — копии шаблона по SE(2), U-ромб + эталон Balkcom–Mason; дальше — отправить worker при переходе к дифдрайву, манипулятор на бумаге
5 | 22:30 | 6%/25%/12% | $8.03 | манипулятор v6 на бумаге (manipulator_plan.md, 5 ступеней, эталоны); дальше — сверка шагов worker с source_doc, вопросы worker
6 | 23:00 | 8%/26%/13% | $8.56 | считаю радиус LQR-клетки цели наверху маятника (u .3/.5/.8, R .1/1/10, проверка нелинейной симуляцией); идёт в фоне
2026-09-29 23:10:13 | LQR-клетка цели: R=10, эллипс 1.5c (u=.3: |φ|≤.66), 100% сход до ×2; worker-4 уведомлён
1 | 23:30 | 12%/27%/13% | $9.53 | n-мерные: решение — тройной интегратор + плоский DI |a|≤1 с K направлениями (ndim_plan.md); worker-4 на атласе дифдрайва (ромб-U)
2 | 00:00 | 13%/27%/13% | $10.04 | эталон дифдрайва ромб-U: TGTGT лучше TGT до −37% на боковых сдвигах (dd_rhombus_ref), worker-4 уведомлён; дальше — тест K-угольника плоского DI
3 | 00:30 | 14%/28%/13% | $10.41 | плоский DI K-угольник: моя оценка 1/√cos занижала; со скоростью max до 1/cos (K=8: mean 3.4%, max 6.5%) — исправлено в ndim_plan
4 | 01:00 | 15%/28%/13% | $11.15 | worker-4 сверил дифдрайв с эталоном TGTGT (V/эт mean 1.05, max 1.28); у него τ=h/2 — гоняю check_dd_vs_ref с τ=.25/.5/.75 (фон)
2026-09-30 01:05:23 | dd τ-прогон: τ=h лучше (1.037/1.232), √h хуже (1.50/2.17) — правило τ≈√h не универсально, исправлено; worker-4 уведомлён
1 | 01:30 | 17%/29%/14% | $12.07 | эталон кинематич. манипулятора готов (manip_kin_ref.py: формула + Дейкстра L∞ на торе, точна до 3e-15); дальше — τ на слой для дифдрайва (гипотеза)
2 | 02:00 | 19%/30%/14% | $12.89 | τ на слой для dd — отрицательно (поворот h/hθ/hθ/2 одинаково 1.037/1.232; ошибка от прямых); dd_rhombus_ref больше не гоняет тест при импорте
3 | 02:30 | 20%/31%/14% | $13.53 | худшие позы dd — не змейка, а «почти по курсу» (|θ|<.2, |xy|~1.5); мельчение θ (nth 24→96) УХУДШАЕТ (1.23→2.49); разделяю: окно цели Rθ vs выравнивание τ поворота (фон)
2026-09-30 02:38:42 | dd атлас: мельчить xy (h .125: max 1.17), θ-мельчение вредит, окно цели физическое, эталон до окна — dd_atlas_refine.md, worker-4 уведомлён
1 | 03:00 | 4%/32%/15% | $15.32 | заметил: v6 везде на равномерной сетке, суть SPORE (адаптив) не проверена → план эксперимента adaptive_vs_grid.md, PLAN 0в(д), worker-4 уведомлён
2 | 03:30 | 5%/33%/15% | $15.78 | H1 подтверждена worker-4 на DI (117 спор, V/T* 1.022 vs сетка 2401: 1.30); следующий шаг — дерево цепочек с отсечением по ядрам, маятник u=.3; worker-5 уведомлён
3 | 04:00 | 6%/33%/15% | $16.25 | H1 на маятнике подтверждена worker-5 (N=400≈сетка 7776), но неустойчиво при малом N; предложил стыковку деревьев, A* к обратному дереву, горизонт без оракула
4 | 04:30 | 7%/34%/15% | $16.60 | worker-5: мои №1–3 (стык по расстоянию, Делоне-горизонт) не работают — признал; предложил №4 точную стыковку пересечением (верхняя оценка без оракула)
5 | 05:00 | 8%/34%/15% | $16.98 | №4 стык пересечением работает честно (0.85–1.08), покрытие 4–6/8 — совет: делить глубину переключений между деревьями (2+1+1), ядро в норм. коорд.
6 | 05:30 | 9%/35%/15% | $17.35 | маятник: стык пересечением 8/8, ~400 спор, V/эт .97 без оракула — H1 подтверждена; итог ночи в RESEARCH_HANDOFF + JOURNAL
7 | 06:00 | 9%/35%/15% | $17.64 | стыковка в nD на бумаге (docking_nd.md): листы из обратных цепочек от границы окна + проверка проигрышем; worker-5 уведомлён
8 | 06:30 | 10%/36%/15% | $18.14 | H2 подтверждена: сдвиг спор на σ=.01 → V/T* 1.022→1.306 (.1 → 2.07); выравнивание цепочек — ключ; worker-5 уведомлён
9 | 07:00 | 11%/36%/16% | $18.73 | worker-5: nD-стык проигрышем на дифдрайве 9/10, ~600 спор vs сетка 10⁴; сделал эталон до окна (dd_window_ref.py: окно даёт −16%), worker уведомлён
10 | 07:30 | 12%/37%/16% | $19.09 | worker-5: dd 3D честно против окна — 10/10 при ~1200 спор, V/ref_window ≈1.07; хендофф research обновлён; финиш звена — у 40%
11 | 08:00 | 1%/37%/16% | $19.47 | уточняю ref_window: змейка TGTGT прямо в окно (SLSQP с неравенствами), считается в фоне; потом финиш звена
2026-09-30 08:02:33 | ref_window2 (змейка в окно): эталон ниже на 2.8%/до 18% — 0.86 у worker объяснено; worker-5 уведомлён
1 | 08:30 | 2%/38%/16% | $20.273002600000012 | закончил смену: ctx 38%, next=hub-research-2
