2026-10-03 16:31:13 | IDX 1 | заступил, принял смену от hub-v5chain-research-9
2026-10-03 16:32:06 | IDX 2 | старт закрыт (4e8b659); очередь ddo ждёт памяти (MemAvail .85 ГБ, worker-14 держит 4D 60k + дд 3000 obst), dp2 R .6 сцеплена за ней; беру п.1 — двойной маятник
2026-10-03 16:59:48 | IDX 3 | дп: R .6 (очередь) — 0.6 пар/узел, BIG 98% — гипотеза 1 отклонена; рост обратным деревом + перенос нормали (TR=1) 1500 спор: BIG 28% (было 98%), 1.8 пар/узел; запросы — прямым мини-деревом (butterfly_dp_query.py), считается; раннер ел stdin очереди — починен
1 | 17:00 | 14/12/2 | $2.14 | старт сделан (4e8b659); дп: R .6 отклонена (0.6 пар/узел, BIG 98%); рост спор обратным деревом + перенос нормали (TR=1, 1500 спор): BIG 28%, 1.8 пар/узел; запрос прямым мини-деревом (butterfly_dp_query.py) ждёт сборки атласа в очереди; дальше — 4000 спор, затем сравнение с OCP 5.098
2 | 17:30 | 18/14/2 | $3.3150447999999995 | дп: прямое+обратное дерево бабочек — старт «висит» связан, агент по рёбрам T 14.22 (V 14.26, OCP 5.10, ×2.8), коммит b5cfcc9; очередь: 4000+4000 FR=1/FR=0 считается; дальше — больше перекрёстных пар (Ньютон с нескольких τ), если плотность не поможет
3 | 18:00 | 19/15/3 | $3.6 | дп 4000+4000: T 10.94 (V 10.99, ×2.15 OCP; было ×2.8 на 3000 спор), прямых связано 10%, пары 26 мин; FR=0 считается; проверяю, теряет ли Ньютон пары из-за старта (первый замер — без фильтра |s|≤R, пересчитываю)
2026-10-03 18:27:59 | IDX 4 | дп: FR=0 4000+4000 T 11.38 (FR=1 10.94) — уровни не важны; Ньютон пар не теряет (старты τ/t +0.4%); ЭЛЛИПС (g+V ≤ 1.1·T_best, концепция пользователя): +100 спор → T 14.22→12.81; в очереди 6 раундов × 500
4 | 18:30 | 22/17/3 | $4.5 | дп: 4000+4000 ×2.15 OCP; Ньютон пар не теряет; эллипс (g+V ≤ 1.1·T_best) +100 спор → T 14.22→12.81, коммит 6a7b009; очередь: R .3/.6 на выращенных спорах, затем 6 раундов эллипса × 500; дальше — при сходимости к 5.10 эллипс задачей worker'у
5 | 19:00 | 22/17/3 | $4.7 | дп R на выращенных 1500+1500: R .3 T 11.86, R .6 T 11.07 (×2.17, пар 2.5/узел, прямых связано 50%, 829 с); 4000+4000 R .15 10.94; эллипс 6×500 считается с 18:43; дальше — сравнить эллипс с R/N, лучшее — worker'у
6 | 19:30 | 23/17/3 | $4.8 | дп эллипс 6×500 идёт 47 мин (вывод буферизуется grep|cut раннера — увижу в конце); прочее без изменений; дальше — итог эллипса против R .6/N 8000, затем эллипс + R .6
2026-10-03 19:58:23 | IDX 7 | эллипс 6×500: T 8.61 (×1.69 OCP) против 10.94 у 8000 «везде»; задача 5 worker-15 (доставлено); 10 раундов с запасными рёбрами — считается
8 | 20:00 | 27/18/4 | $5.6 | дп эллипс 6×500: T 8.61 (×1.69 OCP; 8000 «везде» 10.94); задача 5 worker-15 (PLAN, доставлено); 10 раундов с запасными рёбрами идут с 19:57; дальше — сходимость к 5.10, затем эталон дд+2 диска
9 | 20:30 | 29/20/4 | $6.3 | дп: 10 раундов эллипса идут (6 раундов дали T 8.61, ×1.69 OCP); дд+2 диска: эталон графом «прямые + повороты на месте» (обход диска ломаной = дуга ромба, (ρ+1)β), без дисков 1.005 от точного на сетке 11×11, уплотняю 21/31 и считаю с дисками; дальше — T/эталон для бабочек дд с дисками
2026-10-03 20:38:02 | IDX 10 | эталон дд+2 диска (граф прямые+повороты): бабочки 1.057; агент маятника: тёплый Ньютон уводит за отрезок — запасное мини-дерево, T 8.80 на атласе раунда 2; PLAN п.6; эллипс 10 раундов идёт
11 | 21:00 | 3/21/4 | $7.3 | эталон дд+2 диска (граф прямые+повороты, бабочки 1.057) → PLAN п.6; агент маятника с запасным мини-деревом T 8.80 (раунд 2); эллипс 10 раундов идёт (сохранено раундов: 5); дальше — переоценить раунды новым агентом, сходимость к 5.10
12 | 21:30 | 8/22/5 | $8 | worker-15 не воспроизводил базу дп — у меня воспроизводится побитно (19955 пар, V 14.258), ответ с командой/md5 доставлен + PLAN п.5; эллипс 10 раундов идёт; дальше — переоценка раундов новым агентом
13 | 22:00 | 9/22/5 | $8.2 | эллипс 10 раундов идёт (раунды ~25+ мин); запускаю переоценку сохранённых раундов агентом с мини-деревом; дальше — сходимость T к 5.10
14 | 22:30 | 11/23/5 | $8.4 | эллипс: раунды идут (сохранено 8/10); переоценка всех раундов новым агентом сцеплена следом; очередь worker'а: п.1,2,3,5,6 открыты
15 | 23:00 | 12/23/5 | $8.5 | эллипс: сохранено 8/10 раундов; переоценка новым агентом сцеплена следом; без новых результатов
16 | 23:30 | 13/23/6 | $8.6 | эллипс: 9/10 раундов (раунд 9 — 45 мин, растёт: пары у старых соседей), 10-й ~23:55; затем переоценка всех раундов новым агентом
2026-10-03 23:57:16 | IDX 17 | эллипс по ценам 10 раундов: 8082 споры V 8.00, T 7.9–8.0 (×1.55 OCP), плато с раунда 8 — эллипс по g+V атласа запирает в найденной гомотопии; ставлю геометрический эллипс кольцами (концепция пользователя) после переоценки
18 | 00:00 | 17/24/6 | $9.3 | эллипс по ценам: 8082 споры V 8.00, T ~8.0 (×1.55 OCP), плато — коммит a500c9f; переоценка раундов новым агентом идёт; следом геометрический эллипс кольцами (концепция пользователя), ~4 ч
19 | 00:30 | 17/24/6 | $9.4 | переоценка раундов: совпадает с прогоном, кроме р.2–3 (теперь 8.80 с мини-деревом вместо срыва); геометрический эллипс кольцами считается; следом — агент «всегда мини-дерево» на р.6/10 (короче ли графа)
20 | 01:00 | 18/25/6 | $9.5 | геометрический эллипс кольцами идёт (3 строк раундов); следом FORCEPLAN на р.6/10
21 | 01:30 | 21/25/7 | $9.6 | геометрический эллипс: 3 строк раундов, V пока 14.26 (не сдвинулся) — споры вокруг прямой старт–цель не на пути раскачки; ждём остальные раунды
22 | 02:00 | 0/25/7 | $9.7 | геометрический эллипс кольцами (концепция пользователя): 6 раундов, +3000 спор — V старта 14.258 не сдвинулся ни разу (эллипс по ценам на тех же спорах: 8.86); раунды 7–10 досчитываются, затем FORCEPLAN
23 | 02:30 | 2/25/7 | $9.8 | гео-эллипс: заметка о неработе в метрике вложения записана (коммит), досчитываются раунды 7–10; затем FORCEPLAN
24 | 03:00 | 3/26/7 | $9.9 | гео-эллипс остановлен после 7 раундов (V 14.258 без изменений, вывод ясен); очередь перешла к FORCEPLAN на р.6/10 эллипса по ценам
2026-10-04 03:12:12 | IDX 25 | ПРОРЫВ дп: агент мини-дерево на каждом шаге — T 5.376 (×1.054 OCP) на р.10, 5.491 на р.6 (по графу 8.0); worker-15 уведомлён; контроль (база/р.2/р.4/4000+4000) в очереди
26 | 03:30 | 7/26/8 | $10.5 | дп: агент «мини-дерево на каждом шаге» T 5.376 (×1.054 OCP) на р.10 эллипса — коммит 6c86086, worker-15 уведомлён (PLAN п.5); идёт контроль того же агента на базе/р.2/р.4/4000+4000
27 | 04:00 | 11/27/8 | $10.8 | контроль: 4000+4000 без эллипса + агент-дерево 9.72 vs эллипс 5.38 (на 8082 спорах) — нужны оба; запущен g=2 (v6 не решил, OCP 7.636): база + 8 раундов эллипса + агент, на ночь
28 | 04:30 | 12/27/8 | $11 | g=2: база 1500+1500 — старт не связан (V BIG, прямых связано 0%); эллипс при T_best = BIG растит только прямое дерево (g + 1000 ≤ 1100) — раунды идут, смотрю, свяжется ли
29 | 05:00 | 13/27/8 | $11.1 | g=2: 2 раунда эллипса (4082 споры) — старт ещё не связан (V BIG, конечных центров 18%); прямое дерево растёт, жду связи
30 | 05:30 | 14/28/8 | $11.3 | g=2: 3 раунда без связи — баг эллипса: при T_best=BIG обратное дерево (g=∞) выпадало, росло только прямое; исправлено (без пути — растут оба), g=2 перезапущен с базы
31 | 06:00 | 16/28/9 | $11.4 | g=2 (исправленный эллипс): 2 раунда, 4082 споры — старт ещё не связан, но конечных центров 23% (было 18% при росте только прямого); ell3.npz — старый, перезапишется
32 | 06:30 | 18/28/9 | $11.6 | g=2: 3 раунда без связи; диагноз — разрыв энергии: прямое дерево E ≤ −2.95 (старт −7), обратное ≥ +2.35 (цель +7); добавлен выбор родителя по уровню (g/V) + прямое растёт вперёд, обратное назад; перезапущен
33 | 07:00 | 2/29/10 | $11.8 | g=2 с ростом по уровню: раунд 1 (3582 споры) — разрыв энергии сузился немного: прямое E max −2.56 (было −2.95 за 3 раунда), обратное E min 2.72; старт не связан; идут раунды 2–8
2026-10-04 07:00:57 | IDX 34 | g=2 раунд 2 (4082): разрыв энергии сужается — прямое E max −1.74, обратное E min 2.16 (зазор 3.9, было 5.3); ждём встречи в раундах 3–6
35 | 07:30 | 4/29/10 | $12 | g=2 раунд 3 (4582): прямое E max −1.40, обратное E min 2.16 (зазор 3.6); старт не связан; раунды 4–8 идут (~20 мин каждый)
36 | 08:00 | 6/30/10 | $12.2 | g=2 раунд 4 (5082): прямое E max −0.90 (+.4/раунд), обратное застряло на 2.16; старт не связан; в очередь добавлено продолжение +6 раундов от ell8 и агент на нём
37 | 08:30 | 9/30/11 | $12.5 | g=2: обратное дерево стояло (Vmax 8.4, 485 спор без V) — ребро в центр родителя гибло из-за веса 1e-7 у соседа с BIG; привязка |a|<1e-4 (центров с V 35%→42% на р.5); g=2 перезапущен с базы, 12 раундов + агент
38 | 09:00 | 12/31/11 | $12.7 | g=2 с привязкой: раунд 1 (3582) — обратное дерево E min 1.17 (без привязки 2.72), прямое −2.56; зазор 3.7 после 1 раунда (было 5.3); идут раунды 2–12
39 | 09:30 | 14/31/11 | $12.9 | g=2: р.3 (4582) — прямое E max −1.62, обратное E min 0.52, зазор 2.1 (р.1: 3.7); старт не связан; раунды 4–12 идут
40 | 10:00 | 15/31/11 | $13 | g=2: р.4 (5082) — прямое E max −1.62 (стоит 2 раунда), обратное E min 0.19, зазор 1.8; старт не связан; раунды 5–12 идут
41 | 10:30 | 16/31/11 | $13.1 | g=2: р.5 (5582) — прямое E max −1.17, обратное E min 0.19, зазор 1.4; старт не связан; раунды 6–12 идут
42 | 11:00 | 18/32/12 | $13.3 | g=2: р.6 (6082) — прямое E max −1.03, обратное 0.19 (стоит 3 раунда), зазор 1.2; старт не связан; раунды 7–12 идут
43 | 11:30 | 20/32/12 | $13.5 | g=2: р.6 — деревья в окне пар (ближайшие box .64–.85 ≤ WIN 1), но пар нет (отрезок × трубка); добавлен CONNECT (веер дуг из ближайших пар навстречу, как RRT-Connect); запущено 6 раундов от ell6
44 | 12:00 | 1/32/12 | $13.6 | g=2 CONNECT: раунд 1 от ell6 ещё считается (~30 мин/раунд на 6000+ спорах); ждём
45 | 12:30 | 4/33/13 | $13.8 | g=2 CONNECT р.1 (6582): старт не связан; деревья ближе — мин. расстояние fwd–bwd в вложении .42 → .32 (fwd 3367, bwd 3026 спор); раунды 2–6 идут
46 | 13:00 | 6/33/13 | $13.9 | g=2 CONNECT: раунд 2 считается (~35 мин/раунд); после р.1 старт не связан, fwd–bwd .32; ждём
47 | 13:30 | 9/33/13 | $14.2 | g=2: CONNECT 2 раунда (7082) — не связан; связь двумя дугами на 20 ближайших парах 0/20 (решатель исправен, самотест 18/20) — деревья динамически далеки; коммит; раунды 3–6 идут; ctx 33% — у 40% хендофф
48 | 14:00 | 11/34/13 | $14.3 | g=2 CONNECT: раунд 3 считается; старт не связан; следующий пульс — хендофф research-11 (ctx ~35–40%)
49 | 14:30 | 13/34/14 | $18 | закончил смену: ctx 34%, хендофф готов, g=2 queue_g2d идёт (setsid), next=hub-v5chain-research-11
