2026-10-04 14:31:16 | IDX 1 | заступил, принял смену от hub-v5chain-research-10
2026-10-04 14:31:53 | IDX 2 | старт закрыт; queue_g2d идёт (раунд 4/6, старт не связан, 7582 споры); беру g=2 — почему деревья не связываются
2026-10-04 14:35:55 | IDX 3 | g=2 диагноз: путь OCP не покрыт на t 1.9–5.1 (сложенная рука q2≈2.5–2.9); причина — выбор родителя по уровню; смещение Вороного на центрах 3000+3000: покрытие пути 38→86%, деревья .24→.06; атласы с парами считаются на aida r11 (RRT 3000/6000 + контроль)
2026-10-04 14:50:50 | IDX 4 | g=2: Вороной 3000+3000/6000+6000 с парами — старт НЕ связан (fwd_finite 0/2%); найдено: рёбер из спор без V в споры с V 198 (RRT) / 408 (контроль), все гибнут на интерполяции (сосед-узел BIG; вне центра конечны 14–38% узлов); лечение «ленивые узлы» dp_g2_lazy.py считается на aida (раунд 1: 989/4000 новых с V)
1 | 15:00 | 9/14/12 | $2.1 | g=2 СВЯЗАН впервые: Вороной (RRT=1) + ленивые узлы (dp_g2_lazy.py) на aida — V старта 23.4 (3000+3000) / 21.1 (6000+6000), OCP 7.636; контроль без Вороного после 2 раундов не связан; раунды идут, дальше эллипс + FORCEPLAN
2 | 15:30 | 10/14/13 | $2.3 | g=2: агент по рёбрам ДОШЁЛ — T 20.92 (×2.74 OCP 7.636), 50 дуг, wmax 2.61 (Вороной 6000+6000 + ленивые узлы); контроль без Вороного 4 раунда — не связан; запущена цепочка на aida chain_g2a: ленивые узлы 4 р. → эллипс 8 р. → FORCEPLAN
2026-10-04 15:45:19 | IDX 5 | g=2: ленивые узлы только-мостики (FROMSTART=1) — связь за 1 раунд, 15345 спор вместо 44082, V 21.2, T 22.0; UMAX .7/.5 — BIG 70/66% (гипотеза запаса отклонена); CAP 2000 случайных — не связан; на aida идут run_g2a/b: эллипс 8 р. → FORCEPLAN; сам убил свою цепочку pkill'ом (грабли из хендоффа) — перезапущено
3 | 16:00 | 14/16/13 | $3.0 | g=2: мостики связали оба атласа (10121 спора V 24.6 T 23.4, wmax 3.06 > 3 — проверить; 15345 спор V 21.2 T 22.0); эллипс 8 р. на aida идёт (раунд 1 ещё не напечатан), дальше FORCEPLAN; queue_g2d на хабе — раунд ≥3, не связан
4 | 16:30 | 15/16/13 | $3.1 | g=2 эллипс медленный: V 24.55→24.20 (2 р., 40 мин), 21.17→20.73 (1 р.); гипотеза: правило BIG-соседа режет и СРЕЗКИ (то же плато ×1.55 у g=1) — IMPROVE=1 в dp_g2_lazy (ленивые узлы для улучшающих приходов в эллипсе) запущен на aida для g=2 и g=1 ell10
5 | 17:00 | 1/17/13 | $3.5 | g=2 FORCEPLAN на мостиках 15345 спор: T 14.97 (×1.96), НО wmax 4.16 > 3 — недопустимо (агент не проверял |w| вдоль дуги) → WCHK=1 в butterfly_dp_query, перезапуск на 3 атласах (aida wq/); срезки IMPROVE — V без изменений (g=2 21.0, g=1 8.004) — гипотеза отклонена, остановлено; queue_g2d на хабе остановлена (старый подход, 5.5 ч, не связан); эллипс g2a/g2b идёт (р.2: 24.2 / 20.7)
6 | 17:30 | 3/18/14 | $3.9 | g=2 ДОПУСТИМЫЙ результат: FORCEPLAN+WCHK на мостиках+эллипс р.1 (15845 спор) T 14.62 = ×1.91 OCP, wmax 2.95; на двух других атласах wmax 3.23 (проверка 10 шагов грубая) T 15.8/20.2; эллипс р.3 считается >1 ч; делаю «пул траекторий»: путь агента → споры в атлас → повтор (концепция: запрос — своё прямое дерево в общий пул)
7 | 18:00 | 5/19/14 | $4 | g=2: пул траекторий ит.0 = T 14.618 ×1.914 (воспроизвёл с проверкой |w| 30 шагов, wmax 2.95), ит.1 считается (проход агента 21 мин); эллипс g2a р.3: V 23.29 T 23.17 (85 мин/раунд), g2b р.3 идёт
8 | 18:30 | 6/20/14 | $4.6 | g=2: пул траекторий v1 НЕ сработал — 51 спора, V 20.73→20.66, T 15.74 (хуже, wmax 3.05): цепочка пути рвалась (12/51 центров без V, пары не находят свою же дугу) → v2: точные рёбра пути вставляются напрямую, перезапуск; эллипс g2a р.4 без улучшения (V 23.285) — встал
9 | 19:00 | 7/20/14 | $4.8 | g=2: пул v2 ит.0 = 14.618, ит.1 считается; эллипс g2a р.5: V 23.25, агент по рёбрам потерял путь (T ∞) — эллипс бесполезен; запущена перепроверка g=1 с привязкой (FORCEPLAN на ell10, WCHK 0/1, aida wq/)
10 | 19:30 | 9/20/14 | $5 | g=1 с привязкой: T 5.376 подтверждён (WCHK 0/1 одинаково, wmax 2.11) — п.2 хендоффа закрыт; g=2 пул v2: V старта 14.69 (цепочка цела), но агент ит.1 T 15.0 (хуже 14.62) — мини-дерево не срезает; эллипс g2b р.5 V 20.5; проверяю рост с выбором родителя «дешёвый из k ближайших» (пути деревьев втрое длиннее эталона)
11 | 20:00 | 11/22/15 | $5.5 | g=2: рост KN=4 KF=1.3 (дешёвый из 4 ближайших) 6000+6000 — старт связан БЕЗ ленивых узлов, V 14.48 (было 21.2), агент по рёбрам T 14.46 ×1.894 (wmax 3.09 — чуть выше предела); FORCEPLAN+WCHK на нём считается; пул траекторий ит.2: T 14.32 ×1.876
12 | 20:30 | 12/22/15 | $5.7 | g=2 атлас KN=4: FORCEPLAN встал на 2-й дуге (T ∞): план хрупок — приход точно в узел с BIG-соседом ломается от сдвига 1e-4 (мало конечных узлов, fwd_finite 7%); правка: откат на рёбра при неудаче плана + проверка SNAPA 1e-2, перезапуск на aida kn/; пул ит.3 считается
13 | 21:00 | 14/23/15 | $6 | g=2: агент на атласе KN=4 не доходит (SNAPA 1e-4: 2 дуги, 1e-2: 7 дуг, T ∞) — хрупкость от BIG-узлов подтверждается; пул ит.3 T 14.63 (колеблется 14.3–15.0, не сходится); КОРНЕВАЯ гипотеза: каскад BIG у боковых узлов — узел ребёнка ложится МЕЖДУ узлами родителя; лечение NT=1 — не нормировать перенесённую нормаль (узел j → узел j), атласы 3000+3000 KN 1/4 считаются на aida nt1/nt4
14 | 21:30 | 17/25/16 | $6.8 | g=2: агент с запасом прошлого плана всё равно встаёт (план = одна прямая дуга, запас пуст) → после прямой дуги агент помнит спору-цель и при неудаче идёт по её рёбрам (ONK), перезапуск kn/nt1; NT+KN4 3000+3000 не связан и мостиков нет (кандидатов 0); цепочка 6000+6000 NT+KN4 перезапущена (в первой копии был старый grow без NT)
15 | 22:00 | 1/25/16 | $7.3 | g=2: агент с откатом на рёбра ДОШЁЛ на атласе KN=4 (12082 споры, без эллипса): T 11.674 = ×1.529 OCP, но wmax 3.09 (шаги по рёбрам без проверки |w|) → проверка вдоль дуги и для рёбер, перезапуск; NT 3000+3000: T 23.18 wmax 2.94; цепочка 6000+6000 NT+KN4 — считает пары
16 | 22:30 | 3/26/16 | $7.6 | g=2: пул ит.4 T 13.369 = ×1.751 (wmax 2.91) — новый лучший допустимый; агент на KN=4 с проверкой |w| у рёбер встаёт на 6-й дуге — в атласе рёбра с |w|>3 вдоль дуги (проверка была только в концах) → dp_wfilter.py (фильтр рёбер + пересчёт V) → мостики → агент, на aida kn и kn/big (NT); NT+KN4 6000: V 14.48 то же, BIG .60
17 | 23:00 | 4/26/16 | $7.9 | g=2 ДОПУСТИМЫЕ: KN=4+NT 6000+6000 после фильтра рёбер (467 из 180k с |w|>3 → V 14.48→17.85) агент T 12.34 = ×1.616 (wmax 2.96, 5 мин, без эллипса); без NT 12.46 ×1.632; пул на старом атласе ит.5 13.17 ×1.724; запущен пул траекторий на новом атласе (kn/big, 10 итераций)
18 | 23:30 | 6/27/16 | $8.2 | g=2: пул на новом атласе ит.1 T 12.331 (V старта 17.85→10.8, новые пары без фильтра |w|); пул на старом атласе ит.6 T 12.327 ×1.614 — оба около 12.3; ждут следующие итерации; worker'у отправлены задачи 9–10
19 | 00:00 | 9/27/17 | $8.4 | g=2: пул на новом атласе ит.2–3: T 12.17 / 12.20 (×1.594, новый лучший допустимый), V старта 10.2 — агент за ценой атласа не идёт (плато ~12.2); пул на старом атласе ит.7 T 15.6 (не сходится); запущены зёрна 1 и 2 полной цепочки (рост NT+KN4 6000 → фильтр |w| → мостики → агент) на aida s1/s2
20 | 00:30 | 11/28/17 | $8.8 | g=2 РАЗБРОС ПО ЗЁРНАМ велик: зерно 0 T 12.34 (×1.616), зерно 1 T 15.46 (×2.025, V 17.04), зерно 2 после фильтра |w| старт не связан (мостики 3 раунда — нет, идёт); до фильтра V 13.8–14.5 у всех трёх; пул на новом атласе ит.5 T 12.09 ×1.584 (плато)
21 | 01:00 | 12/28/17 | $9 | g=2: зерно 2 после фильтра не связалось и за 7 раундов мостиков (38852 споры) — дорожка «фильтр после построения» хрупкая; пул на новом атласе закончен: 10 итераций, T 12.09–12.2 (плато ×1.58–1.60); сделано WPAIR=1 — |w| вдоль дуги при РОСТЕ и в ПАРАХ; три зерна полной цепочки (рост → мостики ≤4 → агент) на aida wp0/wp1/wp2
22 | 01:30 | 12/28/17 | $9.3 | g=2 с WPAIR (|w| вдоль дуги при построении), 3 зерна 6000+6000: зерно 2 связано сразу V 14.35, по рёбрам T 14.28 (wmax 2.98, допустимо), агент считается; зерно 0 не связано, мостики идут (2 раунда — нет); зерно 1 не связано, кандидатов в мостики 0 — отказ; связность ненадёжна (1 из 3 сразу)
23 | 02:00 | 13/29/17 | $9.6 | g=2 WPAIR итог 3 зёрен: зерно 0 мостики 4 р. → V 16.77, агент T 15.30 (×2.00); зерно 1 отказ; зерно 2 V 14.35, рёбра T 14.28 (×1.87), FORCEPLAN зациклился (99 дуг); таблица в заметке, задача 11 worker'у (N × зерно на aida); дальше — дорост в разрыв раундами Вороного
24 | 02:30 | 18/30/18 | $10.1 | g=2 дорост в разрыв (dp_g2_regrow.py) на отказавшем зерне 1: раунд 1 (+1000 спор, 16 мин) — старт не связан, прямых 6555 / обратных 6372; раунды 2–8 идут на aida wp1
25 | 03:00 | 1/30/18 | $10.4 | g=2 дорост в разрыв СВЯЗАЛ отказавшее зерно 1 на 3-м раунде (+3000 спор, 15082): V 18.79, по рёбрам T 18.48 (×2.42, wmax 2.46); запущены: дорост дальше KEEP=1 6 раундов (падает ли V — родитель по реальным ценам) и FORCEPLAN на связанном атласе
26 | 03:30 | 1/30/18 | $10.6 | g=2 зерно 1 после дороста: FORCEPLAN T 17.18 (×2.25, wmax 2.54; по рёбрам 18.48); продолжение дороста р.1 (+1000) — V 18.788 без изменений; раунды 2–6 идут
27 | 04:00 | 2/30/18 | $10.8 | g=2: запущен разбор траектории агента против OCP (махи, энергия, складывание руки; dp_traj_dump.py на атласе зерна 0 после пула); продолжение дороста зерна 1 идёт
28 | 04:30 | 2/31/18 | $11 | g=2 разбор траектории: OCP 3 смены знака w1, накачка 1.81/с; агент (T 12.13) 5 смен знака (2 лишних маха), накачка 1.38/с (76%), класс тот же (сложенная рука); продолжение дороста р.3 V 18.75 — не сбивает; всё в заметке
29 | 05:00 | 3/31/18 | $11.2 | g=2: агент с глубиной 3 (DEP=3, TS .5/.9) на aida считается (30 мин, результата нет); продолжение дороста зерна 1 идёт (р.4+)
29a | 05:02 | 3/31/18 | $11.4 | ПОПРАВКА к строке 29: агент глубины 3 УЖЕ досчитан — T 11.541 = ×1.511 (wmax 2.97), новый лучший допустимый (глубина 2 на том же атласе 12.13, −5%); дорост зерна 1 р.4: V 18.75 → 16.15 (после 3 раундов без изменений) — мой вывод «не сбивает» преждевременен
30 | 05:30 | 4/32/18 | $11.6 | g=2: дорост зерна 1 р.5 V 16.151 (без изменений после скачка 18.75→16.15 на р.4); агенты глубины 3 (полная сетка времён на зерне 0; зерно 2) считаются, результата ещё нет; после них — поправка заметки и хендофф
31 | 06:00 | 5/32/19 | $11.9 | g=2: агенты глубины 3 (полная сетка / зерно 2) считаются 1 ч, результата нет; дорост зерна 1 — р.6 идёт (V 16.15); заметка поправлена (дорост сбивает цену ступенями; DEP=3 → 11.541 ×1.511)
32 | 06:30 | 5/32/19 | $12.1 | g=2: дорост зерна 1 закончен — 6 раундов после связи, 21082 споры, V 16.15, по рёбрам T 16.13 (×2.11, wmax 2.94); агенты глубины 3 считаются 1.5 ч (зерно 2, возможно, снова зациклился); готовлю хендофф research-12
33 | 06:31 | 6/33/19 | $12.3 | закончил смену: ctx 33%, хендофф готов, на aida идут 4 прогона агента глубины 3 (r11/kn/big, wp0, wp1, wp2), next=hub-v5chain-research-12
