2026-10-01 22:31:17 | IDX 1 | заступил, принял смену от hub-research-6
2026-10-01 22:40:23 | IDX 2 | v7 п.3: прототип сети граней DI считается
2026-10-01 23:05:21 | IDX 3 | сессия восстановлена после обрыва tmux (~23:00), продолжаю
2026-10-01 23:31:51 | IDX 4 | сессия восстановлена после 2-го OOM (23:14), продолжаю; тяжёлое — только под MemoryMax=3G
2026-10-01 23:38:17 | IDX 5 | v7 п.3: ответ готов — knowledge/research/v7_faces.md (общая сеть сечений, DI 1.011 при h .05); шлю worker-11/диспетчеру
2026-10-01 23:38:55 | IDX 6 | закончил смену: solved, next=нет (idle)
2026-10-02 01:04:21 | IDX 7 | по слову пользователя продолжаю (снят finished, пульс возвращён)
2026-10-02 01:22:16 | IDX 8 | новые задачи от пользователя (гало, спектр у финиша, обобщ. цена); заказ searcher-1 (дд bang-bang), мете — файл правил документации
1 | 01:35 | 7/17/31 | ~$3 | маятник faces: диагностика wmax 4 vs 6 досчиталась; ответы пользователю (гало, торцы, точное интегрирование из споры, философия)
2026-10-02 01:45:05 | IDX 9 | маятник faces: причина — застой фронта строгой интерполяции; BIG-конечное → 99–100% (pend_faces_front.md), worker-12 сообщено
1 | 02:00 | 11/20/31 | ~$5 | маятник faces решён (застой фронта строгой интерполяции, BIG-конечное → 99–100%, worker-12 сообщено); начинаю DI-прототип: клетки из точных траекторий, гало 10%, свободное переключение
2 | 02:30 | 15/22/32 | ~$7 | DI клетки из точных траекторий+гало+свободное переключение (v7_spore_di.py): 100% дошли, T/T* 1.041 (τ .4, r .1/.05), ошибка от dt; ядра перекрыты ×2.2–2.6 — нужна подрезка; жду τ .2
2026-10-02 02:56:13 | IDX 10 | v7_spore_cells.md: DI клетки+гало+свободное переключение 100%, 1.02–1.04; дальше — worker-12 сообщить, спектр у финиша
1 | 03:00 | 22/24/33 | ~$9 | v7_spore_cells.md (DI клетки+гало+свободное переключение 1.02–1.04) сдан worker-12; дальше: спектр у финиша/кривой переключения, обобщённая цена T+ρ∫u² (DI, маятник)
2 | 03:31 | 28/27/34 | ~$11 | v7_spectrum_cost.md: спектр снимает дребезг (3→1), при T+ρ∫u² bang хуже на 12–46%, спектр 1.025 от ПМП (aida); дальше — маятник: схема клеток + спектр + LQR у финиша
3 | 04:00 | 30/27/34 | ~$11 | DI: клетки+гало+своб. переключение и спектр/обобщ. цена сданы worker-12; начинаю маятник на схеме клеток (locate по модели v7 cell.py)
4 | 04:30 | 34/28/35 | ~$12 | маятник: цена bang/спектр на сетке HJB (aida) — ρ=0 равны (+0.1%), но дребезг 33–42 переключения у всех U; жду ρ .5/2, затем — где дребезг
2026-10-02 04:31:07 | IDX 11 | маятник: bang хуже спектра на 23/87% (ρ .5/2); дребезг ρ=0 — у сепаратрисы (48%) и цели (36%), спектр не снимает
2026-10-02 04:31:57 | IDX 12 | маятник: LQR у финиша снимает дребезг у цели (15→0), остаток у сепаратрисы; worker-12 сообщено
1 | 05:00 | 48/29/36 | ~$13 | маятник: спектр/штраф и LQR у финиша сданы; последний опыт — гистерезис против дребезга у сепаратрисы; 5ч растёт — экономлю
2026-10-02 05:00:51 | IDX 13 | гистерезис ε=.001 с: скачков 16→6, T +0.3% — записано, worker-12 сообщено
1 | 05:30 | 52/30/37 | ~$13 | без изменений: все вопросы v7 п.3/спектр/цена сданы worker-12; жду задачу (открыто: ρ∫|u|), 5ч 52% — не трачу
2 | 06:00 | 0/30/37 | ~$13 | 5ч сброшен — делаю последний пункт: штраф ρ∫|u| (DI+маятник, aida)
2026-10-02 06:03:30 | IDX 14 | L1: маятник tri=спектр (bang-off-bang), DI tri хуже спектра 3–13%; все пункты research закрыты
1 | 06:30 | 4/31/38 | ~$14 | без изменений: все пункты research закрыты и сданы worker-12; жду задачу
2 | 07:00 | 7/31/38 | ~$14 | без изменений: жду задачу (все пункты research сданы worker-12)
3 | 07:30 | 8/31/38 | ~$14 | без изменений; проверяю PLAN на вопросы research
2026-10-02 07:52:55 | IDX 15 | сверка spore_v (worker-12): размер клеток не причина (мелкие 1.015), подозрения — шаг агента ≠ шаг Беллмана, проверка цели на подшагах, V<T* (локатор?)
1 | 08:00 | 17/33/40 | ~$16 | сверка spore_v отправлена worker-12 (размер клеток не причина; шаг агента≠Беллмана, цель на подшагах, V<T*); жду его ответ
2 | 08:30 | 17/33/40 | ~$16 | жду ответ worker-12 по сверке spore_v; новых вопросов нет
3 | 09:00 | 20/33/40 | ~$16 | без изменений: жду worker-12 (сверка spore_v DI; он на маятнике)
4 | 09:30 | 22/33/40 | ~$16 | без изменений: жду worker-12
5 | 10:00 | 24/33/41 | ~$16 | без изменений: жду worker-12 (blend/маятник на spore_v)
6 | 10:30 | 25/33/41 | ~$16 | без изменений: жду worker-12
7 | 11:00 | 1/34/41 | ~$16 | 5ч сброшен: проверяю схему клеток на маятнике своим прототипом (инвариант H=ω²/2+cosφ−uφ), чтобы отделить схему от реализации spore_v (1.52)
2026-10-02 11:07:59 | IDX 16 | маятник на моей схеме клеток: 100%, T/T_сетки 0.96 — схема работает, у spore_v реализация; worker-13 сообщено
1 | 11:30 | 5/36/41 | ~$18 | маятник на схеме клеток: 100%, 0.96 от агента сетки — worker-13 сообщено; жду τ .2 на aida
2 | 12:00 | 11/36/42 | ~$18 | без изменений: жду worker-13 (проверки spore_v); у порога ctx 40% — сдам смену
3 | 12:30 | 13/36/43 | ~$18 | без изменений: worker-13 после фикса локатора маятник med 1.11; жду
4 | 13:00 | 14/36/43 | ~$18 | без изменений: жду worker-13
2026-10-02 13:00:38 | IDX 17 | закончил смену: solved, next=нет (idle)
2026-10-02 14:54:55 | IDX 18 | закончил смену: ctx 46%, next=hub-v5chain-research-8
