2026-09-30 08:40:46 | заступил, принял смену от hub-worker-5
1 | 08:51 | 2%/6%/15% | $0.3 | перенёс коридор research в v6/src/atlas6/corridor_nd.py + tests/check_corridor_nd_dd.py: 30/30, mean 1.000, 0 невалидных; дальше коммит, затем маятник/манипулятор
2 | 09:00 | 2%/7%/15% | $0.4 | коридор nD в v6 закоммичен; смотрю маятник u=.3 для коридора (adaptive_nd check_nd_pend), дальше манипулятор 4D
3 | 09:10 | 2%/7%/15% | $0.5 | жду check_corridor_nd_pend (коридор на маятнике u=.3, фон); дальше манипулятор 4D
4 | 09:20 | 3%/7%/15% | $0.6 | коридор на маятнике: облегчённый прогон (4 запроса, NB400/NF50) в фоне, первый убит timeout; дальше манипулятор 4D
5 | 09:37 | 3%/8%/15% | $0.8 | коридор на маятнике: покрытие 1/4 (нужен путь из cross_value/больше NB), записано в v6_findings; дальше манипулятор 4D
6 | 09:40 | 3%/8%/15% | $0.9 | по совету research: затравки маятника на границе окна (16 точек) — прогоняю коридор на 8 запросах; дальше манипулятор 4D
7 | 09:50 | 4%/9%/15% | $1 | коридор маятника с затравками на границе: 8/8, медиана T/V .96, выброс 2.5 (не разобран); дальше манипулятор 4D
8 | 10:00 | 4%/9%/15% | $1.1 | приступаю к манипулятору 2 звена динамика 4D (изучаю manipulator_plan §3, check_nd_kin)
9 | 10:01 | 4%/10%/15% | $1.3 | написан v6/src/atlas6/manip2dyn.py (динамика 2 звена 4D) + tests/check_nd_manip_dyn.py, сходимость по бюджету идёт в фоне
10 | 10:10 | 5%/10%/16% | $1.4 | манипулятор динамика 4D: NB200 покрытие 2/8, NB600/1500 считаются в фоне; дальше по результату
11 | 10:20 | 5%/10%/16% | $1.5 | манипулятор 4D: NB600 ещё считается (фон); жду
12 | 10:30 | 5%/10%/16% | $1.5 | манипулятор 4D: NB1500 считается (фон, ~20+ мин); жду, без изменений
13 | 10:40 | 5%/10%/16% | $1.5 | манипулятор 4D NB1500 в фоне, без изменений
14 | 10:50 | 5%/10%/16% | $1.5 | манипулятор 4D NB1500 в фоне, без изменений
15 | 10:50 | 5%/10%/16% | $1.6 | манипулятор 4D: NB1500 8/8, V ≤ NB600 (до −0.6), записано; дальше ускорение replay_value
16 | 11:01 | 5%/11%/16% | $1.8 | пишу replay_value_fast (батч проигрыша) для ускорения; сверка с replay_value
17 | 11:02 | 5%/11%/16% | $1.9 | replay_value_fast: идентичные V, ускорение 11.7×, записано+коммит; дальше манипулятор 4D на fast (NB1500)
18 | 11:10 | 6%/11%/16% | $2 | манипулятор 4D перезапущен на replay_value_fast (фон), сравню время и V с прошлым (NB600 486 с)
19 | 11:14 | 6%/11%/16% | $2.1 | corridor_nd: правки research (граница dt 1.5, обрезка пути, попадания→промахи), дд 30/30 1.000; манипулятор на fast: V те же, NB600 486→150 с; проверяю маятник
20 | 11:20 | 6%/12%/16% | $2.2 | жду маятник (новое ранжирование коридора) и манипулятор NB1500 на fast (фон)
21 | 11:20 | 6%/12%/16% | $2.3 | маятник коридор 7/8 mean .976; манипулятор NB1500 fast 376 с; коммит; дальше эталон манипулятора на aida
22 | 11:31 | 7%/12%/16% | $2.4 | эталон манипулятора: грубая V-итерация 48²×31² локально (tests/ref_manip_dyn_grid.py, фон) для сверки с V NB1500
23 | 11:40 | 7%/12%/16% | $2.5 | манипулятор: грубая сетка V .. 3.2–4.5 выше адаптива 2.4–3.8 (сетка завышена диффузией) — не эталон; дальше коридор по пути адаптива для манипулятора
24 | 11:50 | 7%/13%/16% | $2.6 | коридор манипулятора 4D: tests/check_corridor_manip_dyn.py (NB600 NF100 K3, 8 запросов) в фоне
25 | 12:00 | 7%/13%/16% | $2.7 | коридор манипулятора 4D: 5/8 допустимо, T 2.3–2.4 (ниже V проигрыша), все в окне; записано, коммит
26 | 12:05 | 7%/13%/16% | $2.8 | в corridor_query добавлен локальный поиск по топологиям (совет research, neigh=2); проверяю маятник в фоне
27 | 12:10 | 8%/13%/16% | $2.9 | жду маятник с локальным поиском топологий (фон)
28 | 12:10 | 8%/13%/16% | $3 | маятник с локальным поиском: mean .954 (7/8), записано, коммит
29 | 12:20 | 8%/14%/16% | $3.1 | коридор манипулятора NF300 с локальным поиском (фон), цель — закрыть 3 непокрытых запроса
30 | 12:30 | 8%/14%/16% | $3.2 | коридор манипулятора NF300 идёт (фон)
31 | 12:40 | 8%/14%/16% | $3.3 | коридор манипулятора NF300: 7 из 8 допустимо (q4 нет), записано; коммит
32 | 12:50 | 9%/14%/16% | $3.4 | q4 манипулятора без допустимой топологии: пробую NB1500 NF1000 K5 (фон, tests/_q4.py временный)
33 | 12:57 | 9%/14%/16% | $3.5 | q3 манипулятора: NB1500 NF1000 → T 2.62 = эталон research; вывод: для 4D нужен NB≥1500 NF≥400, 3.5 мин/запрос; коммит
34 | 13:00 | 9%/14%/16% | $3.6 | профилирую коридор манипулятора (кандидаты vs SLSQP), tests/_prof.py временный
35 | 13:10 | 9%/14%/16% | $3.7 | профиль: кандидаты 46 с + SLSQP ~5 с/топология; батчирую candidates (векторный miss), проверка дд
36 | 13:16 | 9%/14%/16% | $3.9 | candidates батчирован (результаты те же, маятник .954), манипулятор NB1500 NF400: q0 2.42, q1 2.22 (=эталон research), q2 2.30; коммит
37 | 13:20 | 10%/15%/16% | $4 | манипулятор NB1500 NF400 K3 считает остальные запросы (фон), SLSQP — узкое место
38 | 13:20 | 10%/15%/16% | $4.1 | манипулятор 4D коридор 8/8, ≈66 с/запрос; 3 из 4 запросов с эталоном research совпали, q5 +11% (нужен NB2400); коммит
39 | 13:30 | 10%/15%/16% | $4.2 | проверяю q5 манипулятора при NB2400 NF400 (фон, tests/_q5.py временный), ожидаю ≈3.34
40 | 13:40 | 0%/16%/16% | $4.3 | жду q5 NB2400 (фон)
41 | 13:40 | 0%/16%/16% | $4.4 | q5 при NB2400 = 3.34 = эталон; все 4 сверенные точки манипулятора 4D = эталон research; дальше препятствия dd vs сеточный dd_atlas
42 | 13:50 | 0%/16%/16% | $4.5 | приступаю к препятствиям dd: адаптив (check_nd_dd_obst) vs сеточный dd_atlas
43 | 13:52 | 0%/16%/16% | $4.7 | препятствия dd: адаптив ≤ сетки на 10/10 (mean .90); коммит; PLAN 0в п.3 закрыт частично (коридор с препятствиями не делал)
44 | 14:00 | 1%/16%/17% | $4.9 | коридор с препятствиями: refine(clear=…) + candidates отсекают проигрыши через препятствия; tests/check_corridor_nd_dd_obst.py в фоне
45 | 14:02 | 1%/17%/17% | $5.1 | коридор dd с препятствиями 10/10, 0 столкновений (ns=16, запас .02); коммит; PLAN 0в п.3 закрыт
46 | 14:10 | 2%/17%/17% | $5.3 | проверяю, что Ursina v6 запускается (импорт, headless) — требование TASK к возвращению пользователя
47 | 14:10 | 2%/17%/17% | $5.4 | Ursina на хабе не запускается (нет графики), импорты src/** чисты; записано; дальше ISSUES/ручки: маятник q2 или манипулятор с препятствиями
48 | 14:20 | 2%/18%/17% | $5.5 | манипулятор 4D с 2 дисками: clearance() в manip2dyn, tests/check_corridor_manip_obst.py NB2400 NF400 в фоне
49 | 14:30 | 3%/18%/17% | $5.6 | манипулятор 4D с препятствиями считается (фон)
50 | 14:40 | 3%/18%/17% | $5.7 | манипулятор с препятствиями в фоне (пока без вывода)
51 | 14:50 | 3%/18%/17% | $5.8 | манипулятор с препятствиями (перезапуск) идёт
52 | 15:00 | 3%/18%/17% | $5.9 | манипулятор с препятствиями идёт, вывода нет
53 | 15:10 | 4%/19%/17% | $6 | манипулятор с препятствиями: считаются запросы (8-10 мин каждый), пока 0 столкновений
54 | 15:20 | 4%/19%/17% | $6.1 | манипулятор с препятствиями: считаю остаток запросов (фон)
55 | 15:30 | 4%/19%/17% | $6.2 | манипулятор с препятствиями: остаток запросов (фон)
56 | 15:40 | 4%/19%/17% | $6.3 | манипулятор с препятствиями: 7 из 8 без столкновений, жду последний (фон)
57 | 15:50 | 4%/19%/17% | $6.4 | манипулятор 4D с препятствиями 8/8, 0 столкновений, T 0.96–3.34, до 23 мин/запрос; записано, коммит
58 | 16:01 | 5%/19%/17% | $6.5 | refine: один проход траектории для g и clear (результаты те же, ~15% быстрее); коммит; дальше — ускорение flow4/градиенты или 3 звена
59 | 16:09 | 5%/19%/17% | $6.6 | внедрил по совету research-3: скалярная ветка flow4 (math) + последовательные точки зазора в refine; сверяю время/T манипулятора (фон)
60 | 16:11 | 5%/20%/17% | $6.7 | flow4 скаляр + последовательный зазор: манипулятор 4D 8/8 те же T, ×4–8 быстрее (7–19 с/запрос); проверяю вариант с препятствиями; коммит
61 | 16:20 | 6%/20%/17% | $6.8 | манипулятор с препятствиями после ускорения (фон)
62 | 16:20 | 6%/20%/17% | $6.9 | манипулятор с препятствиями после ускорения: 8/8, 0 столкн., 15–72 с/запрос (было до 23 мин); коммит
63 | 16:30 | 6%/21%/17% | $7 | ctx 21% близко к мягкому 25% — начинаю финиш смены, handoff (hub-worker-7)
64 | 16:30 | 6%/21%/17% | $6.3 | закончил смену: ctx 21%, next=hub-worker-7
65 | 16:48 | 6%/21%/17% | $6.4 | смена закончена, hub-worker-7 поднят и работает; я в режиме ожидания (finished_hub-worker-6 отмечен)
