2026-10-01 09:20:46 | IDX 1 | заступил, принял смену от hub-worker-8
1 | 09:30 | 2%/6%/21% | $0.20 | старт выполнен (b5fae4a), handoff разложен; начинаю PLAN 0е(1): топологии вверх (знак обхода 2π) в corridor_nd.candidates
2 | 09:40 | 2%/6%/21% | $0.20 | без изменений; читаю corridor_nd.candidates (v6/src/atlas6) для кандидатов с другим знаком 2π
09:42 | ждёт прогон 3up FS=300 на aida (w9)
1 | 09:50 | 3%/7%/21% | $0.60 | добавил corridor_query(fs=) (первый сегмент по слоям); 3up FS300 NB12k NF3k идёт на aida (w9); жду, сравню с stats_3up (mean 1.085, max 1.36)
09:50 | FS300 результат: 1.082 vs 1.085 — не помогло; записано в v6_findings
1 | 10:00 | 3%/8%/21% | $0.7 | fs=300 вверх не лечит (1.082 vs 1.085, ff0162c); дальше — затравки refine из других ветвей 2π
2 | 10:10 | 3%/8%/21% | $0.7 | без изменений; готовлю затравки refine из других ветвей 2π (research-5 ref6d_ocp.py)
3 | 10:20 | 3%/8%/21% | $0.7 | читаю ref6d_ocp.py: как устроены 8 ветвей 2π
3 | 10:20 | 3%/8%/21% | $0.7 | ветви 2π в OCP = чистое вращение сустава d или d−2π·sign(d); пути OCP не сохранены — гипотезу «⅔ потерь = ветвь» не проверить без перезапуска ref6d для q14,q9,q32; решаю, стоит ли (потолок выигрыша ≈ mean 8%)
4 | 10:30 | 4%/8%/21% | $0.7 | запускаю ref6d_ocp для q14,q9,q32 с сохранением путей (проверка ветви 2π)
4 | 10:30 | 4%/8%/21% | $0.7 | casadi нет на хабе/aida, пути OCP не сохранены → проверка ветви 2π — задача research (записано в PLAN 0е); сам дополняю v6_summary
5 | 10:40 | 4%/9%/21% | $0.8 | без изменений; f325bce; топология вверх упёрлась в проверку OCP (casadi нет) — ждёт research/решения по WM=6; ищу следующую задачу по PLAN
6 | 10:52 | 4%/9%/21% | $0.8 | запущен 3up NEIGH=8 (локальный поиск топологий глубже) на aida w9 — последняя дешёвая попытка по вверх; результат ~7–10 мин
7 | 11:00 | 4%/9%/21% | $0.8 | NEIGH=8 на aida ещё считает; жду
8 | 11:10 | 5%/10%/21% | $0.9 | NEIGH=8 на aida ещё считает (локальный поиск делает серию дольше); жду
6 | 11:13 | 4%/9%/21% | $0.8 | запустил 3up NEIGH=8 (локальный поиск топологий глубже) на aida w9 — последняя дешёвая попытка по вверх
11:14 | NEIGH=8: mean 1.067 vs 1.085, med 1.028, время ×2.1; записано
1 | 11:20 | 5%/10%/21% | $0.9 | neigh=8 вверх: mean 1.067 (было 1.085), время ×2.1, 3bd47ab; дальше — свободных задач в PLAN нет (WM=6 — слово пользователя, ветвь 2π — research)
2 | 11:30 | 5%/10%/21% | $0.9 | без изменений; свободных задач нет, жду слова пользователя по WM=6 / результата research
3 | 11:40 | 5%/10%/21% | $0.9 | без изменений; жду слова по WM=6 / research (ветвь 2π); idle — пульс вхолостую не кручу сверх строки
4 | 11:50 | 5%/10%/21% | $0.9 | без изменений; idle, жду WM=6 / research
5 | 12:00 | 6%/10%/21% | $0.9 | без изменений; idle, жду WM=6 / research
12:00 | по слову диспетчера: stats WM env (manip2g), 2up вверх WM=3 и 6 NQ=40 на aida w9; 3up WM6 уже есть (stats_3up_WM6.json)
12:01 | 2up WM6: 39/40, T6/T3 mean 1.011 — выигрыша нет; таблица двух режимов в v6_summary
1 | 12:10 | 6%/11%/22% | $2.1 | WM=3/6 2up: нет выигрыша (fa31e11); идёт 3up WM6+neigh8 на aida; параллельно смотрю 2 непрошедших запроса dd+диски (38/40)
12:15 | dd+диски: NB4800 NF600 → 40/40 (было 38/40 при 1200/100); записано в v6_summary. 3up WM6+neigh8 ещё считает
1 | 12:20 | 7%/12%/22% | $2.4 | dd+диски NB4800 NF600 → 40/40; 3up WM6+neigh8 на aida считает (~22 мин); следующий: маятник — где нерешённые
2 | 12:30 | 7%/12%/22% | $2.4 | маятник уже 40/40 — не нужен; жду 3up WM6+neigh8 (aida), коммичу dd+диски
12:30 | 3up WM6+neigh8: mean 1.041 (WM3 1.085, WM6 1.057, N8 1.067) — складываются; в v6_summary
1 | 12:40 | 1%/12%/22% | $2.5 | 8D (4 звена) NB40k NF10k: WM6 и NEIGH8 по отдельности на aida (w9), 8 запросов, база 7/8 — смотрим, лечит ли
2 | 12:50 | 1%/12%/22% | $2.5 | 8D WM6 → затем N8 идут на aida (последовательно); результат по готовности
3 | 13:00 | 1%/13%/22% | $2.6 | 8D WM6/N8 на aida считают; результата пока нет
4 | 13:10 | 1%/13%/22% | $2.6 | 8D: WM6 6/8 (хуже базы 7/8); N8 считает
5 | 13:20 | 1%/13%/22% | $2.6 | 8D N8 ещё считает (back+серия ~20 мин)
6 | 13:30 | 2%/13%/22% | $2.7 | 8D N8 считает
13:35 | 8D: WM6 6/8, N8 7/8 (=база), нет выигрыша; записано в v6_summary
1 | 13:40 | 2%/13%/22% | $2.8 | 8D: WM6 6/8, N8 7/8 — без выигрыша (a195e60); запустил 3 зв.+g вниз +2 диска, WM6 NEIGH4 на aida (база 26/32)
2 | 13:50 | 2%/13%/22% | $2.8 | 3 зв.+диски WM6 N4 на aida считает
13:50 | 3 зв.+диски WM6N4 NB12k: 25/32 (база NB24k 26/32); общие провалы 3,10,16,21,23; в v6_summary
1 | 14:00 | 2%/14%/22% | $2.9 | 25d74a0; запустил 3 зв.+g вниз +2 диска NB48k NF12k (4× база) на aida — лечится ли остаток 5 провалов бюджетом
2 | 14:10 | 3%/14%/22% | $3.0 | параллельно: маятник u=.2/.15 (U env в stats_pend), NB2000 NF300, aida; 3dn_obst_48k считается
3 | 14:20 | 3%/14%/22% | $3.0 | идут: маятник u=.2/.15 и 3dn_obst_48k на aida
14:20 | маятник u=.2 40/40, u=.15 39/40 (NB1000); 3 зв.+диски NB48k 28/32; в v6_summary
1 | 14:30 | 3%/14%/22% | $3.1 | 1860fdc; запустил 3 зв. вверх G=.6 (вдвое сильнее гравитация), WM6 N4, NB12k NF3k, aida — где ломается
2 | 14:40 | 4%/15%/22% | $3.2 | 3up G=.6 на aida считает
14:40 | 3up G=.6: 31/32, med T 3.34; в v6_summary
1 | 14:50 | 4%/15%/22% | $3.3 | f3aa880; запустил 3up G=1.0 (гравитация сильнее управления) WM6 N4 — предел метода по g
14:53 | получено от research-4 (слово пользователя): (1) |w|≤WM физический — ограничение в refine, тест vs W3; (2) двойной маятник 2 мотора, g=1, вниз→вверх; читаю PLAN 0е
14:54 | refine(wlim=) + WLIM env в stats_manip6 (+wmax по мелкому rk4); пуск 3up/3dn WM=3 WLIM=1 на aida; PLAN п. 0ж
1 | 15:00 | 5%/16%/22% | $3.5 | refine(wlim=) готов; идут 3up G=1.0 и 3up/3dn WM=3 WLIM=1 на aida; затем двойной маятник g=1 (0ж.2)
15:10 | WLIM: 0 нарушений |w| (было 15/32), T/W3 вверх 1.078, вниз 1.046; G=1.0 28/32; в v6_summary; PLAN 0ж(1) сделано
15:10 | двойной маятник (0ж.2): stats_manip2g G env, q0=висит вниз, WLIM; пуск g=1 NB3k/NF2k, g=1 NB12k/NF6k, g=.3 на aida (dp_*)
15:11 | двойной маятник (0ж.2): stats_manip2g G env, q0=висит вниз, WLIM, seq/dts; пуск g=1 NB3k/NF2k, g=1 NB12k/NF6k, g=.3 на aida (dp_*)
1 | 15:20 | 6%/16%/22% | $3.7 | f1f14e9 (|w| предел, 0 нарушений); двойной маятник g=1/g=.3 считается на aida (dp_*)
15:20 | двойной маятник g=1: 32/32, вниз→вверх T=5.28 (NB12k), g=.3 3.18; PNG; эталон OCP — research (casadi нет); в v6_summary
1 | 15:30 | 6%/17%/22% | $3.9 | 74bbe9f двойной маятник g=1 готов; запустил g=1.5 и g=2 (ещё слабее) NB12k NF6k на aida
2 | 15:40 | 7%/17%/23% | $4.0 | маятник: g=1.5 31/32 (вниз→вверх 8.2), g=2 23/32 вниз→вверх не решён; пуск g=2 NB48k NF24k — покрытие или физика
3 | 15:50 | 7%/17%/23% | $4.0 | g=2 NB48k NF24k считает на aida
15:50 | g=2 NB48k: те же 23/32 → не покрытие; проверяю WM=6 (предел скорости как причина)
16:00 | g=2: WM=6 → 30/32, вниз→вверх 6.24; при WM=3 (даже NB48k) нет → причина предел |w|; в v6_summary
1 | 16:10 | 8%/18%/23% | $4.2 | 908c9dc (g=2: причина WM); запустил двойной маятник g=1 + 2 диска (OBST в manip2g, проверка столкновений по rk4) NB12k NF6k
16:20 | маятник g=1 + диски: 26/32, вниз→вверх 5.14 (<5.28 без дисков — SLSQP-разброс 3%); в v6_summary
1 | 16:30 | 8%/18%/23% | $4.3 | 713ee93; проверяю разброс SLSQP на маятнике g=1: K=8 tries=5 vs база (T у q0 5.28/5.14)
16:31 | NEW (research-4, слово пользователя): v7 (spores_2/v7, v6 не трогать), клетки с локальной моделью; читаю PLAN 0з
16:32 | v7: src/cells7/systems.py (DI, маятник; нормированные коорд.); дальше cell.py/cover.py: ядро+гало 10%, ядра слоя не пересекаются, выход в ядро соседа, метрики max/mean перекрытия
16:34 | v7 cell.py (клетка+Эрмит+Ньютон locate) проверен; cover.py/run_cover.py на aida ~/spore_v5/w9/v7, DI m=40; метрики O(N²) — медленно, оптимизировать
1 | 16:40 | 10%/21%/23% | $5 | v7: cell.py+cover.py готовы, DI покрытие считается на aida (медленно ~100 кл/мин); ctx 21% → скоро финиш смены, handoff с v7-статусом
16:40 | маятник K8TR5: q0 5.2834 = K3 (устойчивый локальный минимум, 5.14 с дисками ниже → оптимум ≤5.14); в v6_summary
16:43 | получено п.5 v7 (эллиптический спавн, прямое+обратное дерево клеток, общий пул, 32 запроса маятника) — в PLAN/handoff; ctx ≈22% → финиш смены
2026-10-01 16:44:22 | закончил смену: ctx 21%, next=hub-worker-10
