2026-09-29 22:40:02 | IDX 1 | заступил, принял смену от hub-worker-3
1 | 22:50 | 1%/6%/11% | $0.23 | старт готов, коммит 6c512da; починил cwd пульса и журналы (v5chain); дальше PLAN 0б — атлас 3D дифдрайва
2 | 23:00 | 1%/6%/11% | $0.25 | без изменений: изучаю dd3.py и план для атласа 3D дифдрайва (PLAN 0б)
3 | 23:10 | 2%/6%/11% | $0.3 | читаю ядро v6 (gcell/value/agent) под атлас 3D дифдрайва; дальше — сетка спор + ромб-U + V по графу
4 | 23:20 | 3%/8%/12% | $0.9 | dd_atlas.py готов (коммит c262c23), оси точны; дальше агент по ∇V и коридор для дифдрайва
5 | 23:30 | 3%/8%/12% | $1.0 | без изменений: пишу агента по ∇V и коридор для дифдрайва (dd_atlas.py готов)
6 | 23:40 | 3%/8%/12% | $1.1 | пишу rollout агента по V (жадный слой) для dd_atlas и тест доезда до цели
7 | 23:50 | 3%/9%/12% | $1.2 | rollout dd 20/20 (8c0886b); начинаю коридор для дифдрайва (сегменты слоёв + оптимизация длительностей)
8 | 00:00 | 4%/9%/12% | $1.4 | коридор dd готов (0ff3b7a); считаю сходимость V по h (0.5/0.25/0.125) на общих позах
9 | 00:10 | 5%/10%/12% | $1.6 | dd: V vs эталон mean 1.052, сходимость по h порядок ~1 (b1fd0ad, 1a6df7c); дальше прямоугольник U (8 слоёв) — LAYERS параметром solve_dd
10 | 00:20 | 5%/10%/12% | $1.7 | делаю набор слоёв параметром (ромб 4 / прямоугольник 8) в dd_atlas.py
11 | 00:30 | 5%/11%/12% | $1.9 | прямоугольник U готов (9c382af); делаю препятствия (3b): диски в xy × все θ, блок рёбер по промежуточным точкам потока
12 | 00:40 | 6%/11%/12% | $2.1 | препятствия dd готовы (f0c36a1); дальше коридор с проверкой столкновений, потом манипулятор 3c (прикидка research: hub-research-1 46311e2)
13 | 00:50 | 6%/11%/12% | $2.2 | делаю проверку столкновений коридора dd (corridor_collides) и тест на диске
14 | 01:00 | 6%/12%/12% | $2.4 | коридор dd с препятствием: 8/10 сошлись, 1 срез (883e5b6); читаю manipulator_plan.md для 3c
15 | 01:10 | 7%/13%/12% | $2.7 | τ=h для dd + pad коридора, 10/10 сходимость (66e18d6); manip2 ступень 1 (6f48b19); дальше: срез диска в коридоре, препятствия манипулятора
16 | 01:20 | 8%/13%/12% | $2.9 | добавляю в SLSQP коридора ограничения на расстояние до дисков (срез 2/10)
17 | 01:30 | 8%/13%/12% | $3.0 | жду фоновый тест коридора dd с ограничениями зазора до дисков
18 | 01:40 | 8%/14%/12% | $3.2 | manip2 τ=h: max .30→.095 (5d42a4d); жду фоновый тест коридора dd с зазором; дальше ступень 2 манипулятора (эталон manip_kin_ref.py)
19 | 01:50 | 9%/14%/12% | $3.4 | тест коридора dd с зазором слишком долгий — останавливаю, замеряю время на одном старте
20 | 02:00 | 10%/15%/13% | $3.7 | dd коридор с зазором: 7/10 без столкновений (9ba5c66); дальше ступень 2 манипулятора (препятствия, эталон manip_kin_ref.py)
21 | 02:10 | 10%/15%/13% | $3.9 | manip2 ступень 2 (препятствия) готова, V==Дейкстра research (c8d227d, тождество графов); дальше динамика 2 звеньев (ступень 3, 4D) — сначала читаю план
22 | 02:20 | 11%/16%/13% | $4.1 | без новых коммитов; фоновые задачи закрыты; готовлю динамику 2 звеньев (ступень 3) — нужна модель M(q), нормировка, слои по manipulator_plan §3
23 | 02:30 | 11%/16%/13% | $4.3 | PLAN.md обновлён (0б сделано, 0в следующее: откат коридора dd, динамика 2 звеньев 4D)
24 | 02:40 | 11%/16%/13% | $4.4 | PLAN: окно цели dd физическим параметром (776711c, совет research); дальше — 3 пункта 0в (откат коридора dd, динамика 2 звеньев 4D)
25 | 02:50 | 11%/16%/13% | $4.5 | делаю откат коридора dd на слои агента при неудаче SLSQP (без столкновений по построению)
26 | 03:00 | 12%/17%/13% | $4.7 | откат коридора dd на путь агента: 10/10 без столкновений (2ec4d1a); дальше динамика 2 звеньев 4D — решатель V (нормировка, слои — углы коробки моментов)
27 | 03:10 | 12%/17%/13% | $4.9 | по совету research беру 0в(д) раньше динамики: адаптивные споры DI (цепочки+эллипс) vs сетка при равном N — пишу adaptive_di.py
28 | 03:10 | 13%/19%/13% | $5.2 | H1 DI замер (2fd0ad3): адаптив N≈117 V/T* 1.02 vs решётка N=2401 1.30, оговорки в v6_findings; найден баг solve_V; (строка «27» выше записана мной до пульса — не пульс); ctx 19% → готовлю финиш смены
29 | 03:20 | 14%/19%/13% | $5.4 | начал финиш смены (ctx 19%): STATUS/PLAN/handoff
30 | 03:25 | 14%/19%/13% | $5.1 | закончил смену: ctx 19%, next=hub-worker-5
