1 | 19:15 | заступил, принял смену от hub-worker-14
2 | 19:17 | без изменений; идут прогоны butterfly_pend_hybrid_est EST0/3
3 | 19:20 | 25%/8%/3% | $0.6 | идут прогоны гибрида маятника u·.95 EST=0 и EST=3 (100 стартов); дальше сравнить, записать в butterfly_spores.md/PLAN
4 | 19:30 | 25%/8%/3% | $0.6 | прогон EST=0 (u·.95, 100 стартов) идёт 13 мин, результата ещё нет; за ним EST=3; дальше сравнить и записать
5 | 19:40 | 25%/8%/3% | $0.7 | EST=0 u·.95: 99%/1.070 (как базовый); идёт EST=3, ждём; дальше сравнить и записать
6 | 19:50 | 25%/8%/3% | $0.7 | идёт прогон EST=3 (u·.95, 100 стартов), результата ещё нет; дальше сравнить с EST=0 (1.070) и записать
6b | 19:50 | EST=3 убит OOM (кэш полос по ĝ), исправлено (одна полоса, шаг .025), перезапущен
19:58 | принято от research-10: PLAN п.5 бабочки двойного маятника — после EST=3
1 | 20:00 | 27%/9%/4% | $0.8 | идёт EST=3 u·.95 (после OOM-фикса); EST=0 = 99%/1.070; следом PLAN п.5 бабочки двойного маятника
2 | 20:10 | 30%/9%/4% | $0.8 | EST=3 u·.95 всё ещё считается; дальше сравнить с EST=0 (1.070), затем PLAN п.5
2b | 20:11 | EST=3 2-й OOM (полосы ĝ), убрал базовую Bd при EST, перезапуск (RSS 1.2 ГБ)
1 | 20:20 | 30%/9%/4% | $0.9 | EST=3 u·.95 (3-й запуск после 2 OOM) считается; EST=0 = 99%/1.070; дальше сравнить, затем PLAN п.5
2 | 20:30 | 30%/9%/4% | $0.9 | EST=3 u·.95 (3-й запуск) ещё считается; EST=0 = 99%/1.070; дальше сравнить, затем PLAN п.5
3 | 20:40 | 0%/9%/4% | $1.0 | EST=3 u·.95 (3-й запуск) ещё считается, лимит 5ч сброшен; EST=0 = 99%/1.070; дальше сравнить, затем PLAN п.5
4 | 20:50 | 3%/10%/4% | $1.0 | EST=3 u·.95 (3-й запуск) идёт ~40 мин, результата нет; EST=0 = 99%/1.070
5 | 20:51 | 3%/12%/4% | $1.3 | PLAN п.1 закрыт (EST=3 без выигрыша); п.5: прототипы собраны в v7/src/cells7/butterfly_dp.py, база FWD1500/N1500 (цель T 14.22) считается
6 | 21:00 | 4%/13%/4% | $1.3 | п.5: база порта butterfly_dp (FWD1500/N1500) считается; сверка с research T 14.22 | дальше эллипс, ускорение пар
7 | 21:10 | 6%/14%/4% | $1.5 | п.5: порт butterfly_dp в v7 (запрос = research T 14.218; построение расходится с его файлом, вопрос research-10); идёт эллипс 3 раунда на его файле
8 | 21:20 | 9%/15%/4% | $1.7 | п.5: причина расхождения базы — WIN=1.0 (research), перепроверяю порт с WIN=1 + эллипс 8 раундов; на WIN .5 эллипс залип на T 11.5
9 | 21:30 | 9%/15%/4% | $1.8 | п.5: порт при WIN=1 = research (база V 14.258 T 14.218); эллипс WIN=1 идёт: раунд1 T 12.88 (research 12.8), 6 мин/раунд, до 8 раундов
10 | 21:40 | 10%/15%/4% | $1.9 | п.5: эллипс порта WIN=1: раунд2 T 8.80 (×1.73 OCP), 4082 споры; идут раунды 3–8 (~8–10 мин каждый)
11 | 21:50 | 10%/16%/4% | $2.0 | п.5: эллипс порта WIN=1: раунд3 T 8.798 (×1.73), 4582 споры, 11 мин/раунд; идут 4–8; дальше векторизация пар (Pool)
12 | 22:00 | 10%/16%/4% | $2.0 | п.5: эллипс порта WIN=1 идёт (раунд 3 T 8.798, ждём 4–8); пары Pool — следом
13 | 22:10 | 11%/16%/5% | $2.1 | п.5: эллипс порта WIN=1: раунд4 V 10.07, но T 9.985 (агент теряет путь, 17 дуг; раунды 2–3 T 8.80); идут 5–8
14 | 22:20 | 11%/16%/5% | $2.1 | п.5: эллипс порта WIN=1: раунд5 V 9.74 T 9.654 (×1.89), 5582 споры, ~17 мин/раунд; идут 6–8
15 | 22:30 | 12%/16%/6% | $2.2 | п.5: эллипс порта WIN=1 идёт, раунд 6 считается (последний готовый 5: T 9.654); дальше пары Pool
16 | 22:40 | 12%/16%/6% | $2.3 | п.5: эллипс порта WIN=1 раунд6 T 8.59 (×1.685) = research 8.61, 6082 споры; записано+коммит; идут раунды 7–8, затем пары Pool
17 | 22:50 | 12%/17%/6% | $2.3 | п.5: эллипс порта WIN=1 идёт, раунд 7 считается (раунд 6: T 8.59 = research); дальше пары Pool
18 | 23:00 | 13%/17%/6% | $2.4 | п.5: эллипс порта WIN=1 идёт (раунд 7 считается; 6: T 8.59); затем Pool для пар
19 | 23:10 | 13%/17%/6% | $2.4 | п.5: эллипс порта WIN=1 раунд7 V 8.665 T 8.455 (×1.659 OCP, лучше research 8.61), 6582 споры, 28 мин/раунд; идёт раунд 8, затем пары Pool
20 | 23:20 | 14%/18%/6% | $2.5 | п.5: эллипс порта раунд7 T 8.455 (×1.659, лучше research 8.61); идёт раунд 8; добавлен NPROC для пар (×1.6, результат идентичен), закоммичено
21 | 23:30 | 14%/18%/6% | $2.5 | п.5: эллипс порта идёт, раунд 8 считается (7: T 8.455); после — вывод по п.5 и следующий пункт PLAN
22 | 23:40 | 14%/18%/6% | $2.5 | п.5: эллипс порта, раунд 8 считается (7: T 8.455); без изменений
23 | 23:50 | 15%/18%/6% | $2.6 | п.5: эллипс порта, раунд 8 считается (7: T 8.455, ×1.659); ждём
24 | 00:00 | 15%/18%/6% | $2.6 | п.5: эллипс порта раунд 8: T 8.058 (×1.58 OCP, 7082 споры) записан+коммит; запущены ещё 8 раундов (NPROC=2); параллельно беру след. пункты PLAN
25 | 00:10 | 17%/18%/6% | $2.7 | п.5: продолжение эллипса (раунды 9–16 от T 8.058) идёт, NPROC=2; жду раунда
26 | 00:20 | 18%/18%/6% | $2.7 | п.5: продолжение эллипса (от T 8.058, NPROC=2) идёт, раунд 1 нового прогона считается
27 | 00:30 | 18%/19%/6% | $2.8 | п.5: продолжение эллипса идёт, раунд 1 нового прогона считается; без изменений
00:30 | диспетчер: эллипс дубль research-10 — мой прогон не живой (процесса нет), беру п.2 дифдрайв: ошибка модели v·.95/ω·.95
00:33 | п.2 дд ошибка модели: .95/.95 100%/1.107 (идеал 1.053), GW.9 73%; записано, коммит; дальше: эталон дд с дисками
1 | 00:40 | 20%/20%/7% | $3.0 | дд ошибка модели измерена (.95/.95: 100%/1.107 при идеале 1.053; GW .9: 73%), записано+коммит; дальше эталон дд с дисками (честный T*) и финиш с дисками
2 | 00:50 | 20%/20%/7% | $3.0 | ищу готовый эталон дд с дисками в knowledge/research (иначе строю свой); без изменений в расчётах
00:51 | дд с дисками: N=1500 1.085, N≥2500 OOM (пары ~N²); запущен гибрид маятника GAIN=1 с сохранением T для разбора худшего старта (п.4)
1 | 01:00 | 21%/21%/7% | $3.1 | дд с дисками: N=1500 1.085, N≥2500 OOM (записано); идёт гибрид маятника GAIN=1 с сохранением T по стартам для разбора худшего старта (п.4)
01:01 | п.4 худший старт маятника: старт 63 (φ.505, ω1.906) T 7.56 vs ref 3.97; план-дуга ref 2.48 с > tau=2 спор, V вдоль пути завышена на 1.2–1.9 — гипотеза; тест tau 2 vs 3 запущен (bpw/tau_test.py)
1 | 01:10 | 22%/21%/7% | $3.2 | п.4: худший старт маятника — гипотеза tau<дуга ref (2.48 с); идёт тест tau 2 vs 3 (V на 100 стартах)
2 | 01:20 | 22%/21%/7% | $3.3 | п.4: тест tau 2 vs 3 считается; результата нет
3 | 01:30 | 22%/22%/7% | $3.4 | п.4: tau=2: V/ref mean 1.077, V63 5.95; tau=3 ещё строится (>25 мин)
4 | 01:40 | 1%/22%/7% | $3.5 | п.4: худший старт маятника — не tau (tau3 без изменений), не покрытие; барьер; тест раннего финиша VF 4.5/6 идёт
5 | 01:50 | 1%/22%/7% | $3.5 | п.4: ранний финиш VF 6 при u·1: mean 1.007 max 1.22 (было 1.025/1.904), записано+коммит; идёт проверка VF 6 при u·.95
6 | 02:00 | 2%/22%/7% | $3.6 | п.4: VF 6 при u·.95 считается (20 мин, при VF3 было ~18); результата нет
7 | 02:10 | 2%/23%/7% | $3.7 | п.4: VF 6 при u·.95 ещё считается; при u·1 VF 6 = mean 1.007 max 1.22
8 | 02:20 | 3%/23%/7% | $3.7 | п.4: VF 6 при u·.95 считается дольше обычного; жду
9 | 02:30 | 3%/23%/7% | $3.8 | п.4: VF 6 при u·.95 идёт ~50 мин (гипотеза: при промахе плана стрельба повторяется на каждом шаге агента); жду ещё ~20 мин, иначе перезапуск с паузой после промаха
10 | 02:40 | 3%/23%/7% | $3.8 | п.4: VF 6 u·.95 (без паузы) всё идёт >1 ч; параллельно запущен вариант с паузой после промаха COOL=8 шагов
11 | 02:50 | 4%/23%/7% | $3.9 | п.4: VF 6 u·.95: оба прогона (без паузы и COOL=8) считаются, результатов нет
12 | 03:00 | 4%/23%/7% | $3.9 | п.4: VF 6 u·.95: прогоны (без паузы ~1ч10 и COOL=8 ~20 мин) ещё считаются; без изменений
12b | 03:00 | п.4 итог: u·1 VF6 1.007/1.22; u·.95 VF6 1.065/1.86, COOL=8 1.108 — не лечит; записано+коммит
03:00 | ответ диспетчеру: оба VF6 u·.95 завершились с результатами (02:55/02:57), OOM 03:00:10 — не мои; перезапуск не нужен; беру дд+диски N>1500 (память пар)
03:09 | дд+диски: компактные пары, N=1500/3000/4000 → 1.085/1.068/1.064 (свободный эталон), записано+коммит
1 | 03:16 | 6%/24%/8% | $4.1 | дд+диски: N=1500/3000/4000 → 1.085/1.068/1.064 (компактные пары, запись+коммит), N=5000 не лезет; от research-10: беру агента «мини-дерево на каждом шаге» (FORCEPLAN) в порт butterfly_dp, цель T 5.376 на атласе р.10
2 | 03:26 | 8%/25%/8% | $4.2 | п.5: перенёс FORCEPLAN (мини-дерево на каждом шаге) в v7/src/cells7/butterfly_dp.py + reports/bdp/agent.py; идёт прогон на атласах ell6, ell10 (цель T 5.49 / 5.376)
3 | 03:27 | 8%/26%/8% | $4.3 | п.5 ВЫПОЛНЕН: агент FORCEPLAN в v7: ell10 T 5.376 (×1.0545 OCP), ell6 5.491; запись+коммит; ctx 26% — близко к софту 30%, готовлю финиш/handoff
99 | 03:28 | закончил смену: ctx 26%, next=hub-v5chain-worker-16
