2026-10-01 16:44:40 | заступил, принял смену от hub-worker-9
1 | 16:50 | 5ч13%/ctx7%/7д23% | $0.5 | v7: locate предфильтр ×2, симметричная проверка ядер (перекрытие ядер 19%→0), перезапуск di/pend m=40 на aida; дальше собрать результаты, order вдоль потока, п.3 агент/граф V
2 | 17:10 | 5ч13%/ctx7%/7д23% | $0.6 | v7: собираю di/pend m=40 (ядра 0%); читаю PLAN 0з п.5а/п.6 (кольцо эллипса, равномерно по объёму корочки, V=евклид); дальше п.3/п.5
3 | 17:20 | 5ч14%/ctx8%/7д24% | $0.7 | v7: покрытие DI/маятник готово (ядра 0%, гало 7–9%, v7/reports/v7_cells.md, 04b6470); принял 0з-7 (все системы v6 vs v7); дальше п.3 граф V на DI/маятнике, затем обобщить на nD
4 | 17:30 | 5ч15%/ctx8%/7д24% | $0.8 | v7 п.3: пишу graph.py (клетка→выход/переключение, Дейкстра от цели), проверка на DI против аналитики T
4 | 17:55 | 5ч16%/ctx~12%/7д24% | $1.2 | v7 п.3 граф V: связность↔занижение T (lat=1: V/T≈0.13; lat<1 рвётся) — вывод в v7_cells.md; дальше аффинная V по s или сгущение; затем 0з-7 на др. системах
5 | 17:50 | 5ч2%/ctx10%/7д24% | $1.2 | v7 граф V: без боковой поправки не работает (v7_cells.md, 78bf503); принял от research-4: квадратичная модель, tol=1e-2/r=0.2; дальше — квадратичная модель клетки + 0з-7
6 | 18:20 | 5ч3%/ctx13%/7д24% | $1.7 | v7 0з-7: nD-клетка (квадр. модель) готова, 9 систем считаются на aida (w10/v7); в 4D+ покрытие ≈2–4% при 100–140 клетках (ожидаемо); дальше сводка v7_summary.md
7 | 18:30 | 5ч3%/ctx14%/7д24% | $1.8 | v7 0з-7: считается на aida; проверяю подозрение m2≡m2g (одинаковые кривые покрытия)
8 | 18:40 | 5ч3%/ctx12%/7д24% | $1.9 | v7 0з-7: di/pend/dd/dd_rect готовы, манипуляторы (m2,m2g,m3,m3g,m4g) досчитываются на aida (покрытие 7–11% при 280–400 клетках); дальше сводка v7_summary.md
9 | 18:50 | 5ч4%/ctx13%/7д24% | $2.0 | v7 0з-7: di/pend/dd готовы (в jsons), m2/m3/m3g/m4g досчитываются (≈10–15 мин); принял спектр управлений research-6 (слои −1/0/+1 + диагональные, клетка цели с LQR) — учту после 0з-7; дальше v7_summary.md
10 | 19:00 | 5ч4%/ctx13%/7д24% | $2.1 | v7 0з-7: 6/9 систем готовы (di,pend,dd,dd_rect,m2,m2g), m3/m3g/m4g досчитываются на aida; готов генератор таблицы tests/make_table.py; дальше v7_summary.md
11 | 19:10 | 5ч5%/ctx14%/7д24% | $2.5 | v7_summary.md закоммичен (d795d14): 2D ок, nD — проклятие размерности, граф V не работает; осталось подтянуть строку 8D (m4g, метрики слоя 1 считаются на aida)
12 | 19:20 | 5ч5%/ctx14%/7д24% | $2.6 | v7_summary.md готов со всеми 9 системами (b0815a7): 2D работает, nD — проклятие размерности, граф V не работает (нужна аффинная V по s или r≲0.01); дальше п.5 эллиптический спавн/общий пул на 2D
13 | 19:30 | 5ч5%/ctx15%/7д24% | $2.7 | v7 п.5: ellipse.py (корочка равномерно, прямое+обратное, общий пул) работает; 32 запроса pend/di/dd идут на aida (w10/v7 el_*.log); дальше сводка роста пула
14 | 19:40 | 5ч6%/ctx15%/7д24% | $2.9 | v7 п.5 готов на 2D (f446548): пул 477/421 после 32 запросов, рост 60% на первых 3; dd 3D 32 запросов считается на aida; дальше — строка dd в summary, затем финиш/handoff по ctx
15 | 19:50 | 5ч6%/ctx15%/7д24% | $3.0 | v7 п.5 готов на 2D (f446548); dd 3D 32 запроса дорабатывает на aida (фоновое ожидание), затем строка в v7_summary
16 | 20:00 | 5ч9%/ctx16%/7д25% | $3.1 | v7 п.5 закончен на маятнике/DI/dd (d40744f; dd пул 5466 не насыщается); открыто: граф V (аффинная V по s или r≲0.01), спектр управлений research-6; ctx 16% — продолжаю
17 | 20:10 | 5ч11%/ctx16%/7д25% | $3.2 | v7 п.3 новый подход: V на решётке (s,t) внутри клетки + билинейная интерполяция, итерация значений (поток вдоль t, переключение слоя/выход в соседнюю клетку); пишу value.py, проверка на DI против аналитики
17b | 20:40 | 5ч11%/ctx17%/7д25% | $3.4 | v7 п.3: и граф, и V на решётке в клетке не заполняют поле (в v7_cells.md); NEEDS-HUMAN в JOURNAL: явный ∂V/∂s или перекрытие ядер; дальше — картинки клеток для dd/манипулятора и спектр управлений
1 | 20:50 | 5ч13%/ctx17%/7д25% | $3.5 | v7: покрытие 9 систем, п.5 пул 2D/3D, п.3 (граф и решётка V) не заполняют поле — NEEDS-HUMAN в JOURNAL (895a950); дальше картинки dd/манипулятора и спектр управлений research-6
2 | 21:00 | 5ч13%/ctx17%/7д25% | $3.6 | v7: рисую проекции клеток dd/m2g (tests/plot_celln.py, считается ~2–4 мин); п.3 V — NEEDS-HUMAN; дальше спектр управлений research-6
3 | 21:10 | 5ч14%/ctx18%/7д25% | $3.7 | v7: картинки dd/m2g готовы (ccf5ae1); п.3 V по-прежнему NEEDS-HUMAN; читаю control_spectrum.md research-6 для клетки цели
3b | 21:30 | 5ч14%/ctx19%/7д25% | $3.9 | v7 п.3: расширенное гало заполняет поле (97%), но V/T≈0.01 (телепорт); блок по п.3 остаётся; прочитан spectrum research-6, не реализован (зависит от V)
1 | 21:40 | 5ч14%/ctx19%/7д25% | $4.0 | финиш смены: v7 покрытие 9 систем, п.5 пул, п.3 V блок (NEEDS-HUMAN); пишу handoff
2026-10-01 20:10:20 | закончил смену: human/ctx19, next=hub-worker-11
2026-10-01 20:28:07 | смена закончена, next=hub-worker-11 поднят; жду уборки (finished_hub-worker-10), работы нет
