2026-09-29 04:11:59 | заступил, принял смену от сборщика v5chain
2026-09-29 04:13:40 | PLAN п.1–2 готовы: src/atlas + tests/test_atlas_core.py, цифры АТЛАС §6 воспроизведены (6561/6561, 2.98e-08, mean 0.00985, max 0.2362)
1 | 04:20 | 4%/6%/6% | $0.5 | PLAN п.1–2 готовы (src/atlas + тест, цифры §6 совпали), коммиты 1fd1842/00743bc; делаю п.3 — картинки базовой версии
2026-09-29 04:23:42 | PLAN п.3 готов: 3 картинки в reports/figures, черновик reports/atlas_double_integrator.md; дальше п.4 (складка v=0)
2026-09-29 04:28:36 | п.4–8: замеры пишутся в reports/improvements.json (measure_improvements.py); затем отчёт
1 | 04:30 | 5%/9%/6% | $0.9 | ядро+картинки готовы; п.4–8: код src/atlas/improve.py, замер reports/measure_improvements.py (чиню vmax-линии); затем отчёт
2026-09-29 04:35:58 | атлас двойного интегратора готов (критерий SOLVED): reports/atlas_double_integrator.md; дизайн дифдрайва — knowledge/diffdrive_atlas_design.md; NEEDS-HUMAN в JOURNAL (A/B); дальше A1
1 | 04:40 | 7%/11%/6% | $1.5 | атлас DI готов (SOLVED), отчёт reports/atlas_double_integrator.md, коммит f0ec153; дизайн дифдрайва в knowledge/, NEEDS-HUMAN A/B (v,ω — управления или состояние); жду слова, по умолчанию A1 (src/atlas_dd)
2 | 04:50 | 7%/11%/6% | $1.5 | без изменений с #1: атлас DI готов, дифдрайв — только дизайн; A/B ждёт пользователя (NEEDS-HUMAN), A1 (src/atlas_dd) ещё не начат
3 | 05:00 | 7%/11%/6% | $1.6 | A1 дифдрайва готов: src/atlas_dd/modes.py (Straight/Rotate/Arc, to_chart/from_chart точны, тест зелёный); дальше A2 (state lattice+Дейкстра); A/B по-прежнему ждёт пользователя, иду по A
4 | 05:10 | 7%/12%/6% | $1.7 | A1 готов; делаю A2: state lattice (x,y,θ) с 16 курсами из примитивных векторов (|компонент|≤2), рёбра поворот на месте ±/прямая ±, обратный Дейкстра (переиспользуется src/atlas/solve.py)
4 | 05:12 | 7%/12%/6% | $1.8 | A2 готов: src/atlas_dd/lattice.py (2704 узла, все достижимы, Беллман-тест зелёный); дальше A2b дуги, A3 эталон, A4 запрос
5 | 05:20 | 8%/12%/6% | $1.9 | A4 (узловой): extract_controls — последовательность управлений (поворот–прямая–поворот) из узла по policy, сумма времён = T, тест зелёный; дальше A2b дуги, A3 эталон, запрос из произвольной точки
6 | 05:30 | 12%/13%/7% | $2.0 | без новых коммитов (последний c72ca48); 5ч подскочило 8→12% за 10 мин (аккаунт общий, возможно другие сессии) — слежу; дальше A3 эталон дифдрайва
7 | 05:40 | 12%/13%/7% | $2.1 | A3: RSR-эталон src/atlas_dd/reference.py — оказался не границей (граф лучше на узлах с двумя прямыми; разброс T−T_RSR −0.99…+0.85), зафиксировано в knowledge/diffdrive_atlas_design.md; нужен A3b — сходимость по плотности; дальше A2b дуги
8 | 05:50 | 13%/13%/7% | $2.2 | A3b: сходимость решётки по шагу h (1→0.5→0.25): mean ΔT 0.024→0.00075, max 0.38→0.146, монотонно; факт в knowledge/diffdrive_atlas_design.md; дальше A2b дуги (одновременные v, ω)
9 | 06:00 | 13%/13%/7% | $2.2 | остановился перед A2b: дуги требуют интерполяции T в конце дуги (≡ запрос из произвольной точки) — записано в knowledge/diffdrive_atlas_design.md; не крутить вхолостую, следующий шаг — трилинейная интерполяция (x,y,θ) + дуги; A/B ждёт пользователя
10 | 06:10 | 13%/14%/7% | $2.3 | без изменений (последний коммит 609c50c); атлас DI SOLVED, дифдрайв A1–A4(узловой) готовы; ждёт слова пользователя по A/B и дальше трилинейная интерполяция + дуги
11 | 06:20 | 13%/14%/7% | $2.4 | A4-запрос готов: interp_T3 (x,y,θ) в src/atlas_dd/lattice.py, в узлах = T (тест); vs тонкая решётка mean 0.079 / max 0.785; дальше A2b дуги на его основе
12 | 06:30 | 14%/14%/7% | $2.6 | A2b готов: arc_sweeps (дуги, итерации Беллмана, interp_T3 в конце дуги): выигрыш mean 0.68 (max 1.61) против поворот/прямая, нижняя граница не нарушена, тест tests/test_atlas_dd_arcs.py; гарантий нет (интерполяция) — записано; дальше сходимость по h и управления из произвольной точки
13 | 06:40 | 14%/15%/7% | $2.7 | делаю A4-полностью: жадное управление из произвольной точки по T (one-step lookahead по 8 режимам, dt=0.25) — src/atlas_dd/plan.py
13 | 06:45 | 14%/15%/7% | $2.8 | A4 готов: plan.rollout — управления из произвольной точки; на поле с дугами из 15 стартов приходит в 0.10–0.32 от цели (время≈0.86 T, стопит за шаг до цели); на поле без дуг застревает — записано; тест зелёный; дальше — доводка у цели (тонкий финиш), сходимость дуг по h, A5
14 | 06:50 | 15%/15%/7% | $2.9 | написана сводка reports/diffdrive_atlas.md (A1–A4, ограничения); коммит; дальше — доводка у цели, сходимость дуг по h, A5; A/B ждёт пользователя
15 | 07:00 | 15%/16%/7% | $3.0 | без изменений (последний коммит ba193b8); результат для пользователя: reports/atlas_double_integrator.md и reports/diffdrive_atlas.md; ждёт слова по A/B
16 | 07:10 | 15%/16%/7% | $3.0 | без изменений; жду слова пользователя (A/B по дифдрайву, дальнейшие приоритеты); пульс без работы не жгу
17 | 07:20 | 0%/16%/7% | $3.0 | без изменений; 5ч-окно сбросилось (0%); жду слова пользователя по A/B
18 | 07:30 | 0%/16%/7% | $3.0 | без изменений; ждём пользователя (A/B)
2026-09-29 07:30:36 | принято решение наблюдателя: схема A, продолжаю: тонкий финиш → сходимость дуг по h → A5 → отчёт до/после
2026-09-29 07:33:58 | тонкий финиш готов: двухуровневое поле (h=1 + h=0.125 у цели) → финиш xy 0.22→0.011, θ<0.005; причина застревания — линейная интерполяция T занижает боковой сдвиг (T(0.1)=0.33 вместо ~1.3); коммит; дальше сходимость дуг по h
2026-09-29 07:35:22 | сходимость по h измерена (без дуг ок, с дугами не сошлась — записано), A5-lite = двухуровневое поле; reports/diffdrive_atlas.md обновлён таблицей до/после; A/B оставлен на утро
1 | 07:40 | 2%/18%/7% | $3.3 | сделано: тонкий финиш (xy 0.22→0.011), сходимость по h (дуги не сошлись), A5-lite, отчёт до/после reports/diffdrive_atlas.md; коммит 914f777; дальше: дуги без интерполяции (конец в узле) для сходимости; A/B — утром
2 | 07:50 | 2%/18%/7% | $3.3 | без изменений (коммит 914f777); всё запрошенное наблюдателем сделано; остаётся дуги без интерполяции и вопрос A/B (утром)
3 | 08:00 | 2%/18%/8% | $3.3 | без изменений; жду утра (A/B); сделанное — reports/atlas_double_integrator.md, reports/diffdrive_atlas.md; 7д 8%
4 | 08:10 | 3%/18%/8% | $3.3 | без изменений; жду пользователя (A/B)
5 | 08:20 | 3%/18%/8% | $3.3 | без изменений; жду пользователя (A/B)
6 | 08:30 | 3%/18%/8% | $3.3 | без изменений; жду пользователя (A/B)
7 | 08:40 | 3%/18%/8% | $3.3 | без изменений; жду пользователя (A/B)
8 | 08:50 | 3%/19%/8% | $3.3 | без изменений; жду пользователя (A/B)
9 | 09:00 | 3%/19%/8% | $3.3 | без изменений; жду пользователя (A/B)
10 | 09:10 | 4%/19%/8% | $3.3 | без изменений; жду пользователя (A/B)
11 | 09:20 | 4%/19%/8% | $3.3 | без изменений; жду пользователя (A/B)
12 | 09:30 | 4%/19%/8% | $3.3 | без изменений; жду пользователя (A/B)
13 | 09:40 | 4%/19%/8% | $3.3 | без изменений; жду пользователя (A/B)
14 | 09:50 | 4%/19%/8% | $3.3 | без изменений; жду пользователя (A/B)
15 | 10:00 | 4%/19%/8% | $3.3 | без изменений; жду пользователя (A/B)
16 | 10:10 | 4%/19%/8% | $3.3 | без изменений; жду пользователя (A/B)
17 | 10:20 | 4%/19%/8% | $3.3 | без изменений; жду пользователя (A/B)
18 | 10:30 | 5%/20%/8% | $3.3 | без изменений; жду пользователя (A/B)
19 | 10:40 | 5%/20%/8% | $3.3 | без изменений; жду пользователя (A/B)
20 | 10:50 | 5%/20%/8% | $3.3 | без изменений; жду пользователя (A/B)
21 | 11:00 | 5%/20%/8% | $3.3 | без изменений; жду пользователя (A/B)
22 | 11:10 | 5%/20%/8% | $3.3 | без изменений; жду пользователя (A/B)
23 | 11:20 | 5%/20%/8% | $3.3 | без изменений; жду пользователя (A/B)
24 | 11:30 | 6%/20%/8% | $3.3 | без изменений; жду пользователя (A/B)
25 | 11:40 | 6%/20%/8% | $3.3 | без изменений; жду пользователя (A/B)
26 | 11:50 | 6%/20%/8% | $3.3 | без изменений; жду пользователя (A/B)
27 | 12:00 | 6%/20%/8% | $3.3 | без изменений; жду пользователя (A/B)
28 | 12:10 | 6%/21%/8% | $3.3 | без изменений; жду пользователя (A/B)
29 | 12:20 | 0%/21%/8% | $3.3 | без изменений; 5ч-окно сбросилось; жду пользователя (A/B)
30 | 12:30 | 0%/21%/8% | $3.3 | без изменений; жду пользователя (A/B)
31 | 12:40 | 1%/21%/8% | $3.3 | без изменений; жду пользователя (A/B)
32 | 12:50 | 1%/21%/8% | $3.3 | без изменений; жду пользователя (A/B)
33 | 13:00 | 1%/21%/8% | $3.3 | без изменений; жду пользователя (A/B)
34 | 13:10 | 1%/21%/8% | $3.3 | без изменений; жду пользователя (A/B)
35 | 13:20 | 1%/21%/8% | $3.3 | без изменений; жду пользователя (A/B)
36 | 13:30 | 1%/21%/8% | $3.3 | без изменений; жду пользователя (A/B)
37 | 13:40 | 2%/21%/8% | $3.3 | без изменений; жду пользователя (A/B)
38 | 13:50 | 2%/21%/8% | $3.3 | без изменений; жду пользователя (A/B)
39 | 14:00 | 2%/22%/8% | $3.3 | без изменений; жду пользователя (A/B)
40 | 14:10 | 2%/22%/8% | $3.3 | без изменений; жду пользователя (A/B)
41 | 14:20 | 2%/22%/8% | $3.3 | без изменений; жду пользователя (A/B)
42 | 14:30 | 2%/22%/8% | $3.3 | без изменений; жду пользователя (A/B)
43 | 14:40 | 3%/22%/8% | $3.3 | без изменений; жду пользователя (A/B)
2026-09-29 14:46:06 | закончил смену: ctx 22% + простой, next=hub-worker-2
2026-09-29 15:04:10 | смена сдана (hub-worker-2 работает); я отвечаю пользователю в терминале: картинки, объяснение double integrator; фиксер починил показ картинок в деке
