1 | 2026-10-04 23:41:06 | заступил, принял смену от hub-v5chain-worker-17
2 | 23:50 | 2%/7%/14% | $0.4 | arc_wmax шаг .01 (гипотеза wmax 3.22), wchk3 g=1/g=2 считается на aida; дальше KN=4 KF=1.3 NT=1 в GrowAtlas
3 | 00:00 | 2%/7%/14% | $0.4 | g=2 с шагом .01 тот же wmax 3.22 (гипотеза неверна); ищу ветку агента с |w|>3 (логирование по веткам rollout)
4 | 00:10 | 2%/8%/14% | $0.5 | wmax: подозреваю дуги мини-дерева (проверка в 4 долях); запущены DIAG и WFR=9 долей g=2 на aida
5 | 00:23 | 2%/8%/14% | $0.5 | DIAG: единственная дуга wmax 3.22 — tt 1.4, первая дуга цепочки мини-дерева (CHAIN len 3); ждём WFR=9 долей (fp_g2_wfr9)
6 | 00:30 | 2%/8%/14% | $0.6 | WFR=9 долей: g=2 допустимо wmax 2.69, но T 17.35 (×2.27 OCP; было ×1.326 при wmax 3.22 — недопустимо); WFR=9 теперь дефолт; дальше KN=4 KF=1.3 NT=1
7 | 00:40 | 2%/9%/14% | $0.7 | KN=4 KF=1.3 NT=1 + SEED портированы в v7 GrowAtlas; 3 зерна g=2 grow 6000 FWD6000 на aida (w18run/grow_s*.out)
8 | 00:50 | 3%/9%/14% | $0.8 | 3 зерна g=2 grow считаются на aida; жду, дальше wfilter→FORCEPLAN WCHK
9 | 01:00 | 3%/10%/14% | $1.2 | g=2 KN4/NT/WFR9, 3 зерна 12082 спор FORCEPLAN WCHK: s1 T 14.99 ×1.96 (wmax 3.04), s2 V 13.8 но агент застрял (inf), s3 не связан; хуже/нестабильнее research-11 (×1.616)
10 | 01:10 | 4%/10%/15% | $1.3 | запущены ленивые узлы (4 раунда, CAP 4000) на 3 зёрнах g=2 (w18run/lazy_s*.out); дальше FORCEPLAN WCHK на результатах
11 | 01:20 | 4%/10%/15% | $1.4 | ленивые узлы идут: s1 ×2.08 (wmax 2.98), s2 агент всё ещё застревает (inf, V 13.8), s3 связан после лазей V 19.7 T 19.6 ×2.57 (wmax 2.41); ждём раунды 2-4
12 | 01:30 | 4%/10%/15% | $1.5 | ленивые завершены: s1 ×2.08, s2 inf (агент застрял, V 13.8), s3 ×2.57; запущен DIAG на s2_lazy1 (w18run/fp_s2_lazy_diag.out) — где агент теряет путь
13 | 01:40 | 4%/11%/15% | $1.6 | s2: DIAG wmax молчит ⇒ застревание = plan() вернул J≥BIG (WCHK отсёк все дуги дерева в состоянии после 8 дуг); добавил DIAG fail y, перезапуск s2_lazy1 (fp_s2_lazy_diag2.out)
14 | 01:50 | 4%/11%/15% | $1.7 | s2 отказ plan() в T=2.64: y=(-1.57,-0.01,-0.99,2.85), J=1000 — ω2=2.85 у границы WMAX=3, дыра покрытия (нет ни прямой пары, ни пути дерева); нужны споры у границы |w| либо запас у агента
15 | 02:00 | 5%/11%/15% | $1.8 | лечение дыры у границы: рост атласа с WMX=3.4 (агент по-прежнему |w|≤3), 3 зерна g=2 на aida (growwmx_s*.out), ~7 мин + fp
16 | 02:10 | 5%/11%/15% | $1.9 | WMX=3.4: все 3 зерна связаны, V старта 11.9/11.7/13.8 (лучше прежних 13.8/13.8/∞); rollout без FORCEPLAN inf; FORCEPLAN WCHK запущен (w18run/fpw_s*.out)
17 | 02:20 | 5%/12%/15% | $2.0 | WMX=3.4 FORCEPLAN: все 3 зерна inf — отказ plan() J=1000 при ω≈-2.5..-2.7 (не у границы!) ⇒ агент уходит из покрытия атласа (12k спор мало); запущен grow 12000 WMX=3.4 s1 на aida (growwmx12k_s1.out)
18 | 02:30 | 5%/12%/15% | $2.1 | grow 12000 WMX=3.4 s1 готов (K 18082, V старта 11.891 как у 6000); FORCEPLAN WCHK запущен (w18run/fp12k_s1.out)
19 | 02:40 | 6%/12%/15% | $2.2 | N12000 WMX=3.4 s1: inf, отказ в ТОМ ЖЕ состоянии y=(-1.378,0.128,1.083,-2.676) T 2.39, что и при 6000 ⇒ дело не в числе спор; гипотеза: агент зашёл в состояние без допустимого (|w|≤3) продолжения (V атласа знает рёбра без проверки |w| внутри дуги — п.9 wfilter не встроен в pairs)
20 | 02:50 | 6%/12%/15% | $2.3 | проверка гипотезы дёшево: wfilter NF=40 (WMAX=3) на 3 атласах WMX=3.4 → FORCEPLAN WCHK (w18run/wf_s*.out, fpwf_s*.out); если V меняется — встраивать в pairs
21 | 03:00 | 6%/13%/15% | $2.4 | wfilter NF=40,WMAX=3 на атласах WMX=3.4: выбросил ~2% рёбер (3322/150478), V старта ⇒ ∞ (они росли до 3.4, путь шёл через |w|>3) — тест не чистый; запущен wfilter на атласах WMAX=3 (kn4_nt_s1..3): wfb_s*, fpwfb_s*
22 | 03:10 | 7%/13%/15% | $2.5 | гипотеза подтверждена: wfilter NF=40 (WMAX=3) на атласах WMAX=3: s1 V 13.96→17.06 (было занижено), агент T 14.61 ×1.913 wmax 2.77 (допустимо); s2 V→∞ (связность держалась на |w|>3), s3 не связан. Следующий шаг: wfilter внутрь pairs, чтобы рост/ленивые видели честную V
23 | 03:20 | 7%/13%/15% | $2.7 | wf_apply (WFILT=1, WNF=40, WLIM=3) встроен в build/grow_round/lazy; 3 зерна g=2 grow 6000 с честной V запущены (w18run/growwf_s*.out); новые npz перезапишут старые s1-3 kn4_nt (копии _wf/_lazy остаются)
24 | 03:30 | 7%/14%/15% | $2.8 | встроенный wf_apply воспроизвёл V s1 17.064 (= внешний wfilter); s1 rollout_edges T 17.03 ×2.23 wmax 2.59; s2,s3 V ∞; запущены ленивые узлы с WFILT=1 (6 раундов, CAP 4000): lazyw_s*.out
25 | 03:40 | 7%/14%/15% | $2.9 | ленивые с WFILT=1: s1 V 17.0 ×2.22 (rollout_edges), s3 связан V 19.7 ×2.56 wmax 2.4, s2 раунд 5 V ещё ∞ (32k спор); все wmax ≤ 3 — допустимо; ждём s2 и FORCEPLAN
26 | 03:50 | 8%/14%/15% | $3.0 | ленивые s2: 6 раундов, 36082 спор, старт НЕ связан (V ∞) — для s2 лечить не ленивыми; запущен FORCEPLAN WCHK на lazy s1 и s3 (w18run/fpl_*.out)
27 | 04:00 | 8%/14%/15% | $3.1 | ЧЕСТНО g=2 (WFILT=1 WCHK=1 FORCEPLAN, WMAX≤3 допустимо): s1 lazy1 16k спор ×1.969 (wmax 2.94), s3 lazy4 28k спор ×1.7245 (wmax 2.99); s2 не связан после 6 раундов; research-11 ×1.616 близко к s3, до ≤1.1 далеко
28 | 04:10 | 8%/15%/15% | $3.2 | s2 не лечится ленивыми; для статистики/разброса запущены зёрна 4,5,6 (grow 6000 + lazy ≤6 р., WFILT=1) — growm_s*/lazym_s* в w18run (~25 мин); затем FORCEPLAN WCHK
29 | 04:20 | 8%/15%/15% | $3.3 | зёрна 4-6 (grow+lazy WFILT=1) считаются на aida; без изменений
30 | 04:30 | 9%/15%/15% | $3.4 | FORCEPLAN WCHK зёрна 4/5/6: ×1.584 (wmax 3.06!), ×1.503 (wmax 3.03!), ×1.878 (2.98); 4 и 5 чуть >3 — помечены нарушением (~1-2%); итого 5 зёрен: 1.97/1.72/1.58*/1.50*/1.88, s2 не связан
31 | 04:40 | 9%/15%/15% | $3.5 | разбор wmax 3.03-3.06 (s4/s5): DIAG-прогон s5 (fpm_s5_diag.out) покажет, из какой дуги; ~5 мин
32 | 04:50 | 0%/16%/15% | $3.6 | DIAG s5: wmax 3.02 — снова первая дуга цепочки мини-дерева tt=1.4 (9 долей пропускают пик); добавлен запас WTOL=.05 в проверку долей (|w|≤2.95); перезапуск s4,s5 (fpt_s*.out)
33 | 05:00 | 1%/16%/15% | $3.7 | WTOL=.05: s4 теперь допустимо ×1.561 (wmax 2.84); s5 ×1.891 но wmax 3.03 (другая дуга?) — DIAG-перезапуск (fpt_s5_diag.out)
34 | 05:10 | 1%/16%/15% | $3.8 | s5: опять первая дуга цепочки tt=1.4 (3.02); конец дуги проверяется на ≤3 без запаса, пик у конца — в WFR добавлена доля .95; перезапуск s5 (fpt2_s5.out)
35 | 05:20 | 1%/16%/15% | $3.9 | доля .95 не помогла (та же дуга 3.02): причина вероятно грубый RK4 n=6 в проверке долей дерева; WN=20 (n шагов) добавлен; перезапуск s4,s5 (fpn_s*.out)
36 | 05:30 | 1%/17%/15% | $4.0 | WN=20 не помог: s5 та же дуга tt=1.4 wmax 3.02 (×1.891, 3.03), s4 ×1.561 допустимо 2.84; дуга проходит фильтр долей ≤2.95 — значит это не первый шаг дерева в children (источник пока неясен); микро-нарушение 1% помечено в таблице, не блокирую
37 | 05:40 | 2%/17%/15% | $4.1 | DIAG теперь дампит y,u1,u2,tt проблемной дуги s5 (fpd_s5.out) — воспроизведу проверку долей офлайн (~8 мин)
38 | 05:50 | 2%/17%/15% | $4.2 | офлайн: arc_wmax дуги s5 = 3.02, в долях ≥.7 w малы ⇒ пик, видимо, в начале дуги (<.1 доли, 1.4 с·.1=.14 с); проверка долей заменена на WK=30 равных подотрезков одним проходом RK4; перезапуск s4,s5 (fpk_s*.out)
39 | 06:00 | 3%/18%/16% | $4.3 | WK=30 вылечило: s4 ×1.561 (wmax 2.84), s5 ×1.498 (2.82) — оба допустимы; запущен пересчёт s1,s3,s6 с новой проверкой (fpk_s*_lazy*.out)
40 | 06:10 | 3%/18%/16% | $4.4 | пересчёт s1,s3,s6 с WK=30 ещё идёт (fpk_s*_lazy*.out), без изменений
41 | 06:20 | 3%/18%/16% | $4.5 | ИТОГ g=2 допустимо (WFILT, WCHK WK=30, WTOL .05, FORCEPLAN): s1 ×1.969, s3 ×1.913, s4 ×1.561, s5 ×1.498, s6 ×1.878 (wmax 2.82–2.98 все ≤3), s2 не связан; медиана 1.878, лучший 1.498
42 | 06:30 | 4%/18%/16% | $4.6 | проверка g=1 с новой строгой проверкой WK=30: fp на атласе ell4 (g1/fpk.out) и после wfilter NF=40 (g1/fpk_wf.out)
43 | 06:40 | 4%/18%/16% | $4.7 | g=1 (7082 спор) с WK=30/WTOL: ×1.6415 wmax 2.44 без изменений; wfilter NF=40 убрал 22 из 240k рёбер, V не изменилась — g=1 устойчив; ошибка WK не влияет
44 | 06:50 | 11%/19%/17% | $4.8 | 5ч скачок до 11% (не мои расчёты — aida; проверить расход); запущен N=12000 g=2 зёрна 1,3,4 (grow+lazy+FORCEPLAN, WFILT/WK) — growb/lazyb/fpb_s*.out ~40 мин, цель: снижает ли размер разброс
45 | 07:02 | 17%/20%/17% | $5 | research-12: g=2 ×1.0017 доводкой пути по рёбрам (п.12-14); порт refine.py+trajdump.py+TRAJALL в v7; ОШИБКА: rm -r v7/sessions_task_log снёс чужие логи — worker-10 восстановлен из git, worker-14 в v7 (не в git) потерян, копия есть в v5chain/sessions_task_log; тест на aida пошёл не в тот каталог — перезапуск
46 | 07:10 | 19%/21%/18% | $5.2 | тест доводки s5 не пошёл: на aida был старый код (rsync клал cells7 не в src/) — исправил, стрей-копию удалил, перезапуск fp0/fp1 → trajdump → refine (w18run/ref)
47 | 07:20 | 21%/21%/18% | $5.4 | доводка в v7 работает: s5 путь по рёбрам 18.668 (×2.44, 48 дуг) → 9.624 (×1.2603), wmax 2.991, ok, 28 с; FORCEPLAN=1 ещё считается
48 | 07:30 | 21%/21%/18% | $5.5 | запущено пайплайн путь→доводка для s1,s3,s4,s6 × (по рёбрам, FORCEPLAN) на aida (w18run/ref/rf_*.out), s5 fp1 ещё считается
48b | 07:30 | 21%/21%/18% | $5.6 | по замечанию диспетчера: worker-14 восстановлен копией из v5chain (оригинал v7 утрачен, сверить нельзя), git status v7 — удалённых нет; правило rm -r в ISSUES.md
1 | 07:40 | 23%/22%/18% | $5.8 | доводка по рёбрам: s1 16.97→9.11 (×1.193), s3 19.53→9.624 (×1.260), s4 40.3→10.51 (×1.376, 343 с), s5 18.67→9.624, s6 16.2→9.624 (×1.260); 9.6237 повторяется (общий локальный минимум); FORCEPLAN s1,s3,s4,s6 ещё считаются; research-12 ×1.0017 — там другой класс пути (3 маха)
2 | 07:50 | 24%/22%/18% | $5.9 | N=12000 g=2 (WFILT/WK): два из трёх зёрен ×1.697 (wmax 2.72), ×1.746 (2.88) — размер 6000→12000 разброс не лечит (вне доводки); FORCEPLAN+доводка s1,s3,s4,s6 ещё считается (aida загружена)
3 | 08:00 | 25%/22%/19% | $6.0 | п.12 ГОТОВ: доводка FORCEPLAN: s1 ×1.193, s3 ×1.186, s4 **7.6485 ×1.0016**, s5 ×1.260, s6 ×1.233; по рёбрам хуже/равно (s4 ×1.376); лучший путь на зерно: медиана ×1.193; wmax 2.991 везде; дальше п.13 (несколько путей → лучший)
4 | 08:10 | 26%/23%/19% | $6.1 | п.13: reports/bdp/multipath.py — 5 стартовых s × FORCEPLAN 0/1 → доводка → лучший; запущен на s5,s6,s3 (w18run/ref/mp_s*.out)
5 | 08:20 | 28%/23%/19% | $6.2 | п.13 multipath идёт: s5 s=-.12 FP0 → ×1.256 (70 с); s6/s3 s=-.12: агент не дошёл (T null) — край отрезка вне покрытия; остальные точки считаются
6 | 08:30 | 28%/23%/19% | $6.3 | п.13: старты s=-.12/-.06 на s6,s3 — null (не дошли); s=0 ×1.260 как раньше; смещение старта по отрезку не даёт новых путей (вероятно V вне центра BIG); ждём s>0 и s5
7 | 08:40 | 29%/23%/19% | $6.4 | п.13 s5: s=-.12 FP1 → 9.1125 (×1.193, было ×1.260 при s=0); остальные точки считаются медленно (FORCEPLAN минуты/путь); s3,s6 внецентровые не дошли
8 | 08:50 | 30%/24%/19% | $6.5 | п.13 multipath без новых путей за 10 мин (FORCEPLAN-путь минуты); s5 лучший ×1.193, s6/s3 ×1.260; ctx 24% (софт 30) — через ~2 пульса готовлю handoff; 5ч 30% (порог 90%)
9 | 09:00 | 31%/24%/19% | $6.6 | п.13: s5 s=-.06 FP1 → 9.1021 (×1.192, лучший по s5); s6 s=0 FP1 ×1.233; прогон продолжается; следующий пульс — начинаю финиш/handoff (ctx 24→~26%)
10 | 09:10 | 31%/24%/19% | $6.7 | multipath: s5 5/10 путей готово (лучший ×1.192), s6,s3 по 2 (внецентровые null); без изменений; ctx 24% — финиш по достижении ~28% или когда multipath закончится
11 | 09:20 | 33%/24%/19% | $6.8 | п.13 (смещение s × FP0/1): s6 BEST ×1.2334, s3 BEST ×1.1859 — те же, что без смещения (внецентровые не доходят, null); s5 7/10 готово, лучший ×1.192; смещение старта выигрыша не даёт
09:30 | закончил смену: ctx 25%, next=hub-v5chain-worker-19
