2026-10-01 02:40:49 | IDX 1 | заступил, принял смену от hub-worker-7
1 | 02:50 | 16%/6%/19% | $0.3 | старт выполнен (пульс, handoff, коммит 497ae19); далее PLAN 0д(1): A* с учётом препятствий
2 | 03:00 | 16%/6%/19% | $0.3 | без изменений; приступаю к A* с препятствиями (читаю adaptive_nd._tree/hfun)
3 | 03:10 | 16%/7%/19% | $0.45 | на aida идут 4 прогона 6D+диски (база, A* WH .5/1/2); жду результаты (wh*.log)
2026-10-01 03:14:13 | IDX 4 | A* с дисками: WH=1–2 → 3/4 (база 2/4, WH=3 1/4); записано, коммит
5 | 03:20 | 16%/7%/19% | $0.6 | A* с дисками: WH=1–2 → 3/4 (коммит fd925d9); далее дефолт WH при blocked, q4 с дисками
6 | 03:30 | 17%/7%/19% | $0.6 | без изменений; следующее — дефолт WH при blocked (1–2), затем q4 с дисками
7 | 03:40 | 17%/7%/19% | $0.7 | back_heuristic: дефолт WH 1.5 при препятствиях (S.has_obst), 3 без; коммит; далее q4 с дисками
8 | 03:50 | 17%/8%/19% | $0.7 | без изменений; проверяю q4 с дисками (неизбежное столкновение?)
2026-10-01 03:50:43 | IDX 9 | q4 с дисками: перебор слоёв глубина 5 → 0 выживших, столкновение неизбежно; коммит
10 | 04:00 | 17%/8%/20% | $0.8 | q4 с дисками закрыт (неизбежное столкновение, 78e9e47); далее: цель 3 звена вверх (q1=π/2) на aida
11 | 04:10 | 17%/8%/20% | $0.8 | запущено на aida: 3 зв.+g цель ВВЕРХ (UP=1) NB12000/NF3000 и 24000/6000 (up1/up2.log)
12 | 04:20 | 18%/8%/20% | $0.8 | жду aida: up1/up2.log (3 зв.+g цель вверх)
2026-10-01 04:20:16 | IDX 13 | 3 зв.+g цель вверх: 4/4 (NB12000 NF3000); записано, коммит
14 | 04:30 | 18%/9%/20% | $1.1 | цель вверх 3 зв.+g 4/4 (6eb9ba3); далее эталон T 6D; проверить, что up2 на aida не висит
15 | 04:40 | 18%/9%/20% | $1.1 | без изменений; aida свободна; остался пункт PLAN 0д(3): эталон T 6D (сетка/верхняя оценка)
16 | 04:50 | 18%/9%/20% | $1.1 | очередь PLAN 0д исчерпана кроме эталона T 6D: сетка 6D невыполнима, нужен дизайн (research); работаю над ним по возможности
17 | 05:00 | 18%/9%/20% | $1.1 | без изменений; очередь исчерпана (ждёт идею research по эталону T 6D / слово пользователя)
18 | 05:10 | 18%/9%/20% | $1.2 | по PLAN (а): stats_manip6.py (32 запроса, corridor_batch); на aida 3 зв.+g вниз и вверх NB12000 NF3000 (st3down/st3up.log)
19 | 05:20 | 21%/10%/20% | $1.3 | идут st3down/st3up (32 запроса, aida); пока считается — готовлю серии для dd с дисками
2026-10-01 05:10:28 | IDX 20 | stats 3down (без JSON-ошибки): 32/32 мед. T 2.38, 401 с; перезапуск с исправленным JSON: 3down, 3up, 3downobst (NB24000 NF6000)
21 | 05:30 | 24%/10%/20% | $1.4 | на aida идут stats 3down/3up/3downobst (32 запроса); (3down прошлый: 32/32 мед. T 2.38); жду JSON → reports/v6_stats.md
22 | 05:40 | 1%/11%/21% | $1.5 | stats: 3downobst 26/32 мед. T 2.89 (464 с); 3down/3up перезапущены (в первый раз не стартовали — баг цикла env); жду JSON → v6_stats.md
23 | 05:50 | 1%/11%/21% | $1.6 | (а) 3 зв.+g: вниз 32/32 T/ref med 1.009 max 1.126; вверх 32/32 med 1.034 max 1.363; диски 26/32; v6_stats.md, коммит; далее 2 зв.+g, dd+диски, маятник
24 | 05:50 | 3%/11%/21% | $1.6 | (а) 3 зв.+g готово (e0c0a89); делаю stats для 2 зв.+g 4D (manip2dyn)
25 | 06:00 | 3%/12%/21% | $1.7 | запущено stats 2 зв.+g вверх/вниз (40 запросов, NB3000 NF2000) на aida
2026-10-01 05:41:50 | IDX 26 | 2 зв.+g 4D: 40/40 вверх и вниз (мед. T 2.83/2.63, серия 40 с); коммит; далее dd+диски, маятник, (б) 8D
27 | 06:10 | 4%/12%/21% | $1.8 | (а): 2 зв.+g 40/40 (93dcb89); далее (б) 4 звена 8D на aida: нужен manip4dyn (обобщить manip3dyn n=4)
28 | 06:20 | 4%/12%/21% | $1.9 | (б): manip3dyn n=4 (MS 4-я .25), stats_manip4.py; на aida 4 звена 8D NB12000/NF3000 и NB40000/NF10000, 8 запросов
29 | 06:30 | 4%/13%/21% | $2.0 | (б) 4 звена 8D идут на aida (st4_12000/st4_40000.log); жду; затем (в) sweep и (г)
30 | 06:40 | 5%/13%/21% | $2.0 | жду st4_* (8D) на aida
2026-10-01 06:11:21 | IDX 31 | (б) 8D: NB12000 3/8, NB40000 NF10000 7/8; коммит; далее (в) sweep, (г)
32 | 06:30 | 6%/14%/21% | $2.1 | (в) sweep на aida: sweep_2g.sh (2 зв.+g вверх, 40 зап.; DT/KN/WH/TR/NB), вывод sweep2g.out
33 | 06:50 | 6%/14%/21% | $2.1 | (в) sweep идёт на aida (19 прогонов); жду sweep2g.out → график+таблица
2026-10-01 06:30:52 | IDX 34 | (в) sweep 2 зв.+g готов (плоский, dt .1 хуже), график, коммит; далее sweep на 3 зв.+g вниз и (г)
35 | 07:00 | 6%/14%/21% | $2.2 | по просьбе research-5: stats_manip6 пишет seq/dts; перегон 3down/3up на aida (~10 мин)
36 | 07:10 | 8%/15%/22% | $2.3 | перегон 3down/3up с seq/dts для research-5 идёт на aida; затем отдать JSON, потом (г)
2026-10-01 06:43:14 | IDX 37 | отдал research-5 пути seq/dts (stats_3down/3up, 0e1069d) через tmux
2026-10-01 06:45:40 | IDX 38 | v6_stats обновлён итоговым эталоном research-5 (вниз 1.018/1.17, вверх 1.036/1.36)
39 | 07:30 | 13%/15%/22% | $2.4 | v6_stats с эталоном research-5 (48bb957); далее (г) адаптив vs сетка при равном N, 2 зв. 4D (ref_manip_dyn_grid.py)
40 | 07:40 | 13%/15%/22% | $2.5 | (г) запущен adaptive_vs_grid_4d.py на aida (avg4d.log): адаптив NB 600–25000 vs сетка 2304–147456 узлов, 8 зап.
2026-10-01 06:52:04 | IDX 41 | (г) готово: адаптив N=2400 V/ref 1.14, сетка 147k узлов 2.26; коммит; далее (д) v6_summary.md, sweep 3 зв.
42 | 07:50 | 14%/16%/22% | $2.6 | (г) готово (a2f821b); пишу итоговый reports/v6_summary.md (д)
2026-10-01 07:00:24 | IDX 43 | v6_summary.md написан, коммит; далее: sweep на 3 зв., статистика dd+диски/маятник
44 | 08:00 | 14%/17%/23% | $2.7 | (в) sweep на 3 зв.+g вниз запущен на aida (sweep_3g.sh, 10 прогонов по 16 зап., 2 потока; ~40 мин)
2026-10-01 07:16:29 | IDX 45 | разбор research-5 по 'вверх' (WM-рамка 1/3, топология 2/3) → v6_summary, decisions; sweep 3 зв. идёт
46 | 08:20 | 18%/17%/23% | $2.8 | идёт sweep 3 зв.+g вниз (aida, 2 потока, 10 прогонов); разбор research-5 внесён (a31df18); далее таблица sweep и статистика dd+диски/маятник
47 | 08:30 | 18%/17%/23% | $2.8 | sweep 3 зв.+g: 5 из 10 прогонов готовы; жду остальные → таблица
2026-10-01 07:31:20 | IDX 48 | sweep 3 зв.+g готов (плоский, dt .1 15/16), коммит; далее статистика dd+диски, маятник
49 | 08:50 | 19%/18%/23% | $2.9 | sweep 3 зв. готов (326bc5f); делаю stats дифдрайв+диски (30 зап.) и маятник; ctx 18% — после них финиш смены
50 | 09:00 | 19%/18%/23% | $3.0 | dd+диски 40 зап.: 38/40, 0 столкн., T/V_сетки med 0.886 (сетка — верхняя оценка); маятник 40 зап. идёт на aida
2026-10-01 07:42:22 | IDX 51 | (а) завершён: dd+диски 38/40, маятник 40/40; v6_summary дополнен; коммит
52 | 09:10 | 19%/18%/23% | $3.1 | (а) завершён (afe3368); запущен 8D NB100000 NF25000 на aida (кривая NB: 12k 3/8, 40k 7/8)
53 | 09:20 | 20%/19%/23% | $3.2 | жду 8D NB100000 NF25000 на aida (back ~25 мин + запросы); (а)(в 2/3зв)(г)(д) готовы
54 | 09:30 | 20%/19%/23% | $3.2 | без изменений: 8D NB100000 считается на aida
55 | 09:40 | 21%/19%/23% | $3.2 | без изменений: 8D NB100000 считается на aida
56 | 09:50 | 22%/20%/24% | $3.3 | без изменений: 8D NB100000 на aida; ctx 20% — при ≥25% финиш смены (handoff)
2026-10-01 08:21:16 | IDX 57 | 8D NB100000 NF25000: 8/8 (кривая 3/8→7/8→8/8); коммит
58 | 10:00 | 23%/20%/24% | $3.4 | 8D NB100000 8/8 (fd69753); запущен 8D sweep на NB40000 NF10000: WH0, WH1.5, KN16 (база 7/8) на aida
59 | 10:10 | 23%/20%/24% | $3.4 | жду 8D sweep (WH0, WH1.5, KN16 при NB40000 NF10000) на aida
60 | 10:20 | 23%/20%/24% | $3.4 | без изменений: 8D sweep считается на aida
2026-10-01 08:52:57 | IDX 61 | sweep 8D: WH0 6/8, WH1.5 7/8, KN16 7/8; коммит
62 | 10:40 | 23%/21%/24% | $3.5 | sweep 8D готов (3ab9328); все пункты (а)–(д) выполнены; эксперимент: 3up K=8 tries=5 — улучшит ли выбор топологии (потери 'вверх')
63 | 10:50 | 24%/21%/24% | $3.5 | идёт 3up K=8 tries=5 (32 зап., aida): проверка, лечит ли больше кандидатов выбор топологии 'вверх'
2026-10-01 09:02:38 | IDX 64 | 3up K=8 tries=5: mean 1.081 vs 1.085, max 1.363 — больше кандидатов не лечит; коммит
65 | 11:00 | 24%/21%/24% | $3.6 | 3up K8 не лечит (5f2a912); запущен 3up с WM=6 (рамка |w|), 32 зап., проверка гипотезы 'рамка = 1/3 потерь'; после — финиш смены
2026-10-01 09:15:46 | IDX 66 | 3up WM=6: mean T/ref 1.057 (WM=3: 1.085), max 1.259; коммит
67 | 11:20 | 25%/22%/24% | $3.7 | WM=6 вверх: mean 1.057 (58c3327); начинаю финиш смены (ctx 22%, прогноз ≥25%)
2026-10-01 09:20:28 | IDX 68 | закончил смену: ctx 22%, next=hub-worker-9
