2026-10-04 13:41:23 | IDX 1 | заступил, принял смену от hub-v5chain-worker-16
2026-10-04 13:41:44 | 4 | старт закончен (коммит локально, пуш без кредов — по TASK не нужен); смотрю aida b4d_*
2026-10-04 13:42:05 | 5 | PRUNE=1 дефолт, закоммичено; дальше 4D финиш/200k на aida
2026-10-04 13:42:17 | 6 | aida: b4d_200k.py (4D ДИ 200k спор, dt .005) запущен; результат ~/spore_v5/w16/b4d_200k.out
1 | 13:50 | 2%/6%/12% | $0.4 | старт сделан (handoff разложен, PRUNE=1 дефолт, коммит локально); на aida идёт 4D ДИ 200k спор (b4d_200k.out), жду build; дальше — выбросы 4D (финиш по осям, старт 88), затем дд шум K/мёртвая зона
2 | 14:00 | 2%/7%/12% | $0.5 | без изменений: aida строит 4D 200k (b4d_200k.out), фоновая проверка ждёт 'build'; дальше разбор выбросов 4D и дд шум
3 | 14:14 | 2%/7%/12% | $0.6 | aida b4d_200k жива, build ещё идёт (>25 мин, вывода нет; 100k строился дольше обычного?); жду, затем разбор выбросов 4D и дд шум
4 | 14:20 | 3%/7%/12% | $0.7 | aida b4d_200k ещё строится (одно ядро); параллельно беру п.(б) дд при шуме на хабе
5 | 14:31 | 3%/7%/12% | $0.8 | aida b4d_200k строится 48 мин (одно ядро); на хабе запущен err.py: сетка K=.3/.6/1 при σ.01, EST=2 ARCV=1, ω·.9 (scratchpad dd_noise.out)
5b | 14:34 | err.py: N — число спор (30 было ошибкой), перезапуск N=1500, K=.3/.6/1, σ.01, ω·.9 → scratchpad/dd_noise.out
1 | 14:40 | 6%/8%/12% | $1.0 | дд σ.01, N1500, ω·.9: K=.3 mean 1.56 (95%), K=.6 1.50 (100%, лучшее), K=1 1.66 (без шума было 1.14); запущена сетка σ×K (dd_noise2.out); aida b4d_200k строится 58 мин, вывода нет (там же чужие butterfly_dp_grow)
14:43 | 1b | дд: порог оценки ĝ по длине хорды/углу (EMIN/PMIN) лечит шум: σ.01 1.50→1.35, σ.02 2.04→1.57
1 | 14:50 | 7%/8%/12% | $1.2 | дд шум: порог оценки ĝ (EMIN/PMIN) σ.01 1.50→1.35, σ.02 2.04→1.57, закоммичено; aida b4d_200k строится >1ч (вывода нет); дальше порог ∝σ + вес по длине дуги, потом выбросы 4D
2 | 15:00 | 9%/9%/12% | $1.4 | 4D ДИ 200k спор (build 4055 с), агент dt .005: mean 1.070 / med 1.027 / p90 1.137 / max 2.01 / >1.5×: 2.7% (100k: 1.089, max 2.59); дальше σ-порог дд и разбор худших 4D
3 | 15:10 | 9%/9%/12% | $1.6 | дд шум: порог ĝ = 20σ (EMIN=PMIN) почти оптимален: σ.005 1.35, σ.01 1.36, σ.02 1.56 (без порога 1.49/1.50/2.04); дальше разбор худших 4D
4 | 15:20 | 10%/9%/13% | $1.8 | 4D 200k: dt.0025 mean 1.062 max 1.79 (>1.5×: 1.3%); худшие — V/T* 1.02–1.11 (цена хорошая), но 6–21 переключений → выбросы = дискретизация/дребезг агента, не атлас; следующий шаг: гистерезис/удержание дуги в агенте 4D
5 | 15:30 | 10%/9%/13% | $1.9 | без новых запусков: гистерезис-удержание уже мерили (b4d_hold: hold .15→mean 1.42, хуже), значит лечить дискретизацию — адаптивный dt у цели; готовлю b4d_adapt (50k спор, быстрее строится), результат в след. пульс
5b | 15:30 | aida: b4d_adapt.py 50k (адаптивный dt=clip(frac·V) vs const .01/.005; frac .02/.05/.1) → ~/spore_v5/w16/b4d_adapt.out
15:31 | принято от research-11: PLAN п.7 (RRT=1 + ленивые узлы в v7 butterfly_dp, g=2) и п.8; беру после b4d_adapt (идёт на aida); смотрю прототипы
15:33 | п.7: в v7 butterfly_dp.py добавлены RRT=1, snap (SNAPA 1e-4), lazy_nodes/CLI 'lazy', имя npz с _g/_rrt; смоук ОК; aida ~/spore_v5/w17/chain_g2.sh: grow 3000 G=2 RRT FWD=3000 → ленивые ≤4 р. (run/grow_g2.out, lazy_g2.out); b4d_adapt build ещё идёт
1 | 15:40 | 13%/12%/13% | $2.0 | п.7 порт в v7 (RRT=1, snap, lazy_nodes, CLI lazy) готов, коммит локально; aida: chain_g2 (grow 3000 G=2 → ленивые ≤4 р.) и b4d_adapt (4D адаптивный dt) идут; жду результатов
2 | 15:50 | 13%/12%/13% | $2.2 | п.7 ВОСПРОИЗВЕДЕНО на v7: g=2 grow 3000 RRT → ленивые р.3 V старта 23.359 (research 23.4), агент по рёбрам T 20.27 (×2.65 OCP, 51 дуга); 4D адаптивный dt (50k): mean 1.116–1.133 ≈ const .005 (1.111) — выигрыша нет; дальше п.8 (дешёвые ленивые) и доведение g=2 до ≤1.1
3 | 16:00 | 14%/13%/13% | $2.4 | п.7 готов и записан (g=2 V 23.359 в v7); берусь за п.8: фильтр ленивых спор по конечной V до добавления в атлас (LAZYFIN)
3b | 16:01 | п.8 LAZYFIN=1 (v7): старт связан на р.7 при 6711 спорах (база: р.3, 18082), 47 с вместо 170; V 24.62 (база 23.36), агент T 24.55 (×3.2 OCP, база ×2.65) — дешевле, но хуже; конечных новых 14–197/4000
1 | 16:10 | 15%/14%/13% | $2.6 | п.8 LAZYFIN: 6711 спор вместо 18082, но T ×3.2 против ×2.65 (дешевле, хуже); запущен эллипс g=2 на базовом атласе (lazy3, 8 р.) на aida ell_g2.out; OCP в v7 теперь по G
2 | 16:20 | 15%/14%/13% | $2.7 | эллипс g=2 на aida: р.1 (+1000 спор, 418 с) V 23.36→23.32, T 20.27 без изменения; раунд ~7 мин, 8 раундов ≈ 1 ч; пока улучшения нет — жду р.2–3, при плато менять родителей (кольца/FORCEPLAN)
3 | 16:30 | 15%/14%/13% | $2.8 | эллипс g=2 р.2: V 23.26 (почти не падает), агент T 22.20 (×2.91, хуже р.1 20.27), 20082 спор; эллипс при V старта ~23 мало что даёт — V упирается в качество связи, не в плотность; ждём р.3–4, затем идея: ленивые узлы ПОСЛЕ эллипса / g=1 проверка RRT
4 | 16:40 | 0%/14%/13% | $2.9 | эллипс g=2 идёт (р.2: V 23.26, T 22.20); 5ч-окно сброшено (0%); жду р.3–4, затем ленивые после эллипса
5 | 16:50 | 1%/14%/13% | $3.0 | эллипс g=2 идёт (р.3: V 22.87, T 22.79 ×2.98); п.7/п.8 сделаны и закоммичены; следующее — проверка g=1 с RRT+ленивыми (мало спор) после эллипса
6 | 17:00 | 1%/14%/13% | $3.1 | эллипс g=2 всё ещё на плато (р.4 T×2.97); параллельно на aida запущен g=1 N1500 FWD1500 TR FR: RRT=0 vs RRT=1 (w17/g1/r0,r1), цель — тот же V/T при том же числе спор
7 | 17:10 | 2%/15%/14% | $3.2 | g=1 N1500 FWD1500 (3082 спор, без эллипса, v7): RRT=1 V 11.79 / T 11.77 (×2.31 OCP), RRT=0 V 13.66 / T 13.50 (×2.65) — RRT лучше на 14% при тех же спорах; эллипс g=2 р.5: V 22.63 T 22.62 (×2.96) плато
8 | 17:20 | 3%/15%/14% | $3.3 | запущен эллипс g=1 6 р. на RRT=0 и RRT=1 (w17/g1/r*/ell.out); g=2 эллипс продолжается (плато ×2.96)
9 | 17:30 | 3%/15%/14% | $3.4 | g=1 эллипс (агент по рёбрам, без FORCEPLAN): RRT=0 р.3 6082 спор V 9.65 T 9.61 (×1.89); RRT=1 р.4 7082 спор T 10.58 (×2.07) — после эллипса RRT=0 лучше (RRT выигрывал только до эллипса: 11.77 vs 13.50); ждём р.6, затем FORCEPLAN-агент (research: ×1.05)
10 | 17:40 | 4%/15%/14% | $3.6 | g=1 7082 спор + агент FORCEPLAN: RRT=1 T 6.13 (×1.20 OCP, 11 дуг), RRT=0 T 7.35 (×1.44); без FORCEPLAN агент рёбер хуже (×2.07/×1.9..2.2) — т.е. RRT=1 лучше с FORCEPLAN; пускаю FORCEPLAN на g=2 (23082 спор)
11 | 17:50 | 5%/16%/14% | $3.7 | FORCEPLAN на g=2 атласе (23k спор, ell7) на aida считается (память ок, 20/60 ГБ), результат в run/fp_g2_ell7.out; g=1 FORCEPLAN: RRT=1 ×1.20 / RRT=0 ×1.44
12 | 18:00 | 5%/16%/14% | $3.8 | g=2 + FORCEPLAN на 25082 спорах (эллипс 7 р.): T 15.19 (×1.99 OCP 7.636, 29 дуг), без FORCEPLAN ×3.0 — FORCEPLAN вдвое лучше; V 22.0 (завышена) → V g=2 неточна, до ≤1.1 далеко
13 | 18:10 | 6%/16%/14% | $3.9 | запущены FORCEPLAN глубина 3 и 5 значений t (g=2 ell7 и g=1 RRT ell4) на aida: run/fp_g2_dep3.out, fp_g2_ts5.out, g1/fp_dep3.out — проверка, сколько даёт агент при том же атласе
14 | 18:20 | 6%/16%/14% | $4.0 | g=2 25082 спор FORCEPLAN с 5 значениями t (TS=.15,.3,.5,.9,1.4) T 9.03 = ×1.18 OCP (11 дуг; с TS .25/.5/.9 было ×1.99) — агент важнее атласа; DEP3 и g=1 DEP3 ещё считаются
15 | 18:30 | 6%/17%/14% | $4.1 | g=1 7082 спор (RRT=1+эллипс 4 р.) FORCEPLAN DEP=3: T 5.33 = ×1.0455 OCP (8 дуг, 650 с/запрос) — лучше research (1.0545) и при 7k спор вместо 10k+; g=2 DEP3 ещё считается; дальше: DEP3 + TS5 на g=2, затем отчёт
16 | 18:40 | 7%/17%/14% | $4.2 | без изменений: g=2 FORCEPLAN DEP=3 (25k спор) ещё считается на aida (run/fp_g2_dep3.out); результаты: g=1 ×1.0455 (DEP3), g=2 ×1.18 (TS5, DEP2); DEP3+TS5 для g=2 не ставлю — комбинаторика
17 | 18:50 | 8%/17%/14% | $4.3 | факты п.7/п.8 и замеры FORCEPLAN записаны в knowledge/research/butterfly_dp.md; g=2 DEP3 ещё считается на aida
18 | 19:00 | 8%/17%/14% | $4.4 | g=2 DEP3 идёт 50 мин (g=1 такой считался 11 мин — g=2 может часы); параллельно запущены дешёвые варианты g=2 DEP2: TS из 8 значений и TS5+TOPE=10 (run/fp_g2_ts8.out, fp_g2_ts5_tope10.out)
19 | 19:10 | 8%/17%/14% | $4.5 | g=2 25082 спор FORCEPLAN DEP=3 (TS .25/.5/.9): T 8.30 = ×1.087 OCP (16 дуг, 58 мин/запрос) — цель ≤1.1 достигнута (с RRT+ленивые+эллипс 7 р.); TS8 и TOPE10 ещё считаются
20 | 19:20 | 9%/18%/14% | $4.6 | g=2 DEP2: TS8 (8 значений) T 9.38 ×1.228 (10 мин, хуже TS5 ×1.183); TS5+TOPE10 тот же ×1.183 (TOPE не влияет); значит лучший дешёвый — TS5 ×1.18, лучший вообще — DEP3 ×1.087 (58 мин)
21 | 19:30 | 9%/18%/14% | $4.7 | цель п.7 достигнута; смотрю код FORCEPLAN (v7 butterfly_dp.py ~l.185-260) чтобы ускорить DEP3 (58 мин/запрос) отсечением веток
21b | 19:30 | в v7 plan() добавлен BEAM (на след. уровень дерева — лучшие B по cost+V листа); запущен g=1 DEP3 BEAM=10/30/100 на aida (g1/fp_dep3_beam*.out); база без BEAM: ×1.0455, 650 с
1 | 19:40 | 10%/18%/15% | $4.8 | BEAM g=1 DEP3 (7082 спор): BEAM10 ×1.83 (70 с), BEAM30 ×1.21 (135 с), BEAM100 ×1.72 (266 с) vs полный ×1.0455 (650 с) — отсечение по top-B ломает выбор, и немонотонно (30 лучше 100) ⇒ один старт даёт шумную оценку; нужны несколько стартов, а не один «висит→вверх»
2 | 19:50 | 11%/19%/15% | $4.9 | запущено на aida: g=1 7082 спор, агент rollout(plan) на 10 стартах вокруг START (ms.py): DEP2 / DEP2+TS5 / DEP3 подряд (g1/ms_*.out) — честное сравнение вариантов агента на одних стартах (эталона OCP у случайных стартов нет, сравниваю T между вариантами и T/V)
3 | 20:00 | 12%/19%/15% | $5.0 | g=1 7082 спор, 10 стартов: DEP2 meanT 5.73 med 5.68 max 7.47 (66 с всего); DEP2+TS5 meanT 5.58 max 6.94 (135 с); T/V ≈ .59–.64 (V атласа завышена в 1.6×, агент реальнее); DEP3 считается
4 | 20:10 | 12%/19%/15% | $5.1 | без изменений: g=1 DEP3 на 10 стартах ещё считается на aida (g1/ms_dep3.out); DEP2/TS5 уже есть (meanT 5.73 / 5.58)
5 | 20:20 | 12%/19%/15% | $5.2 | g=1 7082 спор, 10 стартов: DEP3 meanT 5.24 (med 5.39, max 6.0, 21 мин/10 стартов) против DEP2 5.73 (max 7.47) и DEP2+TS5 5.58 — глубина 3 стабильно лучше на −8.5% по среднему и −20% по максимуму (не артефакт одного старта)
6 | 20:30 | 13%/20%/15% | $5.3 | запущено то же сравнение агента для g=2 (25082 спор, 8 стартов): DEP2 / DEP2+TS5 / DEP3 параллельно на aida (run/ms_*.out); DEP3 ожидается часами
7 | 20:40 | 13%/20%/15% | $5.4 | без изменений: g=2 ms_dep2 / ms_dep2_ts5 / ms_dep3 (8 стартов, 25k спор) считаются на aida; результатов ещё нет
8 | 20:50 | 14%/20%/15% | $5.5 | без изменений: g=2 ms_* (8 стартов) ещё считаются на aida
9 | 21:00 | 14%/20%/15% | $5.6 | без изменений: g=2 ms_* (8 стартов) ещё считаются на aida (30 мин)
10 | 21:10 | 15%/20%/15% | $5.7 | g=2 25082 спор, 8 стартов: DEP2 TS3 meanT 14.06 (max 18.0) против DEP2 TS5 meanT 9.14 (max 12.1) — набор длительностей −35% стабильно по всем стартам (T_start 15.19/9.03 повторены); DEP3 ещё считается
11 | 21:20 | 16%/20%/15% | $5.8 | v7: по умолчанию TS агента для G=2 = .15,.3,.5,.9,1.4 (−35% T по 8 стартам); g=1 остаётся .25/.5/.9 (TS5 даёт лишь −2.6%); g=2 DEP3 на 8 стартах ещё считается
12 | 21:30 | 16%/21%/15% | $5.9 | без изменений: g=2 DEP3 (8 стартов, 25k спор) считается на aida 1 ч; всё остальное закоммичено
13 | 21:40 | 1%/21%/16% | $6.0 | 5ч-окно сброшено; g=2 DEP3 8 стартов ещё считается; после результата — handoff-подготовка (ctx 21%, софт 30%)
14 | 21:50 | 1%/21%/16% | $6.1 | без изменений: g=2 ms_dep3 считается (1.3 ч)
15 | 22:00 | 2%/21%/16% | $6.2 | без изменений: g=2 ms_dep3 (8 стартов) считается на aida
16 | 22:10 | 2%/21%/16% | $6.3 | без изменений: g=2 ms_dep3 считается (1.7 ч)
17 | 22:20 | 3%/21%/16% | $6.4 | без изменений: g=2 ms_dep3 считается (1.9 ч)
18 | 22:30 | 3%/21%/16% | $6.5 | без изменений: g=2 ms_dep3 (8 стартов, глубина 3) считается на aida ~2 ч
19 | 22:40 | 3%/21%/16% | $6.6 | по слову диспетчера не жду ms_dep3: беру PLAN п.6 (дд + 2 диска против эталона с дисками dd_obst_ref) на хабе
20 | 22:34 | 3%/21%/16% | $6.8 | PLAN п.6 СДЕЛАН (хаб): v7 butterfly_dd + 2 диска против эталона С ДИСКАМИ (59 стартов): N800 mean 1.084 / N1500 1.060 (med 1.043, p90 1.13, max 1.257) / N3000 1.040 (max 1.195), достижимость 100%; скрипт v7/reports/bdd/obst_ref.py; ранее «1.085» было против свободного эталона
21 | 22:50 | 5%/22%/16% | $6.9 | PLAN п.6 сделан (дд+2 диска vs эталон с дисками: N3000 mean 1.040, N1500 1.060, max 1.26; 100%); g=2 ms_dep3 всё ещё на aida; следующий лёгкий пункт на хабе — отсечение DEP3 по значению листа (не top-B), либо мягче фильтр LAZYFIN
22 | 22:50 | 5%/22%/16% | $7.0 | v7 plan(): BEAMREL — на след. уровень дерева узлы с cost+V(лист) ≤ (1+x)·лучшее (cap 400); запущено g=1 DEP3 на 10 стартах BEAMREL 0.1/0.3/0.6 на aida (g1/ms_dep3_rel*.out), база DEP3 meanT 5.24 за 21 мин
23 | 23:00 | 5%/23%/16% | $7.1 | g=2 25082 спор, 8 стартов DEP3 (TS3): meanT 8.46 max 10.1 (T_start 8.30) против DEP2 TS5 9.14 (−7%) и DEP2 TS3 14.06 (−40%), 2.2 ч на 8 стартов; BEAMREL .1/.3/.6 на g=1 DEP3 — мимо: meanT 7.55 против 5.24 полного (все пороги одинаково плохо) ⇒ отсечение веток дерева не работает, глубину 3 не ускорить этим путём
23:00 | принято от research-11: PLAN п.9–10 (g=2: допустимый T 12.34=×1.616 OCP; |w| вдоль дуги в pairs, WCHK/ONK/PEND агента, рост KN=4 NT=1); читаю
23:01 | ВАЖНО: мои g=2 замеры (×1.087 DEP3, ×1.18 TS5) не проверяли |w|≤3 вдоль дуг (fp.py/ms.py не печатали wmax) — они, возможно, недопустимы (research-11 даёт допустимый 12.34); запущен перемер g=2 TS5 с wmax на aida (run/fp_g2_ts5_w.out, ms_dep2_ts5_w.out)
23:02 | п.9 порт: v7 butterfly_dp.wfilter + CLI 'wfilter' (|w|≤WMAX вдоль дуги в NF точках, плохие рёбра долой, V пересчитан); запущен на g=2 атласе (aida run/wf_g2.out); перемер wmax идёт
23:10 | КОРРЕКЦИЯ: g=2 FORCEPLAN TS5 ×1.18 имеет wmax 5.82 > 3 (недопустим); значит мои g=2 ×1.087/×1.18/−35% — НЕ допустимые решения (допустимый у research-11: 12.34 ×1.616). wfilter на атласе: 127 рёбер из 701447 убрано, V не изменилась (22.023) ⇒ нарушает агент (дуги мини-дерева), нужна проверка |w| в агенте (WCHK) — п.10
1 | 23:10 | 7%/24%/16% | $7.3 | КОРРЕКЦИЯ: мои g=2 агентные замеры (×1.087/×1.18) недопустимы — wmax вдоль пути 5.82 > 3; допустимый только у research-11 ×1.616; п.9 wfilter портирован (127 из 701k рёбер, V без изменений ⇒ нарушает агент); следующее — п.10: WCHK/ONK/PEND в агент v7 и перемер g=2 допустимо; ctx 24% (софт 30%) — готовлю handoff после п.10-замера
2 | 23:20 | 7%/24%/16% | $7.4 | п.10: сверяю агент research (butterfly_dp_query.py, 160 строк: WCHK/ONK/PEND/CHAIN) с агентом v7 в butterfly_dp.py — порт целиком; перемер g=2 допустимо после
2b | 23:21 | п.10: агент research-11 (WCHK/ONK/PEND/CHAIN) портирован в v7 butterfly_dp.py целиком (замена блока агента; потерянные KS/MARG восстановлены); регрессия g=1 WCHK=0: T 6.129 (×1.2023) как раньше, но wmax 3.99>3; запущены WCHK=1 g=1 и g=2 (g1/fp_wchk.out, run/fp_g2_wchk.out)
1 | 23:30 | 8%/25%/17% | $7.6 | WCHK=1 (агент research-11 в v7): g=2 25082 спор T 10.13 (×1.326 OCP, 13 дуг) но wmax 3.22 — всё ещё чуть > 3 (проверить: плотность выборки точек дуги/PEND-фолбэк); g=1 7082 спор T 8.37 (×1.64) wmax 2.44 допустимо (без WCHK было ×1.20 при wmax 3.99 — недопустимо); research-11 g=2 допустимо 12.34 (×1.616) — мой атлас лучше
2 | 23:40 | 9%/26%/17% | $7.8 | ctx 26% (софт 30%) — иду на финиш/handoff: WCHK g=2 ×1.326 (wmax 3.22 — проверить), g=1 ×1.64 допустимо; п.7,8,9,6 сделаны; п.10 агент портирован, рост KN=4/NT=1 не портирован
2026-10-04 23:40:42 | закончил смену: ctx 26%, next=hub-v5chain-worker-18
2026-10-05 02:00:49 | принял поправку research-11 после финиша: g=2 ×1.616 = одно удачное зерно; PLAN п.11 (N×зерно, WPAIR=1) — для hub-v5chain-worker-18
