1 | 2026-09-29 17:45:55 | заступил, принял смену от hub-worker-2
2 | 17:50 | 5ч3%/ctx6%/7д8% | $0.4 | старт выполнен; начинаю B: политика поворотных рёбер без интерполяции (aida для тяжёлого)
3 | 18:00 | 5ч3%/ctx6%/7д8% | $0.4 | читаю five_d.py под задачу B (поворотные рёбра без интерполяции); правок пока нет
4 | 18:10 | 5ч5%/ctx6%/7д8% | $0.4 | изучаю five_d.py и отчёт по B, выбираю дизайн политики без интерполяции
5 | 18:20 | 5ч6%/ctx7%/7д9% | $0.6 | добавил режим nearest в five_d.py + reports/diffdrive_5d_nearest.py; запуск блокировал сбой классификатора Bash, повторяю
6 | 18:30 | 5ч6%/ctx8%/7д9% | $0.8 | B nearest замерен (10× быстрее, T(1,0)=2.0, вероятно оптимистичен), коммит 749939a; дальше rollout из покоя на nearest-поле для проверки
7 | 18:40 | 5ч7%/ctx8%/7д9% | $0.9 | nearest занижает T (проверено rollout'ом, a8aaa6a); дальше — рёбра точно в узел: подбор nth под поворот α·dt²/2 на coarse h
8 | 18:50 | 5ч9%/ctx9%/7д9% | $1.0 | новых замеров нет; вывод по теории: точно в узел рёбра попадают только при θ кратном π/2 (cos/sin иначе иррациональны), поэтому для поворотов нужен не подбор, а 8 направлений 45° (cos=√½) — проверю, что решётка θ кратна π/4 и доп. допуск
9 | 19:00 | 5ч9%/ctx9%/7д9% | $1.0 | поправка к #8: 45° тоже не даёт точного попадания (диагональ длины m·h·√2 не кратна шагу пути) — идея неверна; замеров нет; выбираю: интерполяция + измельчение у цели / адаптивные споры (PLAN п.2)
10 | 19:10 | 5ч10%/ctx9%/7д9% | $1.1 | читаю reports/diffdrive_adapt_indicator.py и knowledge для адаптивных спор дифдрайва; замеров пока нет
11 | 19:20 | 5ч11%/ctx9%/7д9% | $1.2 | индикатор (схема A, h .5 vs .25): ошибка равномерно ~+0.11..0.13 по всем кольцам, у цели max 0.60 — адаптация по расстоянию до цели не выделяет зону; дальше смотреть по θ/направлению
12 | 19:35 | 5ч15%/ctx11%/7д9% | $1.7 | по слову пользователя (от research) перешёл на v6: B закрыт итогом, v6 = копия v4_ort, клетка DI в numpy + тест (81cd721); дальше атлас DI (споры, соседи, core/halo)
13 | 19:30 | 5ч18%/ctx11%/7д10% | $2.0 | v6 шаг 2 готов (атлас DI, 9b6746c: покрытие 1.0, 34 дыры на выходах); жду fixer с ursina; дальше шаг 3 (V по клеткам, агент). 5ч растёт быстро (18%, ~12%/ч)
14 | 19:40 | 5ч19%/ctx12%/7д10% | $2.3 | v6 шаг 3 готов (агент DI, 30ddba2: 20/20, время/T* 1.01–1.04, без клетки цели 5/20); V пока точный T*; дальше V из графа клеток (Дейкстра по Q_k) и проверка Ursina
15 | 19:58 | 5ч19%/ctx12%/7д10% | $2.4 | жив; Bash-классификатор давал сбои; v6 шаг 3 сделан (30ddba2), дальше V из графа клеток + проверка Ursina
16 | 19:59 | 5ч19%/ctx13%/7д10% | $2.6 | v6: написал AtlasView (показ атласа в Ursina, клавиша 9); сборка main.py блокирована scipy — позван fixer; дальше V из графа клеток
17 | 20:00 | 5ч20%/ctx14%/7д10% | $2.8 | ждём fixer (scipy) для сборки main.py v6; AtlasView готов, не проверен; параллельно — V из графа клеток
18 | 20:10 | 5ч21%/ctx14%/7д11% | $3.0 | v6: AtlasView закоммичен (def49e3, логика с stub ok, main.py без окна не собрать); scipy стоит; дальше V из графа клеток (Дейкстра по Q_k) + замер агента
20 | 20:21 | 5ч23%/ctx16%/7д11% | $3.4 | v6: V из графа клеток посчитан — занижен интерполяцией (болезнь v5), агент 20/20 но 1.08/1.44 от T*; коммит; дальше: коридор (dt_i,u_i) или V без интерполяции
21 | 20:30 | 5ч23%/ctx16%/7д11% | $3.6 | v6 4а закоммичен (a95a101): V из графа занижен интерполяцией, агент 1.08/1.44 от T*; вопрос для research — в knowledge/v6_findings.md; дальше коридор (dt_i,u_i) + оптимизация моментов
22 | 20:32 | 5ч24%/ctx17%/7д11% | $3.9 | совет research проверен: τ=√h лечит mean(V−T*) (−0.04 при h=.2), агент 1.07 (h=.4) / 1.16 (h=.2, τ=2h), max|e| 1–1.4 у излома остаётся; дальше коридор+оптимизатор
23 | 20:40 | 5ч26%/ctx16%/7д11% | $4.0 | пишу коридор (dt_i,u_i): из траектории агента → схлопнуть дребезг → оптимизатор длительностей (least_squares) → замер против T*
24 | 20:50 | 5ч26%/ctx17%/7д11% | $4.2 | v6 шаг 4 готов (4757b5a): коридор DI время/T*=1.0000 (даёт структура ≤1 переключения+оптимизатор); дальше нормировка L/T + клавиша масштаба оси v в Ursina, затем маятник
25 | 21:00 | 5ч26%/ctx17%/7д11% | $4.4 | v6 шаг 5: нормировка Lx=4/Lv=2 в AtlasView + клавиша 0 (масштаб оси v), stub-проверка ok; дальше маятник
26 | 21:10 | 5ч27%/ctx17%/7д11% | $4.6 | v6 шаг 5 закоммичен (33c010c); начинаю маятник: общая клетка с численным потоком (RK4) для любого f(x,u), проверка против DI-клетки, растяжение у верхнего положения
27 | 21:20 | 5ч1%/ctx18%/7д11% | $4.8 | маятник: GCell закоммичен (27f043b, ρ у верха 1.24/1.94/5.17); 5ч-окно сбросилось (1%); дальше V по сетке (θ обернуть) и агент с клеткой цели наверху
28 | 21:30 | 5ч1%/ctx18%/7д12% | $4.9 | Bash снова работает; пишу V маятника по сетке (θ оборачивается) и агента с клеткой цели наверху
29 | 21:31 | 5ч2%/ctx19%/7д12% | $5.2 | маятник: V+агент 6/6 (8db9f9f); учёл pendulum_plan research (u=.5 первым — так и есть); пишу коридор >1 переключения: агент→сжатие коротких сегментов→SLSQP по dt_i до (π,0)
30 | 21:40 | 5ч3%/ctx19%/7д12% | $5.5 | маятник u=.5: коридор 2–3 сегм., SLSQP −0.2…4.1% к агенту (08361df); запускаю u=.3 (ожидаю 3 смены знака)
31 | 21:50 | 5ч4%/ctx20%/7д12% | $5.7 | маятник u=.3 (9823124): агент 14.0 с, коридор 10.85 (−22%); запускаю мелкую сетку V (252×241, τ=.25) как эталон для u=.3 и .5
32 | 22:00 | 5ч4%/ctx20%/7д12% | $5.9 | маятник: мелкая V-эталон (fdbb69f): V_груб>V_мелк>коридор на 2–6%; V завышена сверху; дальше цель внизу и клетка LQR наверху
33 | 22:10 | 5ч6%/ctx20%/7д12% | $6.1 | принят план research по дифдрайву (PLAN 0б, c51609e); делаю маятник с целью внизу: параметр goal_theta в PendAtlas
34 | 22:20 | 5ч6%/ctx21%/7д12% | $6.3 | маятник цель внизу готов (c4077bb, 4/4 при u=.5/.3); читаю diffdrive_v6_plan.md; ctx 21% — до 25% доделываю ромб-DD, затем handoff
35 | 22:30 | 5ч7%/ctx22%/7д12% | $6.6 | дифдрайв-клетка 3D готова (2dae233, L_q-инвариантность 4e-16); ctx 22%→ готовлю финиш смены (STATUS/PLAN/handoff), next=hub-worker-4
36 | 2026-09-29 22:30:41 | закончил смену: ctx 22%, next=hub-worker-4
37 | 2026-09-29 22:50:08 | смена закончена (handoff, next=hub-worker-4); worker-4 ждёт подтверждения классификатора в tmux (неверный cwd при старте, rm журнала) — нужен пользователь; я в резерве, ничего не запускаю
