2026-10-05 09:31:03 | заступил, принял смену от hub-v5chain-worker-18
2026-10-05 09:31:41 | старт завершён, берусь за PLAN п.14
1 | 09:40 | 2%/6%/19% | $0.3 | старт выполнен (коммит 266940a); читаю код п.14 (20 стартов g=2, атлас s4 → FORCEPLAN → refine); расчёт ещё не запущен
2 | 09:50 | 2%/6%/19% | $0.3 | с прошлого пульса работы не было (код не читал, поправка к пульсу 1); сейчас смотрю pipe.sh на aida и запускаю п.14
09:52 | запущен пилот п.14: 4 старта (grow 6000+FWD 3000 → lazy → trajdump → refine) на aida ~/spore_v5/w19; жду grow_*.out
1 | 10:00 | 3%/8%/19% | $0.7 | идёт пилот п.14: 4 старта на aida (grow→lazy→trajdump→refine), монитор ждёт первый rf; коммит 4fb86d5; дальше сравнить с эталоном K40 и запустить остальные 16
2 | 10:10 | 3%/8%/19% | $0.8 | пилот п.14: старт 4 дал 1 дугу T 0.06 (старт у цели), refine Infeasible; старты 1,2,3 ещё считаются (trajdump); монитор ждёт rf_1..3
3 | 10:20 | 4%/8%/19% | $0.9 | пилот п.14: ждём trajdump/refine стартов 1–3 на aida; результатов по ним ещё нет
10:20 | найден баг: refine.py зашил X0 → Infeasible на всех случайных стартах; починено (START env): старт1 4.80→4.353, старт3 7.33→6.900 (допустимо). Запущен эталон ocp_arcs K12/K20 для 1,3; ждём старт 2
1 | 10:30 | 4%/9%/19% | $1.0 | п.14: refine починен (START env), старты 1,3 после доводки 4.353 / 6.900; эталон ocp_arcs K12/K20 для 1,3 считается на aida; старт 2 в работе; дальше 16 остальных
10:33 | эталон мультистартом для стартов 1,3: 0/33 допустимых (K12,K20) → эталон = атлас+доводка; запущены старты 5–12 (mq.sh)
1 | 10:40 | 5%/10%/20% | $1.3 | п.14: старты 5–12 считаются на aida (mq.sh), 1 и 3 доведены (4.353, 6.900); эталон мультистартом 0/33 → эталон=лучшее известное; монитор ждёт rf
2 | 10:50 | 5%/10%/20% | $1.3 | п.14: без изменений, старты 5–12 и 2 считаются на aida; ждём rf
10:55 | п.14: доведено 7 стартов (5:7.619,7:4.78,8:.50,9:4.67,10:2.85,11:3.28,12:3.46)+1:4.353,3:6.900; запущены 13–20; 2 и 6 ещё считаются
1 | 11:00 | 5%/10%/20% | $1.4 | п.14: доведено 9 стартов допустимо (|w|≤3); старты 2,6 и 13–20 считаются на aida; монитор ждёт ≥19 rf; затем сводка в knowledge/research/butterfly_dp.md
2 | 11:10 | 5%/10%/20% | $1.4 | п.14: без изменений, ждём 2,6 и 13–20 на aida
11:15 | п.14 сделан: 20 стартов, агент 18/20, доводка −10% мед.; results.md, PLAN/knowledge обновлены
1 | 11:20 | 6%/11%/20% | $1.6 | п.14 сделан (коммит d2a6f6b): 20 стартов, агент 18/20, доводка −10% мед.; ждём старт 16 (на aida), старт 2 не связан; дальше п.13 (k путей)
2 | 11:30 | 6%/11%/20% | $1.6 | запущен повтор старта 2 (SEED 102, grow 9000 FWD 4500, mq2.sh) на aida; старт 16 ещё считается
3 | 11:40 | 6%/12%/20% | $1.7 | идёт повтор старта 2 (seed 102, 9000+4500) и старт 16 на aida; п.13 пока не начат
11:40 | п.14 итог 18/20 (2 и 16 не связаны); старт 2 с зерном 102 после grow связан V 11.39 — ждём lazy/refine; затем повтор 16 тем же способом
1 | 11:50 | 6%/12%/20% | $1.7 | п.14 итог 18/20; повторы 2 и 16 (seed 102) идут на aida (2 после grow связан V 11.39); п.13 следом
2 | 12:00 | 7%/12%/20% | $1.8 | старт 2 (seed 102) доведён 9.959→8.723 допустимо; повтор 16 идёт; затем сводка и п.13
12:01 | п.13а (research-12): drop.sh — dp_arc_drop INS=1 над rf_*.npz; запущены w18 s1,s3,s5,s6 (fp1) и мои старты 5,14,15,17 (6 раундов)
1 | 12:10 | 7%/13%/20% | $1.9 | п.13а: dp_arc_drop идёт на w18 s1,s3,s5,s6 и моих 5,14,15,17; повтор 16b считается
12:16 | п.13а выполнен: w18 s1/s3/s5/s6 → 8.1363 ×1.0655; старты 5:5.041 14:5.977 проверены; drop запущен на остальных 12 стартах
1 | 12:20 | 8%/13%/20% | $2.5 | п.13а готов (w18 → ×1.0655, коммит 585f8b2); drop идёт на остальных 12 стартах; повтор 16b считается
2 | 12:30 | 8%/14%/20% | $2.6 | п.13а: drop на остальных стартах идёт; ждём RESULT, затем сводка в results.md
12:40 | drop по большинству стартов: выигрыш только у 5 (7.619→5.041) и 14; 16b доведён 7.899; 20/20 дошли (2,16 со вторым зерном); results.md дополнен; drop на 19,2b,16b,8
3 | 12:40 | 0%/14%/21% | $2.7 | п.14: 20/20 дошли (2 и 16 со вторым зерном: 8.723, 7.899); п.13а: топологии дают выигрыш на 5 и 14, на остальных ≤1%; results.md дополнен; drop на 19,2b,16b,8 идёт
4 | 12:50 | 1%/14%/21% | $2.8 | drop на 19,2b,16b,8 идёт; затем встроить drop в mq.sh и п.13
5 | 13:00 | 2%/14%/21% | $2.9 | п.13а: топологии дают −13…−46% на стартах 5,14,16b,19 (проверено rk4), на остальных ≤1%; drop на старте 8 ещё идёт; дальше встроить drop в mq.sh и п.13
6 | 13:10 | 2%/14%/21% | $2.9 | drop встроен в mq.sh (после refine); старт 8 в поиске топологий ещё идёт; дальше п.13 (k путей)
7 | 13:20 | 2%/15%/21% | $3.0 | п.13 снят топологиями (4 пути w18 → один класс 8.1363); запущен второй прогон зерна 102 (с drop) на стартах 1,3,5–14 для оценки лучшего известного; 15,17–20 следом
8 | 13:30 | 3%/15%/21% | $3.0 | идёт второй прогон (зерно 102, с drop) на стартах 1,3,5–14 на aida; ждём grow/lazy
9 | 13:40 | 4%/15%/21% | $3.1 | второй прогон (зерно 102) идёт, ждём lazy/refine; без новых результатов
10 | 13:50 | 4%/15%/21% | $3.1 | зерно 102 с drop: готовы 1:5.035 5:5.93 6:4.038 7:5.18 9:5.20 10:2.851 11:3.874 12:3.456 13:3.674 (зёрна расходятся до ±20%, берём минимум); запущены 15,17–20
11 | 14:00 | 4%/15%/21% | $3.1 | ждём второй прогон (зерно 102): 15,17–20 на grow; 3,8,14 в доводке/топологиях; потом таблица min по зёрнам в results.md
12 | 14:10 | 4%/15%/21% | $3.1 | второй прогон идёт, без новых результатов; сводка min по зёрнам после RESULT всех
13 | 14:20 | 5%/16%/21% | $3.3 | сводка min по двум зёрнам в results.md: у стартов 3,15,19 второе зерно лучше на 20–40%; 6,10,13,18,20 зёрна совпали; не досчитаны 8 и 14(зерно 102)
14 | 14:30 | 6%/16%/21% | $3.4 | запущено третье зерно 203 (TAGS=c, с drop) на стартах с разбросом 1,3,5,7,9,11,14,15,17,19 — уточнить лучшее известное
15 | 14:40 | 6%/16%/21% | $3.4 | третье зерно 203 идёт на 10 стартах (grow/lazy); ждём
16 | 14:50 | 7%/16%/21% | $3.5 | третье зерно 203 идёт, жду RESULT; затем финальная сводка min по трём зёрнам
16b | 14:50 | проверил подозрение: c-результаты 5,7,9 совпали с прошлыми зёрнами — файлы свежие (14:46–49), это один и тот же локальный оптимум класса пути, не баг; ждём остальные c
1 | 15:00 | 7%/17%/21% | $3.6 | зерно 203 почти готово; считаю min по трём зёрнам
2 | 15:10 | 7%/17%/21% | $3.7 | п.13 дёшево: ход по рёбрам FORCEPLAN=0 → refine → drop на атласах зерна i для стартов 3,15,19 (проверка, даёт ли класс зерна 102); multipath.py для случайных стартов не годится (сдвигает старт)
3 | 15:20 | 8%/17%/21% | $3.7 | fp0-проверка на 3,15,19 идёт; ждём td/rf/drop
3b | 15:20 | fp0: 19→2.8755 (класс зерна 102 найден на том же атласе), 3→6.647, 15→5.387 (не нашли); п.13 открыто: k путей Йена; results.md/PLAN обновлены
15:26 | п.15 (research-13): прототип dp_g2_regrow EGAP=1 EQ=97 EM=0 EW=.15 запущен на несвязанных стартах 2 и 16 (атласы зерна i, lazy6), rg_2.out/rg_16.out на aida; потом порт в v7 и замер 20 стартов
1 | 15:30 | 10%/18%/22% | $3.9 | п.15: прототип regrow EGAP=1 на стартах 2 и 16 идёт на aida; ждём rg_*.out
2 | 15:40 | 11%/18%/22% | $4.0 | п.15 прототип на стартах 2,16 идёт; смотрим раунды
3 | 15:50 | 11%/19%/22% | $4.1 | п.15 regrow на 2 и 16: идёт, строк раундов ещё нет
4 | 16:00 | 12%/19%/22% | $4.2 | п.15 regrow: раунд 1 на 2 и 16 всё ещё считается (>35 мин); если не завершится — сократить NEW/атлас
5 | 16:10 | 12%/19%/22% | $4.3 | п.15: раунд 1 на lazy6-атласе (33k спор) не завершился за 45 мин → убил; перезапуск на атласах ДО lazy (9k спор, как у research) rg0_2/rg0_16
6 | 16:20 | 13%/19%/22% | $4.4 | п.15: regrow на атласах до lazy (9k спор) для стартов 2 и 16 идёт; смотрим раунды
6b | 16:20 | п.15 диагноз: старт 16 — прямое дерево всего 303 спор из 9.4k (fwd 303→313 за 2 раунда): это НЕ энергетический разрыв, а вырождение прямого роста (тупик у старта); старт 2 — fwd 4431→4748, bwd 6148→6306, полоса после раунда 1 пуста (энергии пересеклись), V всё ещё ∞; ~270 с/раунд
1 | 16:30 | 13%/19%/22% | $4.4 | п.15 regrow на 2 и 16 идёт (раунд ~270 с); 16 — прямое дерево вырождено (~310 спор), 2 — энергии пересеклись, но не связан
16:31 | инцидент: мой pkill -f dp_g2_regrow (16:10) убил прогоны research-13 на aida (r12/mq/r13); впредь гашу только свои процессы по PID; его перезапуски r13_grow.py не трогаю
1 | 16:40 | 14%/20%/22% | $4.6 | п.15 regrow на 2 и 16 идёт; чужие процессы не трогаю (инцидент pkill записан, память kill-only-own-pids)
2 | 16:50 | 21%/20%/23% | $4.6 | п.15 regrow на 2,16 идёт (раунд ~6); 5ч-лимит вырос 14→21% за 10 мин — не от моих вызовов (я только жду), вероятно общий аккаунт acc3 с другими звеньями
3 | 17:00 | 33%/20%/25% | $4.6 | 5ч-лимит acc3 растёт 72%/ч (14→33% за 20 мин) не от меня (ctx стоит, я жду); при 90% — WAIT_UNTIL; п.15 regrow идёт
4 | 17:10 | 37%/20%/25% | $4.6 | п.15 regrow на 2,16 идёт; лимит 5ч 37% (растёт не от меня); без новых запусков
5 | 17:20 | 41%/20%/26% | $4.6 | п.15 regrow на 2,16 идёт (раунд 8); лимит 5ч 41% (не от меня); решение по порту — после 12 раундов
6 | 17:30 | 43%/20%/26% | $4.6 | п.15 regrow на 2,16 идёт (раунд 9); лимит 5ч 43% (не от меня)
7 | 17:40 | 0%/21%/27% | $4.6 | 5ч-окно сбросилось (0%); п.15 regrow на 2,16 идёт (раунд ~10)
8 | 17:50 | 2%/21%/27% | $4.6 | п.15 regrow на 2,16 идёт (раунд ~10–11), без новых результатов
9 | 18:00 | 2%/21%/27% | $4.6 | п.15 regrow на 2,16 идёт (раунды 11–12), связи нет
10 | 18:10 | 4%/21%/27% | $4.6 | п.15 regrow на 2,16 дорабатывает (раунд 12)
11 | 18:20 | 7%/21%/28% | $4.7 | п.15: старт 2 СВЯЗАН EGAP-ростом на раунде 12 (+3600 спор, V 16.47, 50 дуг, T 16.47; база зерна 2 не связывалась и за +24000); запущен trajdump→refine→drop (rg_post.sh); старт 16 (прямое дерево 349) — другое: тупик у старта, не разрыв
12 | 18:30 | 10%/21%/28% | $4.7 | п.15: старт 2 (rg-атлас) идёт через trajdump→refine→drop; старт 16 regrow завершается
13 | 18:40 | 13%/22%/29% | $4.8 | п.15: старт 2 EGAP → refine+drop 6.850 (проверено rk4; было 8.723, −21%); 16 не связан (прямое дерево ~350 спор); results.md/PLAN обновлены, коммит
14 | 18:50 | 18%/22%/29% | $4.8 | старт 16: выясняю, что лечит вырожденный прямой рост — зерно или размер: d = зерно 16 с N9000/FWD4500, e = зерно 102 с N6000/FWD3000 (прошлый 16b: зерно 102 N9000/FWD4500 → связан)
15 | 19:00 | 21%/22%/29% | $4.8 | старт 16: прогоны d (зерно16, N9000/FWD4500) и e (зерно102, N6000/FWD3000) идут
16 | 19:10 | 25%/22%/30% | $4.8 | старт 16: d,e в lazy; без результатов
17 | 19:20 | 31%/22%/31% | $4.8 | старт 16: d,e в lazy; сообщение про /root/colab — не мне (фиксеру), не трогал
18 | 19:30 | 32%/23%/31% | $4.8 | старт 16 итог: не связан ни зерном 16 (N6000 и N9000/FWD4500), ни зерном 102 N6000, ни EGAP; связан только 102+N9000/FWD4500 — удача зерна; нужен рост из вырожденного старта (веер шире); записано в results.md
19 | 19:40 | 32%/23%/31% | $4.9 | запущен п.16 TRUNC=1 (+EGAP) на старте 16 (rg0t.sh, атлас-копия x16t, 8 раундов): проверка, лечит ли обрезка дуг вырожденный прямой рост
20 | 19:50 | 32%/23%/31% | $4.9 | п.16 TRUNC на старте 16 идёт; смотрю раунды
21 | 20:00 | 33%/23%/31% | $4.9 | п.16 TRUNC на старте 16 идёт, прямое дерево пока ~330
22 | 20:10 | 33%/23%/31% | $4.9 | п.16 TRUNC на старте 16: раунд ~4, прямое дерево растёт медленно
23 | 20:20 | 33%/23%/31% | $4.9 | п.16 TRUNC на старте 16: идёт, связи нет
24 | 20:30 | 33%/24%/31% | $5.0 | п.16 TRUNC на старте 16 идёт (раунд 6); ctx 24% — готовлю финиш/handoff после TRUNC
25 | 20:40 | 34%/24%/31% | $5.0 | п.16 TRUNC на старте 16: раунд ~6–7; затем финиш
26 | 20:50 | 34%/24%/31% | $5.0 | п.16 TRUNC на старте 16: раунд 7–8; прямое дерево ~375, связи нет
27 | 21:00 | 34%/24%/31% | $5.0 | п.16 TRUNC=1+EGAP на старте 16: 8 раундов, прямое дерево 378, НЕ связан; начинаю финиш/handoff (ctx 24%)
