2026-09-30 03:20:59 | IDX 1 | заступил, принял смену от hub-worker-4
1 | 03:30 | 15%/5%/13% | $0.2 | старт закончен, коммит 80d349c; берусь за PLAN 0в: починка solve_V в value.py
2 | 03:40 | 2%/9%/14% | $1 | solve_V починен (b18b419); H1 дерево цепочек adaptive_tree.py: DI N=60 V/T*=1.03 (сетка 2401: 1.30), маятник u=.3 N≈400 rho.08: 1.04 (сетка 1968: 1.19); нестабильно по rho; дальше — записать в v6_findings/adaptive_vs_grid, коммит
3 | 03:50 | 3%/9%/14% | $1.3 | H1 дерево закоммичено (0e6b584): DI N=60 1.03, маятник N≈400 1.04, нестабильно по rho; дальше — устойчивость по rho / общее обратное дерево
4 | 04:00 | 3%/9%/14% | $1.3 | без изменений с #3: H1 дерево закоммичено (0e6b584); дальше устойчивость по rho / общее обратное дерево
5 | 04:10 | ?/?/? | | H1 без T_max (предл. research №3) не заработало: Делоне по всему набору даёт ложную стыковку; записано в v6_findings; нужен №1 (ребро-стыковка в гало)
6 | 04:10 | 3%/10%/14% | $2 | H1 без T_max не заработало (9e302ec, записано); дальше — стыковка №1: ребро-переключение в гало обратного дерева
7 | 04:20 | 4%/10%/14% | $2 | без изменений: последний коммит 9e302ec; берусь за стыковку №1 (ребро-переключение в гало обратного дерева)
8 | 04:30 | 4%/11%/14% | $2.5 | стыковка по расстоянию (bidir_value) занижает V 0.46…0.89, записано (b772e06); дальше — точный стык (двухточечная) или Делоне в малых симплексах; вопрос research
9 | 04:40 | 5%/12%/14% | $3 | точная стыковка пересечением (research №4) cross_value реализована, идёт замер на маятнике (фон); при малых NB часто inf — нет пересечений
10 | 04:50 | 5%/12%/14% | $3 | cross_value закоммичен (06dc62b): где стык найден V/Vfine 0.85–1.08, покрытие 4–6/8; дальше — сводка research, затем общее обратное дерево для многих запросов + коридор
11 | 05:00 | 6%/12%/14% | $3.1 | без изменений: 06dc62b; следующая задача — векторизация проверки пересечений cross_value и общее обратное дерево
12 | 05:10 | 6%/13%/14% | $3.3 | cross_value: векторные пересечения + обратное дерево «мало переключений раньше» + ядро в норм. координатах (совет research); замер идёт в фоне (медленно, обратное дерево строится на каждый запрос — надо переиспользовать)
13 | 05:20 | 6%/13%/14% | $3.4 | cross_value с switch-first обратным деревом и норм. ядром: 8/8 запросов стык, N=400+400 V/Vfine mean .97 (max 1.10); замер rho .05 идёт; дальше — общее обратное дерево + запись в findings
14 | 05:30 | 6%/13%/14% | $3.5 | H1 маятник закрыт: cross_value, 200+200 спор V/Vfine .98 (сетка 7776: 1.04), коммит 6e0007e; дальше — общее обратное дерево для многих запросов, коридор
15 | 05:40 | 7%/14%/14% | $3.7 | без изменений: 6e0007e; продолжаю — общее обратное дерево для многих запросов
16 | 05:50 | 7%/14%/14% | $3.8 | делаю рефакторинг cross_value → общее обратное дерево (BackTree) + запросы
17 | 05:50 | 7%/14%/14% | $3.9 | общее обратное дерево (_back, кэш) готово, результаты те же; время ограничено прямой частью
18 | 06:00 | 7%/14%/14% | $4 | общее обратное дерево закоммичено (dd0d63d); следующее — траектория из cross_value (коридор) и её время против мелкой V на маятнике
19 | 06:10 | 7%/14%/14% | $4.1 | PLAN: 3D-стыковка после маятника записана (9df14ab); дальше траектория из cross_value → время против мелкой V
20 | 06:20 | 8%/14%/14% | $4.3 | cross_value отдаёт путь, play проигрывает: T==V, конечная на границе окна цели (8/8), 1 или 4 переключения; коммит выше; дальше — 3D-стыковка по docking_nd
21 | 06:30 | 8%/15%/14% | $4.4 | маятник закрыт (48182d2: путь стыка + play, T==V); читаю research/docking_nd.md для 3D-стыковки
22 | 06:45 | 8%/16%/14% | $4.6 | adaptive_nd.py (стык проигрышем, любая размерность): маятник 400+400 → 7/8, V/Vfine .84–1.02; учтён H2 research; дальше — дифдрайв 3D (окно R=.25, Rθ=.26, эталон min(TGT,TGTGT))
23 | 06:40 | 9%/17%/14% | $4.8 | adaptive_nd закоммичен (9586e90), маятник 7/8; берусь за дифдрайв 3D (ромб, окно R=.25 Rθ=.26)
24 | 06:55 | 9%/18%/14% | $5 | дифдрайв 3D стык проигрышем: 300+300 спор, 9/10 найдено, V/эталон(до точки) .76–1.13; закоммичено; дальше — честный эталон до окна и нашёл ли 10-й
25 | 06:50 | 10%/17%/14% | $5.1 | дифдрайв 3D стык проигрышем закоммичен (1a2081b): 9/10 при ~600 спор; дальше — честный эталон до окна, разбор не найденных
26 | 07:00 | 10%/17%/14% | $5.2 | считаю честный эталон до окна для дифдрайв-стыка
27 | 07:10 | 10%/18%/14% | $5.4 | dd 3D против ref_window: 300+300 спор, 9/10, V/ref .86–1.24 (mean ~1.07); закоммичено
28 | 07:10 | 11%/18%/14% | $5.5 | dd 3D против ref_window закоммичено (d737287): 9/10, mean ~1.07 при 300+300; дальше — разбор не найденного запроса, затем препятствия/манипулятор в адаптивном виде
29 | 07:20 | 11%/18%/14% | $5.6 | разбираю не найденный запрос dd 3D (глубина/ветви)
30 | 07:30 | 11%/19%/14% | $5.7 | dd 3D: 10/10 при 600+600 спор rho .08 (V/ref_window .98–1.24); дальше — препятствия dd в адаптивном виде или манипулятор 4D
31 | 07:30 | 11%/18%/14% | $5.8 | dd 3D 10/10 при 600+600 спор rho .08 (c73499c); дальше — препятствия dd в адаптиве или манипулятор 4D
32 | 07:40 | 11%/18%/14% | $5.9 | добавляю препятствия в adaptive_nd (blocked: рёбра дерева и проигрыш) для dd 3D
33 | 07:50 | 12%/19%/14% | $6 | препятствия в adaptive_nd для dd 3D: V растёт у 2/10, пути 10/10 свободны (проверено); дальше — манипулятор 4D
34 | 07:50 | 12%/19%/14% | $6.1 | препятствия в adaptive_nd закоммичены (cf1c7c2), dd 3D пути свободны 10/10; ctx 19% → близко к мягкому 25%, готовлюсь к финишу смены после манипулятора/сводки
35 | 08:00 | 12%/19%/14% | $6.2 | ctx 19% < мягкого 25% — смену не заканчиваю (рост ~2%/ч); беру манипулятор 2 звена 4D динамика (PLAN 0в б) в адаптивном nD
36 | 08:20 | 12%/20%/14% | $6.6 | кинематика n-звенника n=2,3,4 против точного T*: 100+100/300+300/1000+1000 спор → покрытие 10/10, 9-10/10, 8/10; V/T* 1.0–1.2; пересчитываю dd 3D с ref_window2 (фон)
37 | 08:10 | 13%/20%/15% | $6.7 | кинематика n-звенника n=2–4 закоммичена (33fe80b); dd 3D против ref_window2 считается (фон); ctx 20% — скоро финиш смены
38 | 08:20 | 13%/20%/15% | $6.8 | dd 3D против ref_window2: 10/10 при 600+600, V/ref 1.02–1.27 (mean 1.08, все ≥1); закоммичено
39 | 08:30 | 13%/20%/15% | $6.9 | dd 3D итог vs ref_window2 закоммичен (fdcf77c); ctx 20%; готовлю финиш смены (handoff: динамика манипулятора 4D, ускорение replay, Ursina)
40 | 08:40 | 0%/20%/15% | $7 | финиш смены (ctx 20%): handoff записан, поднимаю hub-worker-6
41 | 08:40 | 0%/20%/15% | $7 | закончил смену: ctx 20%, next=hub-worker-6
42 | 08:58 | 0%/20%/15% | $7 | смена закончена, hub-worker-6 принял (tmux hop-hub-worker-6); моя сессия помечена finished_, пульс снят — не молчание
