слой (1.0, 0.0) клеток 20 10 с
слой (1.0, 0.0) клеток 40 18 с
слой (1.0, 0.0) клеток 60 27 с
слой (1.0, 0.0) клеток 80 37 с
слой (1.0, 0.0) клеток 100 47 с
слой (1.0, 0.0) клеток 120 54 с
слой (1.0, 0.0) клеток 140 60 с
слой (1.0, 0.0) клеток 160 69 с
слой (1.0, 0.0) клеток 180 72 с
слой (1.0, 0.0) клеток 200 79 с
слой (1.0, 0.0) клеток 220 85 с
слой (1.0, 0.0) клеток 240 90 с
слой (1.0, 0.0) клеток 260 94 с
слой (1.0, 0.0) клеток 280 103 с
слой (1.0, 0.0) клеток 300 108 с
слой (1.0, 0.0) клеток 320 116 с
слой (1.0, 0.0) клеток 340 122 с
слой (1.0, 0.0) клеток 360 129 с
слой (1.0, 0.0) клеток 380 133 с
слой (1.0, 0.0) клеток 400 140 с
слой (1.0, 0.0) клеток 420 148 с
слой (1.0, 0.0) клеток 440 153 с
слой (1.0, 0.0) клеток 460 156 с
слой (1.0, 0.0) клеток 480 160 с
слой (1.0, 0.0) клеток 500 165 с
слой (1.0, 0.0) клеток 520 173 с
слой (1.0, 0.0) клеток 540 176 с
слой (1.0, 0.0) клеток 560 179 с
слой (1.0, 0.0) клеток 580 182 с
слой (1.0, 0.0) клеток 600 189 с
слой (1.0, 0.0) клеток 620 192 с
слой (1.0, 0.0) клеток 640 197 с
слой (1.0, 0.0) клеток 660 202 с
слой (1.0, 0.0) клеток 680 206 с
слой (1.0, 0.0) клеток 700 210 с
слой (1.0, 0.0) клеток 720 213 с
слой (1.0, 0.0) клеток 740 215 с
слой (1.0, 0.0) клеток 760 222 с
слой (1.0, 0.0) клеток 780 228 с
слой (1.0, 0.0) клеток 800 234 с
слой (1.0, 0.0) клеток 820 237 с
слой (1.0, 0.0) клеток 840 240 с
слой (1.0, 0.0) клеток 860 245 с
слой (1.0, 0.0) клеток 880 248 с
слой (1.0, 0.0) клеток 900 252 с
слой (1.0, 0.0) клеток 920 256 с
слой (1.0, 0.0) клеток 940 261 с
слой (1.0, 0.0) клеток 960 264 с
слой (1.0, 0.0) клеток 980 270 с
слой (1.0, 0.0) клеток 1000 274 с
слой (1.0, 0.0) клеток 1020 277 с
слой (1.0, 0.0) клеток 1040 280 с
слой (1.0, 0.0) клеток 1060 289 с
слой (1.0, 0.0) клеток 1080 295 с
слой (1.0, 0.0) клеток 1100 300 с
слой (1.0, 0.0) клеток 1120 303 с
слой (1.0, 0.0) клеток 1140 306 с
слой (1.0, 0.0) клеток 1160 311 с
слой (1.0, 0.0) клеток 1180 314 с
слой (1.0, 0.0) клеток 1200 318 с
слой (1.0, 0.0) клеток 1220 320 с
слой (1.0, 0.0) клеток 1240 323 с
слой (1.0, 0.0) клеток 1260 326 с
слой (1.0, 0.0) клеток 1280 329 с
слой (1.0, 0.0) клеток 1300 332 с
слой (1.0, 0.0) клеток 1320 335 с
слой (1.0, 0.0) клеток 1340 338 с
слой (1.0, 0.0) клеток 1360 341 с
слой (1.0, 0.0) клеток 1380 344 с
слой (1.0, 0.0) клеток 1400 347 с
слой (1.0, 0.0) клеток 1420 349 с
слой (1.0, 0.0) клеток 1440 352 с
слой (1.0, 0.0) клеток 1460 358 с
слой (1.0, 0.0) клеток 1480 361 с
слой (1.0, 0.0) клеток 1500 365 с
слой (1.0, 0.0) клеток 1520 367 с
слой (1.0, 0.0) клеток 1540 371 с
слой (1.0, 0.0) клеток 1560 375 с
слой (1.0, 0.0) клеток 1580 378 с
слой (1.0, 0.0) клеток 1600 380 с
слой (1.0, 0.0) клеток 1620 384 с
слой (1.0, 0.0) клеток 1640 387 с
слой (1.0, 0.0) клеток 1660 389 с
слой (1.0, 0.0) клеток 1680 393 с
слой (1.0, 0.0) клеток 1700 395 с
слой (1.0, 0.0) клеток 1720 399 с
слой (1.0, 0.0) клеток 1740 408 с
слой (1.0, 0.0) клеток 1760 412 с
слой (1.0, 0.0) клеток 1780 415 с
слой (1.0, 0.0) клеток 1800 419 с
слой (1.0, 0.0) клеток 1820 425 с
слой (1.0, 0.0) клеток 1840 428 с
слой (1.0, 0.0) клеток 1860 433 с
слой (1.0, 0.0) клеток 1880 436 с
слой (1.0, 0.0) клеток 1900 438 с
слой (1.0, 0.0) клеток 1920 441 с
слой (1.0, 0.0) клеток 1940 446 с
слой (1.0, 0.0) клеток 1960 450 с
слой (1.0, 0.0) клеток 1980 452 с
слой (1.0, 0.0) клеток 2000 455 с
слой (1.0, 0.0) клеток 2020 458 с
слой (1.0, 0.0) клеток 2040 462 с
слой (1.0, 0.0) клеток 2060 466 с
слой (1.0, 0.0) клеток 2080 469 с
слой (1.0, 0.0) клеток 2100 474 с
слой (1.0, 0.0) клеток 2120 477 с
слой (1.0, 0.0) клеток 2140 480 с
слой (1.0, 0.0) клеток 2160 483 с
слой (1.0, 0.0) клеток 2180 486 с
слой (1.0, 0.0) клеток 2200 490 с
слой (1.0, 0.0) клеток 2220 493 с
слой (1.0, 0.0) клеток 2240 496 с
слой (1.0, 0.0) клеток 2260 498 с
слой (1.0, 0.0) клеток 2280 501 с
слой (1.0, 0.0) клеток 2300 504 с
слой (1.0, 0.0) клеток 2320 509 с
слой (1.0, 0.0) клеток 2340 517 с
слой (1.0, 0.0) клеток 2360 525 с
слой (1.0, 0.0) клеток 2380 531 с
слой (1.0, 0.0) клеток 2400 535 с
слой (1.0, 0.0) клеток 2420 539 с
слой (1.0, 0.0) клеток 2440 543 с
слой (1.0, 0.0) клеток 2460 545 с
слой (1.0, 0.0) клеток 2480 548 с
слой (1.0, 0.0) клеток 2500 551 с
слой (1.0, 0.0) клеток 2520 556 с
слой (1.0, 0.0) клеток 2540 560 с
слой (1.0, 0.0) клеток 2560 563 с
слой (1.0, 0.0) клеток 2580 566 с
слой (1.0, 0.0) клеток 2600 569 с
слой (1.0, 0.0) клеток 2620 572 с
слой (1.0, 0.0) клеток 2640 575 с
слой (1.0, 0.0) клеток 2660 578 с
слой (1.0, 0.0) клеток 2680 581 с
слой (1.0, 0.0) клеток 2700 584 с
слой (1.0, 0.0) клеток 2720 587 с
слой (1.0, 0.0) клеток 2740 589 с
слой (1.0, 0.0) клеток 2760 592 с
слой (1.0, 0.0) клеток 2780 595 с
слой (1.0, 0.0) клеток 2800 598 с
слой (1.0, 0.0) клеток 2820 601 с
слой (1.0, 0.0) клеток 2840 604 с
слой (1.0, 0.0) клеток 2860 607 с
слой (1.0, 0.0) клеток 2880 610 с
слой (1.0, 0.0) клеток 2900 612 с
слой (1.0, 0.0) клеток 2920 615 с
слой (1.0, 0.0) клеток 2940 617 с
слой (1.0, 0.0) клеток 2960 620 с
слой (1.0, 0.0) клеток 2980 624 с
слой (1.0, 0.0) клеток 3000 627 с
слой (1.0, 0.0) клеток 3020 632 с
слой (1.0, 0.0) клеток 3040 635 с
слой (1.0, 0.0) клеток 3060 638 с
слой (1.0, 0.0) клеток 3080 641 с
слой (1.0, 0.0) клеток 3100 644 с
слой (1.0, 0.0) клеток 3120 647 с
слой (1.0, 0.0) клеток 3140 651 с
слой (1.0, 0.0) клеток 3160 654 с
слой (1.0, 0.0) клеток 3180 656 с
слой (1.0, 0.0) клеток 3200 660 с
слой (1.0, 0.0) клеток 3220 663 с
слой (1.0, 0.0) клеток 3240 666 с
слой (1.0, 0.0) клеток 3260 670 с
слой (1.0, 0.0) клеток 3280 672 с
слой (1.0, 0.0) клеток 3300 675 с
слой (1.0, 0.0) клеток 3320 679 с
слой (1.0, 0.0) клеток 3340 682 с
слой (1.0, 0.0) клеток 3360 685 с
слой (1.0, 0.0) клеток 3380 688 с
слой (1.0, 0.0) клеток 3400 694 с
слой (1.0, 0.0) клеток 3420 698 с
слой (1.0, 0.0) клеток 3440 702 с
слой (1.0, 0.0) клеток 3460 705 с
слой (1.0, 0.0) клеток 3480 708 с
слой (1.0, 0.0) клеток 3500 712 с
слой (1.0, 0.0) клеток 3520 715 с
слой (1.0, 0.0) клеток 3540 718 с
слой (1.0, 0.0) клеток 3560 722 с
слой (1.0, 0.0) клеток 3580 724 с
слой (1.0, 0.0) клеток 3600 727 с
слой (1.0, 0.0) клеток 3620 730 с
слой (1.0, 0.0) клеток 3640 733 с
слой (1.0, 0.0) клеток 3660 736 с
слой (1.0, 0.0) клеток 3680 739 с
слой (1.0, 0.0) клеток 3700 742 с
слой (1.0, 0.0) клеток 3720 745 с
слой (1.0, 0.0) клеток 3740 748 с
слой (1.0, 0.0) клеток 3760 752 с
слой (1.0, 0.0) клеток 3780 755 с
слой (1.0, 0.0) клеток 3800 758 с
слой (1.0, 0.0) клеток 3820 761 с
слой (1.0, 0.0) клеток 3840 764 с
слой (1.0, 0.0) клеток 3860 767 с
слой (1.0, 0.0) клеток 3880 770 с
слой (1.0, 0.0) клеток 3900 775 с
слой (1.0, 0.0) клеток 3920 778 с
слой (1.0, 0.0) клеток 3940 783 с
слой (1.0, 0.0) клеток 3960 786 с
слой (1.0, 0.0) клеток 3980 790 с
слой (1.0, 0.0) клеток 4000 793 с
слой (1.0, 0.0) клеток 4020 797 с
слой (1.0, 0.0) клеток 4040 800 с
слой (1.0, 0.0) клеток 4060 803 с
